******************************************************************************
                  TI ARM Linker PC v20.2.7                     
******************************************************************************
>> Linked Sun Apr 28 23:16:53 2024

OUTPUT FILE NAME:   <Final Race.out>
ENTRY POINT SYMBOL: "_c_int00_noargs"  address: 00002e2d


MEMORY CONFIGURATION

         name            origin    length      used     unused   attr    fill
----------------------  --------  ---------  --------  --------  ----  --------
  MAIN                  00000000   00040000  000030d6  0003cf2a  R  X
  INFO                  00200000   00004000  00000000  00004000  R  X
  SRAM_CODE             01000000   00010000  00000a8a  0000f576  RW X
  SRAM_DATA             20000000   00010000  00000a8a  0000f576  RW  


SEGMENT ALLOCATION MAP

run origin  load origin   length   init length attrs members
----------  ----------- ---------- ----------- ----- -------
00000000    00000000    000030d8   000030d8    r-x
  00000000    00000000    000000e4   000000e4    r-- .intvecs
  000000e4    000000e4    00002f3a   00002f3a    r-x .text
  00003020    00003020    000000b8   000000b8    r-- .cinit
20000000    20000000    0000088c   00000000    rw-
  20000000    20000000    00000400   00000000    rw- .sysmem
  20000400    20000400    00000246   00000000    rw- .bss
  20000648    20000648    00000244   00000000    rw- .data
2000fe00    2000fe00    00000200   00000000    rw-
  2000fe00    2000fe00    00000200   00000000    rw- .stack


SECTION ALLOCATION MAP

 output                                  attributes/
section   page    origin      length       input sections
--------  ----  ----------  ----------   ----------------
.intvecs   0    00000000    000000e4     
                  00000000    000000e4     startup_msp432p401r_ccs.obj (.intvecs:retain)

.text      0    000000e4    00002f3a     
                  000000e4    000006d0     UART0.obj (.text)
                  000007b4    0000051c     opt3101.obj (.text)
                  00000cd0    000003a4     I2CB1.obj (.text)
                  00001074    0000034c     main.obj (.text)
                  000013c0    00000334     system_msp432p401r.obj (.text)
                  000016f4    000001e0     Clock.obj (.text)
                  000018d4    000001d4     TA3InputCapture.obj (.text)
                  00001aa8    000001b0     Motor.obj (.text)
                  00001c58    00000174     Reflectance.obj (.text)
                  00001dcc    00000120     Bump.obj (.text)
                  00001eec    00000110     rtsv7M4_T_le_v4SPD16_eabi.lib : fopen.c.obj (.text:_openfile)
                  00001ffc    00000100                                   : memory.c.obj (.text:aligned_alloc)
                  000020fc    000000e4                                   : memory.c.obj (.text:free)
                  000021e0    000000dc                                   : setvbuf.c.obj (.text:setvbuf)
                  000022bc    000000bc                                   : open.c.obj (.text:open)
                  00002378    000000b8                                   : add_device.c.obj (.text:add_device)
                  00002430    000000ac     PWM.obj (.text)
                  000024dc    000000ac     TimerA0.obj (.text)
                  00002588    000000a8     TimerA1.obj (.text)
                  00002630    0000009c     rtsv7M4_T_le_v4SPD16_eabi.lib : fopen.c.obj (.text:fopen)
                  000026cc    0000009c                                   : memcpy_t2.asm.obj (.text)
                  00002768    0000007a                                   : memset_t2.asm.obj (.text)
                  000027e2    00000002                                   : _lock.c.obj (.text:_nop)
                  000027e4    00000074                                   : fclose.c.obj (.text:__TI_closefile)
                  00002858    00000070                                   : memory.c.obj (.text:split)
                  000028c8    0000006c                                   : hostrename.c.obj (.text:HOSTrename)
                  00002934    00000068                                   : hostlseek.c.obj (.text:HOSTlseek)
                  0000299c    00000068                                   : copy_decompress_lzss.c.obj (.text:decompress:lzss:__TI_decompress_lzss)
                  00002a04    00000060                                   : hostopen.c.obj (.text:HOSTopen)
                  00002a64    0000005c                                   : close.c.obj (.text:close)
                  00002ac0    00000058                                   : hostread.c.obj (.text:HOSTread)
                  00002b18    00000058                                   : hostwrite.c.obj (.text:HOSTwrite)
                  00002b70    0000004c                                   : fflush.c.obj (.text:__TI_doflush)
                  00002bbc    00000048                                   : exit.c.obj (.text:exit)
                  00002c04    00000044                                   : hostclose.c.obj (.text:HOSTclose)
                  00002c48    00000044                                   : hostunlink.c.obj (.text:HOSTunlink)
                  00002c8c    00000044                                   : autoinit.c.obj (.text:__TI_auto_init_nobinit_nopinit:__TI_auto_init_nobinit_nopinit)
                  00002cd0    00000044                                   : getdevice.c.obj (.text:getdevice)
                  00002d14    00000040     SysTickInts.obj (.text)
                  00002d54    00000038     rtsv7M4_T_le_v4SPD16_eabi.lib : trgmsg.c.obj (.text:__TI_writemsg)
                  00002d8c    00000036                                   : strncpy.c.obj (.text:strncpy)
                  00002dc2    00000002     --HOLE-- [fill = 0]
                  00002dc4    00000034                                   : fopen.c.obj (.text:__TI_cleanup)
                  00002df8    00000034                                   : trgmsg.c.obj (.text:__TI_readmsg)
                  00002e2c    00000034                                   : boot_cortex_m.c.obj (.text:_c_int00_noargs:_c_int00_noargs)
                  00002e60    00000034                                   : fopen.c.obj (.text:freopen)
                  00002e94    00000030                                   : getdevice.c.obj (.text:finddevice)
                  00002ec4    0000002c                                   : unlink.c.obj (.text:unlink)
                  00002ef0    00000028                                   : memory.c.obj (.text:free_list_insert)
                  00002f18    00000028                                   : write.c.obj (.text:write)
                  00002f40    00000024     CortexM.obj (.text)
                  00002f64    0000001c     rtsv7M4_T_le_v4SPD16_eabi.lib : copy_zero_init.c.obj (.text:decompress:ZI:__TI_zero_init_nomemset:__TI_zero_init_nomemset)
                  00002f80    0000001c                                   : memory.c.obj (.text:free_list_remove)
                  00002f9c    00000018                                   : strcmp.c.obj (.text:strcmp)
                  00002fb4    00000016                                   : strchr.c.obj (.text:strchr)
                  00002fca    00000014                                   : strcpy.c.obj (.text:strcpy)
                  00002fde    00000014                                   : strlen.c.obj (.text:strlen)
                  00002ff2    0000000e                                   : copy_decompress_none.c.obj (.text:decompress:none:__TI_decompress_none)
                  00003000    0000000e     startup_msp432p401r_ccs.obj (.text)
                  0000300e    00000008     rtsv7M4_T_le_v4SPD16_eabi.lib : memory.c.obj (.text:malloc)
                  00003016    00000004                                   : pre_init.c.obj (.text:_system_pre_init)
                  0000301a    00000004                                   : exit.c.obj (.text:abort:abort)

.cinit     0    00003020    000000b8     
                  00003020    00000092     (.cinit..data.load) [load image, compression = lzss]
                  000030b2    00000002     --HOLE-- [fill = 0]
                  000030b4    0000000c     (__TI_handler_table)
                  000030c0    00000008     (.cinit..bss.load) [load image, compression = zero_init]
                  000030c8    00000010     (__TI_cinit_table)

.init_array 
*          0    00000000    00000000     UNINITIALIZED

.binit     0    00000000    00000000     

.sysmem    0    20000000    00000400     UNINITIALIZED
                  20000000    00000010     rtsv7M4_T_le_v4SPD16_eabi.lib : memory.c.obj (.sysmem)
                  20000010    000003f0     --HOLE--

.bss       0    20000400    00000246     UNINITIALIZED
                  20000400    00000120     rtsv7M4_T_le_v4SPD16_eabi.lib : trgmsg.c.obj (.bss:_CIOBUF_)
                  20000520    000000a0     (.common:__TI_tmpnams)
                  200005c0    0000000c     (.common:Amplitudes)
                  200005cc    0000000c     (.common:ChannelCount)
                  200005d8    0000000c     (.common:Distances)
                  200005e4    00000008     opt3101.obj (.bss)
                  200005ec    00000008     (.common:Messageb)
                  200005f4    00000008     (.common:parmbuf)
                  200005fc    00000004     (.common:ErrorL)
                  20000600    00000004     (.common:ErrorR)
                  20000604    00000004     (.common:ISRLast)
                  20000608    00000004     (.common:ISRPeriod)
                  2000060c    00000004     (.common:ISRTime)
                  20000610    00000004     (.common:Messageindexb)
                  20000614    00000004     (.common:PTxChan)
                  20000618    00000004     (.common:Pamplitudes)
                  2000061c    00000004     (.common:Pdistances)
                  20000620    00000004     (.common:StartTime)
                  20000624    00000004     (.common:TempDL)
                  20000628    00000004     (.common:TempDR)
                  2000062c    00000004     (.common:TimeToConvert)
                  20000630    00000004     (.common:TimerA0Task)
                  20000634    00000004     (.common:TimerA1Task)
                  20000638    00000004     (.common:TxChannel)
                  2000063c    00000004     (.common:UL)
                  20000640    00000004     (.common:UR)
                  20000644    00000001     (.common:bumpSensorResult)
                  20000645    00000001     (.common:input)

.data      0    20000648    00000244     UNINITIALIZED
                  20000648    000000f0     rtsv7M4_T_le_v4SPD16_eabi.lib : defs.c.obj (.data:_ftable)
                  20000738    00000078                                   : host_device.c.obj (.data:_device)
                  200007b0    00000050                                   : host_device.c.obj (.data:_stream)
                  20000800    00000029     main.obj (.data)
                  20000829    00000003     --HOLE--
                  2000082c    00000018     Clock.obj (.data)
                  20000844    00000010     rtsv7M4_T_le_v4SPD16_eabi.lib : defs.c.obj (.data)
                  20000854    0000000c                                   : exit.c.obj (.data:$O1$$)
                  20000860    0000000c     TA3InputCapture.obj (.data)
                  2000086c    00000008     rtsv7M4_T_le_v4SPD16_eabi.lib : _lock.c.obj (.data:$O1$$)
                  20000874    00000008                                   : memory.c.obj (.data:$O1$$)
                  2000087c    00000004                                   : add_device.c.obj (.data)
                  20000880    00000004                                   : fopen.c.obj (.data)
                  20000884    00000004                                   : open.c.obj (.data)
                  20000888    00000004     system_msp432p401r.obj (.data)

.stack     0    2000fe00    00000200     UNINITIALIZED
                  2000fe00    00000004     rtsv7M4_T_le_v4SPD16_eabi.lib : boot_cortex_m.c.obj (.stack)
                  2000fe04    000001fc     --HOLE--

__llvm_prf_cnts 
*          0    20000000    00000000     UNINITIALIZED

MODULE SUMMARY

       Module                        code    ro data   rw data
       ------                        ----    -------   -------
    .\
       UART0.obj                     1744    0         24     
       opt3101.obj                   1308    0         88     
       main.obj                      844     0         204    
       I2CB1.obj                     932     0         0      
       system_msp432p401r.obj        820     0         8      
       Clock.obj                     480     0         48     
       TA3InputCapture.obj           468     0         24     
       Motor.obj                     432     0         0      
       Reflectance.obj               372     0         0      
       Bump.obj                      288     0         2      
       startup_msp432p401r_ccs.obj   14      228       0      
       TimerA0.obj                   172     0         8      
       TimerA1.obj                   168     0         8      
       PWM.obj                       172     0         0      
       SysTickInts.obj               64      0         0      
       CortexM.obj                   36      0         0      
    +--+-----------------------------+-------+---------+---------+
       Total:                        8314    228       414    
                                                              
    C:\ti\ccs1260\ccs\tools\compiler\ti-cgt-arm_20.2.7.LTS\lib\rtsv7M4_T_le_v4SPD16_eabi.lib
       defs.c.obj                    0       0         832    
       memory.c.obj                  672     0         16     
       trgmsg.c.obj                  108     0         576    
       fopen.c.obj                   532     0         8      
       host_device.c.obj             0       0         400    
       setvbuf.c.obj                 220     0         0      
       open.c.obj                    188     0         8      
       add_device.c.obj              184     0         8      
       memcpy_t2.asm.obj             156     0         0      
       memset_t2.asm.obj             122     0         0      
       fclose.c.obj                  116     0         0      
       getdevice.c.obj               116     0         0      
       hostopen.c.obj                96      0         16     
       hostrename.c.obj              108     0         0      
       copy_decompress_lzss.c.obj    104     0         0      
       hostlseek.c.obj               104     0         0      
       exit.c.obj                    76      0         24     
       close.c.obj                   92      0         0      
       hostread.c.obj                88      0         0      
       hostwrite.c.obj               88      0         0      
       fflush.c.obj                  76      0         0      
       autoinit.c.obj                68      0         0      
       hostclose.c.obj               68      0         0      
       hostunlink.c.obj              68      0         0      
       strncpy.c.obj                 54      0         0      
       boot_cortex_m.c.obj           52      0         0      
       unlink.c.obj                  44      0         0      
       write.c.obj                   40      0         0      
       copy_zero_init.c.obj          28      0         0      
       strcmp.c.obj                  24      0         0      
       strchr.c.obj                  22      0         0      
       strcpy.c.obj                  20      0         0      
       strlen.c.obj                  20      0         0      
       _lock.c.obj                   2       0         16     
       copy_decompress_none.c.obj    14      0         0      
       pre_init.c.obj                4       0         0      
    +--+-----------------------------+-------+---------+---------+
       Total:                        3774    0         1904   
                                                              
       Heap:                         0       0         2048   
       Stack:                        0       0         1024   
       Linker Generated:             0       182       0      
    +--+-----------------------------+-------+---------+---------+
       Grand Total:                  12088   410       5390   


LINKER GENERATED COPY TABLES

__TI_cinit_table @ 000030c8 records: 2, size/record: 8, table size: 16
	.data: load addr=00003020, load size=00000092 bytes, run addr=20000648, run size=00000244 bytes, compression=lzss
	.bss: load addr=000030c0, load size=00000008 bytes, run addr=20000400, run size=00000246 bytes, compression=zero_init


LINKER GENERATED HANDLER TABLE

__TI_handler_table @ 000030b4 records: 3, size/record: 4, table size: 12
	index: 0, handler: __TI_decompress_lzss
	index: 1, handler: __TI_decompress_none
	index: 2, handler: __TI_zero_init


GLOBAL SYMBOLS: SORTED ALPHABETICALLY BY Name 

address   name                              
-------   ----                              
0000300d  ADC14_IRQHandler                  
0000300d  AES256_IRQHandler                 
200005c0  Amplitudes                        
00001dcd  Bump_Init                         
00001e41  Bump_Read                         
0000300d  BusFault_Handler                  
0000301b  C$$EXIT                           
00002d83  C$$IO$$                           
0000300d  COMP_E0_IRQHandler                
0000300d  COMP_E1_IRQHandler                
20000834  CPMwait                           
0000300d  CS_IRQHandler                     
20000860  CaptureTask0                      
20000864  CaptureTask1                      
20000868  CaptureTask2                      
200005cc  ChannelCount                      
2000082c  ClockFrequency                    
00001849  Clock_Delay1ms                    
0000181f  Clock_Delay1us                    
0000180b  Clock_GetFreq                     
000016f5  Clock_Init48MHz                   
20000840  Crystalstable                     
0000300d  DMA_ERR_IRQHandler                
0000300d  DMA_INT0_IRQHandler               
0000300d  DMA_INT1_IRQHandler               
0000300d  DMA_INT2_IRQHandler               
0000300d  DMA_INT3_IRQHandler               
0000300d  DebugMon_Handler                  
0000300d  Default_Handler                   
2000081c  DesiredL                          
20000818  DesiredR                          
00002f41  DisableInterrupts                 
200005d8  Distances                         
0000300d  EUSCIA0_IRQHandler                
0000300d  EUSCIA1_IRQHandler                
0000300d  EUSCIA2_IRQHandler                
0000300d  EUSCIA3_IRQHandler                
0000300d  EUSCIB0_IRQHandler                
0000300d  EUSCIB1_IRQHandler                
0000300d  EUSCIB2_IRQHandler                
0000300d  EUSCIB3_IRQHandler                
00002f47  EnableInterrupts                  
00002f57  EndCritical                       
200005fc  ErrorL                            
20000600  ErrorR                            
0000300d  FLCTL_IRQHandler                  
0000300d  FPU_IRQHandler                    
00002c05  HOSTclose                         
00002935  HOSTlseek                         
00002a05  HOSTopen                          
00002ac1  HOSTread                          
000028c9  HOSTrename                        
00002c49  HOSTunlink                        
00002b19  HOSTwrite                         
0000300d  HardFault_Handler                 
00000cd1  I2CB1_Init                        
00000d97  I2CB1_Recv                        
00000feb  I2CB1_Recv1                       
00000d1f  I2CB1_Send                        
00000e13  I2CB1_Send1                       
00000e6f  I2CB1_Send2                       
00000edf  I2CB1_Send3                       
00000f5d  I2CB1_Send4                       
2000083c  IFlags                            
20000604  ISRLast                           
20000608  ISRPeriod                         
2000060c  ISRTime                           
20000814  Kd                                
2000080c  Ki                                
20000810  Kp                                
20000804  MainCount                         
0000300d  MemManage_Handler                 
200005ec  Messageb                          
20000610  Messageindexb                     
00001bf1  Motor_Backward                    
00001b45  Motor_Forward                     
00001aa9  Motor_Init                        
00001bb1  Motor_Left                        
00001b71  Motor_Right                       
00001b19  Motor_Stop                        
0000300d  NMI_Handler                       
00001d41  Num_Of_On_Sensors                 
00000be7  OPT3101_ArmInterrupts             
000009a7  OPT3101_CalibrateInternalCrosstalk
00000b4d  OPT3101_CheckDistanceSensor       
00000b19  OPT3101_GetAmplitude              
00000b37  OPT3101_GetDistanceMillimeters    
00000b65  OPT3101_GetMeasurement            
00000b2d  OPT3101_GetPhase                  
00000b0f  OPT3101_GetTxChannel              
0000081f  OPT3101_Init                      
00000aef  OPT3101_MeasurementError          
00000ad7  OPT3101_ReadMeasurement           
000007b5  OPT3101_ReadRegister              
0000087d  OPT3101_Setup                     
00000a89  OPT3101_StartMeasurement          
00000a97  OPT3101_StartMeasurementChannel   
000007e5  OPT3101_WriteRegister             
0000300d  PCM_IRQHandler                    
0000300d  PORT1_IRQHandler                  
0000300d  PORT2_IRQHandler                  
0000300d  PORT3_IRQHandler                  
00001e45  PORT4_IRQHandler                  
00001e45  PORT4_IRQHandler                  
0000300d  PORT5_IRQHandler                  
00000c3d  PORT6_IRQHandler                  
00000c3d  PORT6_IRQHandler                  
0000300d  PSS_IRQHandler                    
20000614  PTxChan                           
00002493  PWM_Duty                          
00002431  PWM_Init                          
20000618  Pamplitudes                       
2000061c  Pdistances                        
0000300d  PendSV_Handler                    
20000838  Postwait                          
20000830  Prewait                           
0000300d  RTC_C_IRQHandler                  
00001d17  Reflectance_End                   
00001c59  Reflectance_Init                  
00001cd3  Reflectance_Start                 
00003001  Reset_Handler                     
20000824  RightDuty                         
0000300d  SVC_Handler                       
00002f4d  StartCritical                     
20000620  StartTime                         
000010cd  SysTick_Handler                   
000010cd  SysTick_Handler                   
00002d15  SysTick_Init                      
20000888  SystemCoreClock                   
000013c1  SystemCoreClockUpdate             
00001639  SystemInit                        
0000300d  T32_INT1_IRQHandler               
0000300d  T32_INT2_IRQHandler               
0000300d  T32_INTC_IRQHandler               
00002557  TA0_0_IRQHandler                  
00002557  TA0_0_IRQHandler                  
0000300d  TA0_N_IRQHandler                  
000025fb  TA1_0_IRQHandler                  
000025fb  TA1_0_IRQHandler                  
0000300d  TA1_N_IRQHandler                  
0000300d  TA2_0_IRQHandler                  
0000300d  TA2_N_IRQHandler                  
00001961  TA3_0_IRQHandler                  
00001961  TA3_0_IRQHandler                  
0000197b  TA3_N_IRQHandler                  
0000197b  TA3_N_IRQHandler                  
20000624  TempDL                            
20000628  TempDR                            
20000820  TempD_Error                       
2000062c  TimeToConvert                     
20000630  TimerA0Task                       
000024dd  TimerA0_Init                      
00002541  TimerA0_Stop                      
20000634  TimerA1Task                       
00002589  TimerA1_Init                      
000025e7  TimerA1_Stop                      
000018e1  TimerA3Capture_Init01             
000019bb  TimerA3Capture_Init02             
20000638  TxChannel                         
0000012d  UART0_InChar                      
000005d5  UART0_InString                    
00000177  UART0_InUDec                      
00000489  UART0_InUHex                      
000000e5  UART0_Init                        
00000727  UART0_Initprintf                  
0000013d  UART0_OutChar                     
0000022b  UART0_OutSDec                     
00000159  UART0_OutString                   
000001fb  UART0_OutUDec                     
0000039d  UART0_OutUDec4                    
000003e5  UART0_OutUDec5                    
00000417  UART0_OutUFix1                    
0000043f  UART0_OutUFix2                    
0000054d  UART0_OutUHex                     
000005b9  UART0_OutUHex2                    
2000063c  UL                                
20000640  UR                                
000010a7  UartClear                         
00001075  UartSetCur                        
0000300d  UsageFault_Handler                
4000480c  WDTCTL_SYM                        
0000300d  WDT_A_IRQHandler                  
00002f5f  WaitForInterrupt                  
20000400  __CIOBUF_                         
20010000  __STACK_END                       
00000200  __STACK_SIZE                      
00000400  __SYSMEM_SIZE                     
000030c8  __TI_CINIT_Base                   
000030d8  __TI_CINIT_Limit                  
000030b4  __TI_Handler_Table_Base           
000030c0  __TI_Handler_Table_Limit          
00002c8d  __TI_auto_init_nobinit_nopinit    
00002dc5  __TI_cleanup                      
20000854  __TI_cleanup_ptr                  
000027e5  __TI_closefile                    
0000299d  __TI_decompress_lzss              
00002ff3  __TI_decompress_none              
00002b71  __TI_doflush                      
20000858  __TI_dtors_ptr                    
2000085c  __TI_enable_exit_profile_output   
20000844  __TI_ft_end                       
ffffffff  __TI_pprof_out_hndl               
ffffffff  __TI_prof_data_size               
ffffffff  __TI_prof_data_start              
00002df9  __TI_readmsg                      
00000000  __TI_static_base__                
20000520  __TI_tmpnams                      
00002d55  __TI_writemsg                     
00002f65  __TI_zero_init_nomemset           
00002769  __aeabi_memclr                    
00002769  __aeabi_memclr4                   
00002769  __aeabi_memclr8                   
000026cd  __aeabi_memcpy                    
000026cd  __aeabi_memcpy4                   
000026cd  __aeabi_memcpy8                   
0000276b  __aeabi_memset                    
0000276b  __aeabi_memset4                   
0000276b  __aeabi_memset8                   
20000850  __aeabi_stderr                    
20000848  __aeabi_stdin                     
2000084c  __aeabi_stdout                    
ffffffff  __binit__                         
ffffffff  __c_args__                        
UNDEFED   __mpu_init                        
2000fe00  __stack                           
20000000  __start___llvm_prf_cnts           
20000000  __stop___llvm_prf_cnts            
00002e2d  _c_int00_noargs                   
20000738  _device                           
20000648  _ftable                           
2000086c  _lock                             
000027e3  _nop                              
200007b0  _stream                           
20000000  _sys_memory                       
UNDEFED   _system_post_cinit                
00003017  _system_pre_init                  
20000870  _unlock                           
0000301b  abort                             
00002379  add_device                        
00001ffd  aligned_alloc                     
ffffffff  binit                             
20000644  bumpSensorResult                  
20000800  channel                           
00002a65  close                             
00001811  delay                             
00002bbd  exit                              
0000065b  ferror                            
00000641  fgetc                             
00002e95  finddevice                        
00002631  fopen                             
000020fd  free                              
00002e61  freopen                           
00002cd1  getdevice                         
20000808  goal_distance                     
20000645  input                             
00000000  interruptVectors                  
00001289  main                              
0000300f  malloc                            
00001ffd  memalign                          
000026cd  memcpy                            
00002771  memset                            
000022bd  open                              
00000591  outnibble                         
200005f4  parmbuf                           
000010b1  pollDistanceSensor                
00002ec5  remove                            
20000828  semaphore                         
000021e1  setvbuf                           
00002fb5  strchr                            
00002f9d  strcmp                            
00002fcb  strcpy                            
00002fdf  strlen                            
00002d8d  strncpy                           
000018d5  ta3dummy                          
0000067f  uart_close                        
000006fd  uart_lseek                        
0000066f  uart_open                         
0000068b  uart_read                         
00000719  uart_rename                       
0000070d  uart_unlink                       
000006bb  uart_write                        
00002ec5  unlink                            
00002f19  write                             


GLOBAL SYMBOLS: SORTED BY Symbol Address 

address   name                              
-------   ----                              
00000000  __TI_static_base__                
00000000  interruptVectors                  
000000e5  UART0_Init                        
0000012d  UART0_InChar                      
0000013d  UART0_OutChar                     
00000159  UART0_OutString                   
00000177  UART0_InUDec                      
000001fb  UART0_OutUDec                     
00000200  __STACK_SIZE                      
0000022b  UART0_OutSDec                     
0000039d  UART0_OutUDec4                    
000003e5  UART0_OutUDec5                    
00000400  __SYSMEM_SIZE                     
00000417  UART0_OutUFix1                    
0000043f  UART0_OutUFix2                    
00000489  UART0_InUHex                      
0000054d  UART0_OutUHex                     
00000591  outnibble                         
000005b9  UART0_OutUHex2                    
000005d5  UART0_InString                    
00000641  fgetc                             
0000065b  ferror                            
0000066f  uart_open                         
0000067f  uart_close                        
0000068b  uart_read                         
000006bb  uart_write                        
000006fd  uart_lseek                        
0000070d  uart_unlink                       
00000719  uart_rename                       
00000727  UART0_Initprintf                  
000007b5  OPT3101_ReadRegister              
000007e5  OPT3101_WriteRegister             
0000081f  OPT3101_Init                      
0000087d  OPT3101_Setup                     
000009a7  OPT3101_CalibrateInternalCrosstalk
00000a89  OPT3101_StartMeasurement          
00000a97  OPT3101_StartMeasurementChannel   
00000ad7  OPT3101_ReadMeasurement           
00000aef  OPT3101_MeasurementError          
00000b0f  OPT3101_GetTxChannel              
00000b19  OPT3101_GetAmplitude              
00000b2d  OPT3101_GetPhase                  
00000b37  OPT3101_GetDistanceMillimeters    
00000b4d  OPT3101_CheckDistanceSensor       
00000b65  OPT3101_GetMeasurement            
00000be7  OPT3101_ArmInterrupts             
00000c3d  PORT6_IRQHandler                  
00000c3d  PORT6_IRQHandler                  
00000cd1  I2CB1_Init                        
00000d1f  I2CB1_Send                        
00000d97  I2CB1_Recv                        
00000e13  I2CB1_Send1                       
00000e6f  I2CB1_Send2                       
00000edf  I2CB1_Send3                       
00000f5d  I2CB1_Send4                       
00000feb  I2CB1_Recv1                       
00001075  UartSetCur                        
000010a7  UartClear                         
000010b1  pollDistanceSensor                
000010cd  SysTick_Handler                   
000010cd  SysTick_Handler                   
00001289  main                              
000013c1  SystemCoreClockUpdate             
00001639  SystemInit                        
000016f5  Clock_Init48MHz                   
0000180b  Clock_GetFreq                     
00001811  delay                             
0000181f  Clock_Delay1us                    
00001849  Clock_Delay1ms                    
000018d5  ta3dummy                          
000018e1  TimerA3Capture_Init01             
00001961  TA3_0_IRQHandler                  
00001961  TA3_0_IRQHandler                  
0000197b  TA3_N_IRQHandler                  
0000197b  TA3_N_IRQHandler                  
000019bb  TimerA3Capture_Init02             
00001aa9  Motor_Init                        
00001b19  Motor_Stop                        
00001b45  Motor_Forward                     
00001b71  Motor_Right                       
00001bb1  Motor_Left                        
00001bf1  Motor_Backward                    
00001c59  Reflectance_Init                  
00001cd3  Reflectance_Start                 
00001d17  Reflectance_End                   
00001d41  Num_Of_On_Sensors                 
00001dcd  Bump_Init                         
00001e41  Bump_Read                         
00001e45  PORT4_IRQHandler                  
00001e45  PORT4_IRQHandler                  
00001ffd  aligned_alloc                     
00001ffd  memalign                          
000020fd  free                              
000021e1  setvbuf                           
000022bd  open                              
00002379  add_device                        
00002431  PWM_Init                          
00002493  PWM_Duty                          
000024dd  TimerA0_Init                      
00002541  TimerA0_Stop                      
00002557  TA0_0_IRQHandler                  
00002557  TA0_0_IRQHandler                  
00002589  TimerA1_Init                      
000025e7  TimerA1_Stop                      
000025fb  TA1_0_IRQHandler                  
000025fb  TA1_0_IRQHandler                  
00002631  fopen                             
000026cd  __aeabi_memcpy                    
000026cd  __aeabi_memcpy4                   
000026cd  __aeabi_memcpy8                   
000026cd  memcpy                            
00002769  __aeabi_memclr                    
00002769  __aeabi_memclr4                   
00002769  __aeabi_memclr8                   
0000276b  __aeabi_memset                    
0000276b  __aeabi_memset4                   
0000276b  __aeabi_memset8                   
00002771  memset                            
000027e3  _nop                              
000027e5  __TI_closefile                    
000028c9  HOSTrename                        
00002935  HOSTlseek                         
0000299d  __TI_decompress_lzss              
00002a05  HOSTopen                          
00002a65  close                             
00002ac1  HOSTread                          
00002b19  HOSTwrite                         
00002b71  __TI_doflush                      
00002bbd  exit                              
00002c05  HOSTclose                         
00002c49  HOSTunlink                        
00002c8d  __TI_auto_init_nobinit_nopinit    
00002cd1  getdevice                         
00002d15  SysTick_Init                      
00002d55  __TI_writemsg                     
00002d83  C$$IO$$                           
00002d8d  strncpy                           
00002dc5  __TI_cleanup                      
00002df9  __TI_readmsg                      
00002e2d  _c_int00_noargs                   
00002e61  freopen                           
00002e95  finddevice                        
00002ec5  remove                            
00002ec5  unlink                            
00002f19  write                             
00002f41  DisableInterrupts                 
00002f47  EnableInterrupts                  
00002f4d  StartCritical                     
00002f57  EndCritical                       
00002f5f  WaitForInterrupt                  
00002f65  __TI_zero_init_nomemset           
00002f9d  strcmp                            
00002fb5  strchr                            
00002fcb  strcpy                            
00002fdf  strlen                            
00002ff3  __TI_decompress_none              
00003001  Reset_Handler                     
0000300d  ADC14_IRQHandler                  
0000300d  AES256_IRQHandler                 
0000300d  BusFault_Handler                  
0000300d  COMP_E0_IRQHandler                
0000300d  COMP_E1_IRQHandler                
0000300d  CS_IRQHandler                     
0000300d  DMA_ERR_IRQHandler                
0000300d  DMA_INT0_IRQHandler               
0000300d  DMA_INT1_IRQHandler               
0000300d  DMA_INT2_IRQHandler               
0000300d  DMA_INT3_IRQHandler               
0000300d  DebugMon_Handler                  
0000300d  Default_Handler                   
0000300d  EUSCIA0_IRQHandler                
0000300d  EUSCIA1_IRQHandler                
0000300d  EUSCIA2_IRQHandler                
0000300d  EUSCIA3_IRQHandler                
0000300d  EUSCIB0_IRQHandler                
0000300d  EUSCIB1_IRQHandler                
0000300d  EUSCIB2_IRQHandler                
0000300d  EUSCIB3_IRQHandler                
0000300d  FLCTL_IRQHandler                  
0000300d  FPU_IRQHandler                    
0000300d  HardFault_Handler                 
0000300d  MemManage_Handler                 
0000300d  NMI_Handler                       
0000300d  PCM_IRQHandler                    
0000300d  PORT1_IRQHandler                  
0000300d  PORT2_IRQHandler                  
0000300d  PORT3_IRQHandler                  
0000300d  PORT5_IRQHandler                  
0000300d  PSS_IRQHandler                    
0000300d  PendSV_Handler                    
0000300d  RTC_C_IRQHandler                  
0000300d  SVC_Handler                       
0000300d  T32_INT1_IRQHandler               
0000300d  T32_INT2_IRQHandler               
0000300d  T32_INTC_IRQHandler               
0000300d  TA0_N_IRQHandler                  
0000300d  TA1_N_IRQHandler                  
0000300d  TA2_0_IRQHandler                  
0000300d  TA2_N_IRQHandler                  
0000300d  UsageFault_Handler                
0000300d  WDT_A_IRQHandler                  
0000300f  malloc                            
00003017  _system_pre_init                  
0000301b  C$$EXIT                           
0000301b  abort                             
000030b4  __TI_Handler_Table_Base           
000030c0  __TI_Handler_Table_Limit          
000030c8  __TI_CINIT_Base                   
000030d8  __TI_CINIT_Limit                  
20000000  __start___llvm_prf_cnts           
20000000  __stop___llvm_prf_cnts            
20000000  _sys_memory                       
20000400  __CIOBUF_                         
20000520  __TI_tmpnams                      
200005c0  Amplitudes                        
200005cc  ChannelCount                      
200005d8  Distances                         
200005ec  Messageb                          
200005f4  parmbuf                           
200005fc  ErrorL                            
20000600  ErrorR                            
20000604  ISRLast                           
20000608  ISRPeriod                         
2000060c  ISRTime                           
20000610  Messageindexb                     
20000614  PTxChan                           
20000618  Pamplitudes                       
2000061c  Pdistances                        
20000620  StartTime                         
20000624  TempDL                            
20000628  TempDR                            
2000062c  TimeToConvert                     
20000630  TimerA0Task                       
20000634  TimerA1Task                       
20000638  TxChannel                         
2000063c  UL                                
20000640  UR                                
20000644  bumpSensorResult                  
20000645  input                             
20000648  _ftable                           
20000738  _device                           
200007b0  _stream                           
20000800  channel                           
20000804  MainCount                         
20000808  goal_distance                     
2000080c  Ki                                
20000810  Kp                                
20000814  Kd                                
20000818  DesiredR                          
2000081c  DesiredL                          
20000820  TempD_Error                       
20000824  RightDuty                         
20000828  semaphore                         
2000082c  ClockFrequency                    
20000830  Prewait                           
20000834  CPMwait                           
20000838  Postwait                          
2000083c  IFlags                            
20000840  Crystalstable                     
20000844  __TI_ft_end                       
20000848  __aeabi_stdin                     
2000084c  __aeabi_stdout                    
20000850  __aeabi_stderr                    
20000854  __TI_cleanup_ptr                  
20000858  __TI_dtors_ptr                    
2000085c  __TI_enable_exit_profile_output   
20000860  CaptureTask0                      
20000864  CaptureTask1                      
20000868  CaptureTask2                      
2000086c  _lock                             
20000870  _unlock                           
20000888  SystemCoreClock                   
2000fe00  __stack                           
20010000  __STACK_END                       
4000480c  WDTCTL_SYM                        
ffffffff  __TI_pprof_out_hndl               
ffffffff  __TI_prof_data_size               
ffffffff  __TI_prof_data_start              
ffffffff  __binit__                         
ffffffff  __c_args__                        
ffffffff  binit                             
UNDEFED   __mpu_init                        
UNDEFED   _system_post_cinit                

[283 symbols]
