<?xml version="1.0" encoding="ISO-8859-1" ?>
<link_info>
   <banner>TI ARM Linker PC v20.2.7.LTS</banner>
   <copyright>Copyright (c) 1996-2018 Texas Instruments Incorporated</copyright>
   <link_time>0x6627e58c</link_time>
   <link_errors>0x0</link_errors>
   <output_file>Final Race.out</output_file>
   <entry_point>
      <name>_c_int00_noargs</name>
      <address>0x2f89</address>
   </entry_point>
   <input_file_list>
      <input_file id="fl-2">
         <path>.\</path>
         <kind>object</kind>
         <file>Bump.obj</file>
         <name>Bump.obj</name>
      </input_file>
      <input_file id="fl-3">
         <path>.\</path>
         <kind>object</kind>
         <file>Clock.obj</file>
         <name>Clock.obj</name>
      </input_file>
      <input_file id="fl-4">
         <path>.\</path>
         <kind>object</kind>
         <file>CortexM.obj</file>
         <name>CortexM.obj</name>
      </input_file>
      <input_file id="fl-5">
         <path>.\</path>
         <kind>object</kind>
         <file>I2CB1.obj</file>
         <name>I2CB1.obj</name>
      </input_file>
      <input_file id="fl-6">
         <path>.\</path>
         <kind>object</kind>
         <file>Motor.obj</file>
         <name>Motor.obj</name>
      </input_file>
      <input_file id="fl-7">
         <path>.\</path>
         <kind>object</kind>
         <file>PWM.obj</file>
         <name>PWM.obj</name>
      </input_file>
      <input_file id="fl-8">
         <path>.\</path>
         <kind>object</kind>
         <file>Reflectance.obj</file>
         <name>Reflectance.obj</name>
      </input_file>
      <input_file id="fl-9">
         <path>.\</path>
         <kind>object</kind>
         <file>SysTickInts.obj</file>
         <name>SysTickInts.obj</name>
      </input_file>
      <input_file id="fl-a">
         <path>.\</path>
         <kind>object</kind>
         <file>TA3InputCapture.obj</file>
         <name>TA3InputCapture.obj</name>
      </input_file>
      <input_file id="fl-b">
         <path>.\</path>
         <kind>object</kind>
         <file>Tachometer.obj</file>
         <name>Tachometer.obj</name>
      </input_file>
      <input_file id="fl-c">
         <path>.\</path>
         <kind>object</kind>
         <file>TimerA0.obj</file>
         <name>TimerA0.obj</name>
      </input_file>
      <input_file id="fl-d">
         <path>.\</path>
         <kind>object</kind>
         <file>UART0.obj</file>
         <name>UART0.obj</name>
      </input_file>
      <input_file id="fl-e">
         <path>.\</path>
         <kind>object</kind>
         <file>main.obj</file>
         <name>main.obj</name>
      </input_file>
      <input_file id="fl-f">
         <path>.\</path>
         <kind>object</kind>
         <file>opt3101.obj</file>
         <name>opt3101.obj</name>
      </input_file>
      <input_file id="fl-10">
         <path>.\</path>
         <kind>object</kind>
         <file>startup_msp432p401r_ccs.obj</file>
         <name>startup_msp432p401r_ccs.obj</name>
      </input_file>
      <input_file id="fl-11">
         <path>.\</path>
         <kind>object</kind>
         <file>system_msp432p401r.obj</file>
         <name>system_msp432p401r.obj</name>
      </input_file>
      <input_file id="fl-15">
         <kind>object</kind>
         <file>&lt;internal&gt;</file>
         <name>&lt;internal&gt;</name>
      </input_file>
      <input_file id="fl-cb">
         <path>C:\ti\ccs1260\ccs\tools\compiler\ti-cgt-arm_20.2.7.LTS\lib\</path>
         <kind>archive</kind>
         <file>rtsv7M4_T_le_v4SPD16_eabi.lib</file>
         <name>fopen.c.obj</name>
      </input_file>
      <input_file id="fl-cc">
         <path>C:\ti\ccs1260\ccs\tools\compiler\ti-cgt-arm_20.2.7.LTS\lib\</path>
         <kind>archive</kind>
         <file>rtsv7M4_T_le_v4SPD16_eabi.lib</file>
         <name>setvbuf.c.obj</name>
      </input_file>
      <input_file id="fl-cd">
         <path>C:\ti\ccs1260\ccs\tools\compiler\ti-cgt-arm_20.2.7.LTS\lib\</path>
         <kind>archive</kind>
         <file>rtsv7M4_T_le_v4SPD16_eabi.lib</file>
         <name>memset_t2.asm.obj</name>
      </input_file>
      <input_file id="fl-ce">
         <path>C:\ti\ccs1260\ccs\tools\compiler\ti-cgt-arm_20.2.7.LTS\lib\</path>
         <kind>archive</kind>
         <file>rtsv7M4_T_le_v4SPD16_eabi.lib</file>
         <name>copy_zero_init.c.obj</name>
      </input_file>
      <input_file id="fl-cf">
         <path>C:\ti\ccs1260\ccs\tools\compiler\ti-cgt-arm_20.2.7.LTS\lib\</path>
         <kind>archive</kind>
         <file>rtsv7M4_T_le_v4SPD16_eabi.lib</file>
         <name>copy_decompress_none.c.obj</name>
      </input_file>
      <input_file id="fl-d0">
         <path>C:\ti\ccs1260\ccs\tools\compiler\ti-cgt-arm_20.2.7.LTS\lib\</path>
         <kind>archive</kind>
         <file>rtsv7M4_T_le_v4SPD16_eabi.lib</file>
         <name>copy_decompress_lzss.c.obj</name>
      </input_file>
      <input_file id="fl-d1">
         <path>C:\ti\ccs1260\ccs\tools\compiler\ti-cgt-arm_20.2.7.LTS\lib\</path>
         <kind>archive</kind>
         <file>rtsv7M4_T_le_v4SPD16_eabi.lib</file>
         <name>exit.c.obj</name>
      </input_file>
      <input_file id="fl-d2">
         <path>C:\ti\ccs1260\ccs\tools\compiler\ti-cgt-arm_20.2.7.LTS\lib\</path>
         <kind>archive</kind>
         <file>rtsv7M4_T_le_v4SPD16_eabi.lib</file>
         <name>_lock.c.obj</name>
      </input_file>
      <input_file id="fl-d3">
         <path>C:\ti\ccs1260\ccs\tools\compiler\ti-cgt-arm_20.2.7.LTS\lib\</path>
         <kind>archive</kind>
         <file>rtsv7M4_T_le_v4SPD16_eabi.lib</file>
         <name>defs.c.obj</name>
      </input_file>
      <input_file id="fl-d4">
         <path>C:\ti\ccs1260\ccs\tools\compiler\ti-cgt-arm_20.2.7.LTS\lib\</path>
         <kind>archive</kind>
         <file>rtsv7M4_T_le_v4SPD16_eabi.lib</file>
         <name>memory.c.obj</name>
      </input_file>
      <input_file id="fl-d5">
         <path>C:\ti\ccs1260\ccs\tools\compiler\ti-cgt-arm_20.2.7.LTS\lib\</path>
         <kind>archive</kind>
         <file>rtsv7M4_T_le_v4SPD16_eabi.lib</file>
         <name>boot_cortex_m.c.obj</name>
      </input_file>
      <input_file id="fl-d6">
         <path>C:\ti\ccs1260\ccs\tools\compiler\ti-cgt-arm_20.2.7.LTS\lib\</path>
         <kind>archive</kind>
         <file>rtsv7M4_T_le_v4SPD16_eabi.lib</file>
         <name>open.c.obj</name>
      </input_file>
      <input_file id="fl-d7">
         <path>C:\ti\ccs1260\ccs\tools\compiler\ti-cgt-arm_20.2.7.LTS\lib\</path>
         <kind>archive</kind>
         <file>rtsv7M4_T_le_v4SPD16_eabi.lib</file>
         <name>add_device.c.obj</name>
      </input_file>
      <input_file id="fl-d8">
         <path>C:\ti\ccs1260\ccs\tools\compiler\ti-cgt-arm_20.2.7.LTS\lib\</path>
         <kind>archive</kind>
         <file>rtsv7M4_T_le_v4SPD16_eabi.lib</file>
         <name>fclose.c.obj</name>
      </input_file>
      <input_file id="fl-d9">
         <path>C:\ti\ccs1260\ccs\tools\compiler\ti-cgt-arm_20.2.7.LTS\lib\</path>
         <kind>archive</kind>
         <file>rtsv7M4_T_le_v4SPD16_eabi.lib</file>
         <name>fflush.c.obj</name>
      </input_file>
      <input_file id="fl-da">
         <path>C:\ti\ccs1260\ccs\tools\compiler\ti-cgt-arm_20.2.7.LTS\lib\</path>
         <kind>archive</kind>
         <file>rtsv7M4_T_le_v4SPD16_eabi.lib</file>
         <name>getdevice.c.obj</name>
      </input_file>
      <input_file id="fl-db">
         <path>C:\ti\ccs1260\ccs\tools\compiler\ti-cgt-arm_20.2.7.LTS\lib\</path>
         <kind>archive</kind>
         <file>rtsv7M4_T_le_v4SPD16_eabi.lib</file>
         <name>memcpy_t2.asm.obj</name>
      </input_file>
      <input_file id="fl-dc">
         <path>C:\ti\ccs1260\ccs\tools\compiler\ti-cgt-arm_20.2.7.LTS\lib\</path>
         <kind>archive</kind>
         <file>rtsv7M4_T_le_v4SPD16_eabi.lib</file>
         <name>autoinit.c.obj</name>
      </input_file>
      <input_file id="fl-dd">
         <path>C:\ti\ccs1260\ccs\tools\compiler\ti-cgt-arm_20.2.7.LTS\lib\</path>
         <kind>archive</kind>
         <file>rtsv7M4_T_le_v4SPD16_eabi.lib</file>
         <name>pre_init.c.obj</name>
      </input_file>
      <input_file id="fl-de">
         <path>C:\ti\ccs1260\ccs\tools\compiler\ti-cgt-arm_20.2.7.LTS\lib\</path>
         <kind>archive</kind>
         <file>rtsv7M4_T_le_v4SPD16_eabi.lib</file>
         <name>cpy_tbl.c.obj</name>
      </input_file>
      <input_file id="fl-df">
         <path>C:\ti\ccs1260\ccs\tools\compiler\ti-cgt-arm_20.2.7.LTS\lib\</path>
         <kind>archive</kind>
         <file>rtsv7M4_T_le_v4SPD16_eabi.lib</file>
         <name>args_main.c.obj</name>
      </input_file>
      <input_file id="fl-e0">
         <path>C:\ti\ccs1260\ccs\tools\compiler\ti-cgt-arm_20.2.7.LTS\lib\</path>
         <kind>archive</kind>
         <file>rtsv7M4_T_le_v4SPD16_eabi.lib</file>
         <name>strchr.c.obj</name>
      </input_file>
      <input_file id="fl-e1">
         <path>C:\ti\ccs1260\ccs\tools\compiler\ti-cgt-arm_20.2.7.LTS\lib\</path>
         <kind>archive</kind>
         <file>rtsv7M4_T_le_v4SPD16_eabi.lib</file>
         <name>strcmp.c.obj</name>
      </input_file>
      <input_file id="fl-e2">
         <path>C:\ti\ccs1260\ccs\tools\compiler\ti-cgt-arm_20.2.7.LTS\lib\</path>
         <kind>archive</kind>
         <file>rtsv7M4_T_le_v4SPD16_eabi.lib</file>
         <name>strncpy.c.obj</name>
      </input_file>
      <input_file id="fl-e3">
         <path>C:\ti\ccs1260\ccs\tools\compiler\ti-cgt-arm_20.2.7.LTS\lib\</path>
         <kind>archive</kind>
         <file>rtsv7M4_T_le_v4SPD16_eabi.lib</file>
         <name>write.c.obj</name>
      </input_file>
      <input_file id="fl-e4">
         <path>C:\ti\ccs1260\ccs\tools\compiler\ti-cgt-arm_20.2.7.LTS\lib\</path>
         <kind>archive</kind>
         <file>rtsv7M4_T_le_v4SPD16_eabi.lib</file>
         <name>host_device.c.obj</name>
      </input_file>
      <input_file id="fl-e5">
         <path>C:\ti\ccs1260\ccs\tools\compiler\ti-cgt-arm_20.2.7.LTS\lib\</path>
         <kind>archive</kind>
         <file>rtsv7M4_T_le_v4SPD16_eabi.lib</file>
         <name>remove.c.obj</name>
      </input_file>
      <input_file id="fl-e6">
         <path>C:\ti\ccs1260\ccs\tools\compiler\ti-cgt-arm_20.2.7.LTS\lib\</path>
         <kind>archive</kind>
         <file>rtsv7M4_T_le_v4SPD16_eabi.lib</file>
         <name>close.c.obj</name>
      </input_file>
      <input_file id="fl-e7">
         <path>C:\ti\ccs1260\ccs\tools\compiler\ti-cgt-arm_20.2.7.LTS\lib\</path>
         <kind>archive</kind>
         <file>rtsv7M4_T_le_v4SPD16_eabi.lib</file>
         <name>unlink.c.obj</name>
      </input_file>
      <input_file id="fl-e8">
         <path>C:\ti\ccs1260\ccs\tools\compiler\ti-cgt-arm_20.2.7.LTS\lib\</path>
         <kind>archive</kind>
         <file>rtsv7M4_T_le_v4SPD16_eabi.lib</file>
         <name>hostclose.c.obj</name>
      </input_file>
      <input_file id="fl-e9">
         <path>C:\ti\ccs1260\ccs\tools\compiler\ti-cgt-arm_20.2.7.LTS\lib\</path>
         <kind>archive</kind>
         <file>rtsv7M4_T_le_v4SPD16_eabi.lib</file>
         <name>hostlseek.c.obj</name>
      </input_file>
      <input_file id="fl-ea">
         <path>C:\ti\ccs1260\ccs\tools\compiler\ti-cgt-arm_20.2.7.LTS\lib\</path>
         <kind>archive</kind>
         <file>rtsv7M4_T_le_v4SPD16_eabi.lib</file>
         <name>hostopen.c.obj</name>
      </input_file>
      <input_file id="fl-eb">
         <path>C:\ti\ccs1260\ccs\tools\compiler\ti-cgt-arm_20.2.7.LTS\lib\</path>
         <kind>archive</kind>
         <file>rtsv7M4_T_le_v4SPD16_eabi.lib</file>
         <name>hostread.c.obj</name>
      </input_file>
      <input_file id="fl-ec">
         <path>C:\ti\ccs1260\ccs\tools\compiler\ti-cgt-arm_20.2.7.LTS\lib\</path>
         <kind>archive</kind>
         <file>rtsv7M4_T_le_v4SPD16_eabi.lib</file>
         <name>hostrename.c.obj</name>
      </input_file>
      <input_file id="fl-ed">
         <path>C:\ti\ccs1260\ccs\tools\compiler\ti-cgt-arm_20.2.7.LTS\lib\</path>
         <kind>archive</kind>
         <file>rtsv7M4_T_le_v4SPD16_eabi.lib</file>
         <name>hostunlink.c.obj</name>
      </input_file>
      <input_file id="fl-ee">
         <path>C:\ti\ccs1260\ccs\tools\compiler\ti-cgt-arm_20.2.7.LTS\lib\</path>
         <kind>archive</kind>
         <file>rtsv7M4_T_le_v4SPD16_eabi.lib</file>
         <name>hostwrite.c.obj</name>
      </input_file>
      <input_file id="fl-ef">
         <path>C:\ti\ccs1260\ccs\tools\compiler\ti-cgt-arm_20.2.7.LTS\lib\</path>
         <kind>archive</kind>
         <file>rtsv7M4_T_le_v4SPD16_eabi.lib</file>
         <name>trgmsg.c.obj</name>
      </input_file>
      <input_file id="fl-f0">
         <path>C:\ti\ccs1260\ccs\tools\compiler\ti-cgt-arm_20.2.7.LTS\lib\</path>
         <kind>archive</kind>
         <file>rtsv7M4_T_le_v4SPD16_eabi.lib</file>
         <name>strcpy.c.obj</name>
      </input_file>
      <input_file id="fl-f1">
         <path>C:\ti\ccs1260\ccs\tools\compiler\ti-cgt-arm_20.2.7.LTS\lib\</path>
         <kind>archive</kind>
         <file>rtsv7M4_T_le_v4SPD16_eabi.lib</file>
         <name>strlen.c.obj</name>
      </input_file>
   </input_file_list>
   <object_component_list>
      <object_component id="oc-26">
         <name>.intvecs:retain</name>
         <load_address>0x0</load_address>
         <run_address>0x0</run_address>
         <size>0xe4</size>
         <input_file_ref idref="fl-10"/>
      </object_component>
      <object_component id="oc-cb">
         <name>.text</name>
         <load_address>0xe4</load_address>
         <run_address>0xe4</run_address>
         <size>0x6d0</size>
         <input_file_ref idref="fl-d"/>
      </object_component>
      <object_component id="oc-88">
         <name>.text</name>
         <load_address>0x7b4</load_address>
         <run_address>0x7b4</run_address>
         <size>0x51c</size>
         <input_file_ref idref="fl-f"/>
      </object_component>
      <object_component id="oc-e3">
         <name>.text</name>
         <load_address>0xcd0</load_address>
         <run_address>0xcd0</run_address>
         <size>0x3a4</size>
         <input_file_ref idref="fl-5"/>
      </object_component>
      <object_component id="oc-c4">
         <name>.text</name>
         <load_address>0x1074</load_address>
         <run_address>0x1074</run_address>
         <size>0x334</size>
         <input_file_ref idref="fl-11"/>
      </object_component>
      <object_component id="oc-70">
         <name>.text</name>
         <load_address>0x13a8</load_address>
         <run_address>0x13a8</run_address>
         <size>0x308</size>
         <input_file_ref idref="fl-e"/>
      </object_component>
      <object_component id="oc-d1">
         <name>.text</name>
         <load_address>0x16b0</load_address>
         <run_address>0x16b0</run_address>
         <size>0x270</size>
         <input_file_ref idref="fl-8"/>
      </object_component>
      <object_component id="oc-dd">
         <name>.text</name>
         <load_address>0x1920</load_address>
         <run_address>0x1920</run_address>
         <size>0x1e0</size>
         <input_file_ref idref="fl-3"/>
      </object_component>
      <object_component id="oc-7c">
         <name>.text</name>
         <load_address>0x1b00</load_address>
         <run_address>0x1b00</run_address>
         <size>0x1d4</size>
         <input_file_ref idref="fl-a"/>
      </object_component>
      <object_component id="oc-d7">
         <name>.text</name>
         <load_address>0x1cd4</load_address>
         <run_address>0x1cd4</run_address>
         <size>0x1b0</size>
         <input_file_ref idref="fl-6"/>
      </object_component>
      <object_component id="oc-e9">
         <name>.text</name>
         <load_address>0x1e84</load_address>
         <run_address>0x1e84</run_address>
         <size>0x13c</size>
         <input_file_ref idref="fl-b"/>
      </object_component>
      <object_component id="oc-82">
         <name>.text</name>
         <load_address>0x1fc0</load_address>
         <run_address>0x1fc0</run_address>
         <size>0x130</size>
         <input_file_ref idref="fl-2"/>
      </object_component>
      <object_component id="oc-22e">
         <name>.text:_openfile</name>
         <load_address>0x20f0</load_address>
         <run_address>0x20f0</run_address>
         <size>0x110</size>
         <input_file_ref idref="fl-cb"/>
      </object_component>
      <object_component id="oc-302">
         <name>.text:aligned_alloc</name>
         <load_address>0x2200</load_address>
         <run_address>0x2200</run_address>
         <size>0x100</size>
         <input_file_ref idref="fl-d4"/>
      </object_component>
      <object_component id="oc-241">
         <name>.text:free</name>
         <load_address>0x2300</load_address>
         <run_address>0x2300</run_address>
         <size>0xe4</size>
         <input_file_ref idref="fl-d4"/>
      </object_component>
      <object_component id="oc-1b0">
         <name>.text:setvbuf</name>
         <load_address>0x23e4</load_address>
         <run_address>0x23e4</run_address>
         <size>0xdc</size>
         <input_file_ref idref="fl-cc"/>
      </object_component>
      <object_component id="oc-2d0">
         <name>.text:open</name>
         <load_address>0x24c0</load_address>
         <run_address>0x24c0</run_address>
         <size>0xbc</size>
         <input_file_ref idref="fl-d6"/>
      </object_component>
      <object_component id="oc-19e">
         <name>.text:add_device</name>
         <load_address>0x257c</load_address>
         <run_address>0x257c</run_address>
         <size>0xb8</size>
         <input_file_ref idref="fl-d7"/>
      </object_component>
      <object_component id="oc-1c0">
         <name>.text</name>
         <load_address>0x2634</load_address>
         <run_address>0x2634</run_address>
         <size>0xac</size>
         <input_file_ref idref="fl-7"/>
      </object_component>
      <object_component id="oc-76">
         <name>.text</name>
         <load_address>0x26e0</load_address>
         <run_address>0x26e0</run_address>
         <size>0xac</size>
         <input_file_ref idref="fl-c"/>
      </object_component>
      <object_component id="oc-1a4">
         <name>.text:fopen</name>
         <load_address>0x278c</load_address>
         <run_address>0x278c</run_address>
         <size>0x9c</size>
         <input_file_ref idref="fl-cb"/>
      </object_component>
      <object_component id="oc-3a">
         <name>.text</name>
         <load_address>0x2828</load_address>
         <run_address>0x2828</run_address>
         <size>0x9c</size>
         <input_file_ref idref="fl-db"/>
      </object_component>
      <object_component id="oc-ac">
         <name>.text</name>
         <load_address>0x28c4</load_address>
         <run_address>0x28c4</run_address>
         <size>0x7a</size>
         <input_file_ref idref="fl-cd"/>
      </object_component>
      <object_component id="oc-26e">
         <name>.text:_nop</name>
         <load_address>0x293e</load_address>
         <run_address>0x293e</run_address>
         <size>0x2</size>
         <input_file_ref idref="fl-d2"/>
      </object_component>
      <object_component id="oc-23a">
         <name>.text:__TI_closefile</name>
         <load_address>0x2940</load_address>
         <run_address>0x2940</run_address>
         <size>0x74</size>
         <input_file_ref idref="fl-d8"/>
      </object_component>
      <object_component id="oc-371">
         <name>.text:split</name>
         <load_address>0x29b4</load_address>
         <run_address>0x29b4</run_address>
         <size>0x70</size>
         <input_file_ref idref="fl-d4"/>
      </object_component>
      <object_component id="oc-2bb">
         <name>.text:HOSTrename</name>
         <load_address>0x2a24</load_address>
         <run_address>0x2a24</run_address>
         <size>0x6c</size>
         <input_file_ref idref="fl-ec"/>
      </object_component>
      <object_component id="oc-2af">
         <name>.text:HOSTlseek</name>
         <load_address>0x2a90</load_address>
         <run_address>0x2a90</run_address>
         <size>0x68</size>
         <input_file_ref idref="fl-e9"/>
      </object_component>
      <object_component id="oc-17">
         <name>.text:decompress:lzss:__TI_decompress_lzss</name>
         <load_address>0x2af8</load_address>
         <run_address>0x2af8</run_address>
         <size>0x68</size>
         <input_file_ref idref="fl-d0"/>
      </object_component>
      <object_component id="oc-297">
         <name>.text:HOSTopen</name>
         <load_address>0x2b60</load_address>
         <run_address>0x2b60</run_address>
         <size>0x60</size>
         <input_file_ref idref="fl-ea"/>
      </object_component>
      <object_component id="oc-2e6">
         <name>.text:close</name>
         <load_address>0x2bc0</load_address>
         <run_address>0x2bc0</run_address>
         <size>0x5c</size>
         <input_file_ref idref="fl-e6"/>
      </object_component>
      <object_component id="oc-2a3">
         <name>.text:HOSTread</name>
         <load_address>0x2c1c</load_address>
         <run_address>0x2c1c</run_address>
         <size>0x58</size>
         <input_file_ref idref="fl-eb"/>
      </object_component>
      <object_component id="oc-2a9">
         <name>.text:HOSTwrite</name>
         <load_address>0x2c74</load_address>
         <run_address>0x2c74</run_address>
         <size>0x58</size>
         <input_file_ref idref="fl-ee"/>
      </object_component>
      <object_component id="oc-2e0">
         <name>.text:__TI_doflush</name>
         <load_address>0x2ccc</load_address>
         <run_address>0x2ccc</run_address>
         <size>0x4c</size>
         <input_file_ref idref="fl-d9"/>
      </object_component>
      <object_component id="oc-15e">
         <name>.text:exit</name>
         <load_address>0x2d18</load_address>
         <run_address>0x2d18</run_address>
         <size>0x48</size>
         <input_file_ref idref="fl-d1"/>
      </object_component>
      <object_component id="oc-29d">
         <name>.text:HOSTclose</name>
         <load_address>0x2d60</load_address>
         <run_address>0x2d60</run_address>
         <size>0x44</size>
         <input_file_ref idref="fl-e8"/>
      </object_component>
      <object_component id="oc-2b5">
         <name>.text:HOSTunlink</name>
         <load_address>0x2da4</load_address>
         <run_address>0x2da4</run_address>
         <size>0x44</size>
         <input_file_ref idref="fl-ed"/>
      </object_component>
      <object_component id="oc-164">
         <name>.text:__TI_auto_init_nobinit_nopinit:__TI_auto_init_nobinit_nopinit</name>
         <load_address>0x2de8</load_address>
         <run_address>0x2de8</run_address>
         <size>0x44</size>
         <input_file_ref idref="fl-dc"/>
      </object_component>
      <object_component id="oc-352">
         <name>.text:getdevice</name>
         <load_address>0x2e2c</load_address>
         <run_address>0x2e2c</run_address>
         <size>0x44</size>
         <input_file_ref idref="fl-da"/>
      </object_component>
      <object_component id="oc-f5">
         <name>.text</name>
         <load_address>0x2e70</load_address>
         <run_address>0x2e70</run_address>
         <size>0x40</size>
         <input_file_ref idref="fl-9"/>
      </object_component>
      <object_component id="oc-329">
         <name>.text:__TI_writemsg</name>
         <load_address>0x2eb0</load_address>
         <run_address>0x2eb0</run_address>
         <size>0x38</size>
         <input_file_ref idref="fl-ef"/>
      </object_component>
      <object_component id="oc-222">
         <name>.text:strncpy</name>
         <load_address>0x2ee8</load_address>
         <run_address>0x2ee8</run_address>
         <size>0x36</size>
         <input_file_ref idref="fl-e2"/>
      </object_component>
      <object_component id="oc-24d">
         <name>.text:__TI_cleanup</name>
         <load_address>0x2f20</load_address>
         <run_address>0x2f20</run_address>
         <size>0x34</size>
         <input_file_ref idref="fl-cb"/>
      </object_component>
      <object_component id="oc-32f">
         <name>.text:__TI_readmsg</name>
         <load_address>0x2f54</load_address>
         <run_address>0x2f54</run_address>
         <size>0x34</size>
         <input_file_ref idref="fl-ef"/>
      </object_component>
      <object_component id="oc-58">
         <name>.text:_c_int00_noargs:_c_int00_noargs</name>
         <load_address>0x2f88</load_address>
         <run_address>0x2f88</run_address>
         <size>0x34</size>
         <input_file_ref idref="fl-d5"/>
      </object_component>
      <object_component id="oc-1aa">
         <name>.text:freopen</name>
         <load_address>0x2fbc</load_address>
         <run_address>0x2fbc</run_address>
         <size>0x34</size>
         <input_file_ref idref="fl-cb"/>
      </object_component>
      <object_component id="oc-21c">
         <name>.text:finddevice</name>
         <load_address>0x2ff0</load_address>
         <run_address>0x2ff0</run_address>
         <size>0x30</size>
         <input_file_ref idref="fl-da"/>
      </object_component>
      <object_component id="oc-2ec">
         <name>.text:unlink</name>
         <load_address>0x3020</load_address>
         <run_address>0x3020</run_address>
         <size>0x2c</size>
         <input_file_ref idref="fl-e7"/>
      </object_component>
      <object_component id="oc-2fb">
         <name>.text:free_list_insert</name>
         <load_address>0x304c</load_address>
         <run_address>0x304c</run_address>
         <size>0x28</size>
         <input_file_ref idref="fl-d4"/>
      </object_component>
      <object_component id="oc-35e">
         <name>.text:write</name>
         <load_address>0x3074</load_address>
         <run_address>0x3074</run_address>
         <size>0x28</size>
         <input_file_ref idref="fl-e3"/>
      </object_component>
      <object_component id="oc-ef">
         <name>.text</name>
         <load_address>0x309c</load_address>
         <run_address>0x309c</run_address>
         <size>0x24</size>
         <input_file_ref idref="fl-4"/>
      </object_component>
      <object_component id="oc-46">
         <name>.text:decompress:ZI:__TI_zero_init_nomemset:__TI_zero_init_nomemset</name>
         <load_address>0x30c0</load_address>
         <run_address>0x30c0</run_address>
         <size>0x1c</size>
         <input_file_ref idref="fl-ce"/>
      </object_component>
      <object_component id="oc-2f5">
         <name>.text:free_list_remove</name>
         <load_address>0x30dc</load_address>
         <run_address>0x30dc</run_address>
         <size>0x1c</size>
         <input_file_ref idref="fl-d4"/>
      </object_component>
      <object_component id="oc-28d">
         <name>.text:strcmp</name>
         <load_address>0x30f8</load_address>
         <run_address>0x30f8</run_address>
         <size>0x18</size>
         <input_file_ref idref="fl-e1"/>
      </object_component>
      <object_component id="oc-392">
         <name>.text:strchr</name>
         <load_address>0x3110</load_address>
         <run_address>0x3110</run_address>
         <size>0x16</size>
         <input_file_ref idref="fl-e0"/>
      </object_component>
      <object_component id="oc-343">
         <name>.text:strcpy</name>
         <load_address>0x3126</load_address>
         <run_address>0x3126</run_address>
         <size>0x14</size>
         <input_file_ref idref="fl-f0"/>
      </object_component>
      <object_component id="oc-323">
         <name>.text:strlen</name>
         <load_address>0x313a</load_address>
         <run_address>0x313a</run_address>
         <size>0x14</size>
         <input_file_ref idref="fl-f1"/>
      </object_component>
      <object_component id="oc-1d">
         <name>.text:decompress:none:__TI_decompress_none</name>
         <load_address>0x314e</load_address>
         <run_address>0x314e</run_address>
         <size>0xe</size>
         <input_file_ref idref="fl-cf"/>
      </object_component>
      <object_component id="oc-6a">
         <name>.text</name>
         <load_address>0x315c</load_address>
         <run_address>0x315c</run_address>
         <size>0xe</size>
         <input_file_ref idref="fl-10"/>
      </object_component>
      <object_component id="oc-247">
         <name>.text:malloc</name>
         <load_address>0x316a</load_address>
         <run_address>0x316a</run_address>
         <size>0x8</size>
         <input_file_ref idref="fl-d4"/>
      </object_component>
      <object_component id="oc-b2">
         <name>.text:_system_pre_init</name>
         <load_address>0x3172</load_address>
         <run_address>0x3172</run_address>
         <size>0x4</size>
         <input_file_ref idref="fl-dd"/>
      </object_component>
      <object_component id="oc-158">
         <name>.text:abort:abort</name>
         <load_address>0x3176</load_address>
         <run_address>0x3176</run_address>
         <size>0x4</size>
         <input_file_ref idref="fl-d1"/>
      </object_component>
      <object_component id="oc-3e7">
         <name>.cinit..data.load</name>
         <load_address>0x3180</load_address>
         <run_address>0x3180</run_address>
         <size>0x97</size>
      </object_component>
      <object_component id="oc-3e5">
         <name>__TI_handler_table</name>
         <load_address>0x3218</load_address>
         <run_address>0x3218</run_address>
         <size>0xc</size>
      </object_component>
      <object_component id="oc-3e8">
         <name>.cinit..bss.load</name>
         <load_address>0x3228</load_address>
         <run_address>0x3228</run_address>
         <size>0x8</size>
      </object_component>
      <object_component id="oc-3e6">
         <name>__TI_cinit_table</name>
         <load_address>0x3230</load_address>
         <run_address>0x3230</run_address>
         <size>0x10</size>
      </object_component>
      <object_component id="oc-3b9">
         <name>.binit</name>
         <load_address>0x0</load_address>
         <run_address>0x0</run_address>
         <size>0x0</size>
      </object_component>
      <object_component id="oc-1c7">
         <name>.data</name>
         <load_address>0x2000082c</load_address>
         <run_address>0x2000082c</run_address>
         <size>0x18</size>
         <input_file_ref idref="fl-3"/>
      </object_component>
      <object_component id="oc-11a">
         <name>.data</name>
         <load_address>0x20000860</load_address>
         <run_address>0x20000860</run_address>
         <size>0xc</size>
         <input_file_ref idref="fl-a"/>
      </object_component>
      <object_component id="oc-1d1">
         <name>.data</name>
         <load_address>0x2000086c</load_address>
         <run_address>0x2000086c</run_address>
         <size>0xa</size>
         <input_file_ref idref="fl-b"/>
      </object_component>
      <object_component id="oc-100">
         <name>.data</name>
         <load_address>0x20000804</load_address>
         <run_address>0x20000804</run_address>
         <size>0x25</size>
         <input_file_ref idref="fl-e"/>
      </object_component>
      <object_component id="oc-196">
         <name>.data</name>
         <load_address>0x20000894</load_address>
         <run_address>0x20000894</run_address>
         <size>0x4</size>
         <input_file_ref idref="fl-11"/>
      </object_component>
      <object_component id="oc-234">
         <name>.data</name>
         <load_address>0x2000088c</load_address>
         <run_address>0x2000088c</run_address>
         <size>0x4</size>
         <input_file_ref idref="fl-cb"/>
      </object_component>
      <object_component id="oc-1f4">
         <name>.data:$O1$$</name>
         <load_address>0x20000854</load_address>
         <run_address>0x20000854</run_address>
         <size>0xc</size>
         <input_file_ref idref="fl-d1"/>
      </object_component>
      <object_component id="oc-1f7">
         <name>.data:$O1$$</name>
         <load_address>0x20000878</load_address>
         <run_address>0x20000878</run_address>
         <size>0x8</size>
         <input_file_ref idref="fl-d2"/>
      </object_component>
      <object_component id="oc-1b6">
         <name>.data:_ftable</name>
         <load_address>0x2000064c</load_address>
         <run_address>0x2000064c</run_address>
         <size>0xf0</size>
         <input_file_ref idref="fl-d3"/>
      </object_component>
      <object_component id="oc-235">
         <name>.data</name>
         <load_address>0x20000844</load_address>
         <run_address>0x20000844</run_address>
         <size>0x10</size>
         <input_file_ref idref="fl-d3"/>
      </object_component>
      <object_component id="oc-36c">
         <name>.data:$O1$$</name>
         <load_address>0x20000880</load_address>
         <run_address>0x20000880</run_address>
         <size>0x8</size>
         <input_file_ref idref="fl-d4"/>
      </object_component>
      <object_component id="oc-358">
         <name>.data</name>
         <load_address>0x20000890</load_address>
         <run_address>0x20000890</run_address>
         <size>0x4</size>
         <input_file_ref idref="fl-d6"/>
      </object_component>
      <object_component id="oc-228">
         <name>.data</name>
         <load_address>0x20000888</load_address>
         <run_address>0x20000888</run_address>
         <size>0x4</size>
         <input_file_ref idref="fl-d7"/>
      </object_component>
      <object_component id="oc-229">
         <name>.data:_device</name>
         <load_address>0x2000073c</load_address>
         <run_address>0x2000073c</run_address>
         <size>0x78</size>
         <input_file_ref idref="fl-e4"/>
      </object_component>
      <object_component id="oc-359">
         <name>.data:_stream</name>
         <load_address>0x200007b4</load_address>
         <run_address>0x200007b4</run_address>
         <size>0x50</size>
         <input_file_ref idref="fl-e4"/>
      </object_component>
      <object_component id="oc-128">
         <name>.bss</name>
         <uninitialized>true</uninitialized>
         <run_address>0x200005e4</run_address>
         <size>0x8</size>
         <input_file_ref idref="fl-f"/>
      </object_component>
      <object_component id="oc-37c">
         <name>.bss:_CIOBUF_</name>
         <uninitialized>true</uninitialized>
         <run_address>0x20000400</run_address>
         <size>0x120</size>
         <input_file_ref idref="fl-ef"/>
      </object_component>
      <object_component id="oc-11f">
         <name>.common:status</name>
         <uninitialized>true</uninitialized>
         <run_address>0x20000648</run_address>
         <size>0x1</size>
      </object_component>
      <object_component id="oc-1cd">
         <name>.common:Tachometer_FirstRightTime</name>
         <uninitialized>true</uninitialized>
         <run_address>0x20000642</run_address>
         <size>0x2</size>
      </object_component>
      <object_component id="oc-1d0">
         <name>.common:Tachometer_SecondRightTime</name>
         <uninitialized>true</uninitialized>
         <run_address>0x20000646</run_address>
         <size>0x2</size>
      </object_component>
      <object_component id="oc-1d4">
         <name>.common:Tachometer_FirstLeftTime</name>
         <uninitialized>true</uninitialized>
         <run_address>0x20000640</run_address>
         <size>0x2</size>
      </object_component>
      <object_component id="oc-1d5">
         <name>.common:Tachometer_SecondLeftTime</name>
         <uninitialized>true</uninitialized>
         <run_address>0x20000644</run_address>
         <size>0x2</size>
      </object_component>
      <object_component id="oc-116">
         <name>.common:TimerA0Task</name>
         <uninitialized>true</uninitialized>
         <run_address>0x20000630</run_address>
         <size>0x4</size>
      </object_component>
      <object_component id="oc-19d">
         <name>.common:Messageindexb</name>
         <uninitialized>true</uninitialized>
         <run_address>0x20000610</run_address>
         <size>0x4</size>
      </object_component>
      <object_component id="oc-19a">
         <name>.common:Messageb</name>
         <uninitialized>true</uninitialized>
         <run_address>0x200005ec</run_address>
         <size>0x8</size>
      </object_component>
      <object_component id="oc-fe">
         <name>.common:Distances</name>
         <uninitialized>true</uninitialized>
         <run_address>0x200005d8</run_address>
         <size>0xc</size>
      </object_component>
      <object_component id="oc-ff">
         <name>.common:Amplitudes</name>
         <uninitialized>true</uninitialized>
         <run_address>0x200005c0</run_address>
         <size>0xc</size>
      </object_component>
      <object_component id="oc-fb">
         <name>.common:TxChannel</name>
         <uninitialized>true</uninitialized>
         <run_address>0x20000634</run_address>
         <size>0x4</size>
      </object_component>
      <object_component id="oc-109">
         <name>.common:StartTime</name>
         <uninitialized>true</uninitialized>
         <run_address>0x20000620</run_address>
         <size>0x4</size>
      </object_component>
      <object_component id="oc-10a">
         <name>.common:TimeToConvert</name>
         <uninitialized>true</uninitialized>
         <run_address>0x2000062c</run_address>
         <size>0x4</size>
      </object_component>
      <object_component id="oc-103">
         <name>.common:DistError</name>
         <uninitialized>true</uninitialized>
         <run_address>0x20000600</run_address>
         <size>0x4</size>
      </object_component>
      <object_component id="oc-104">
         <name>.common:DistAdjustment</name>
         <uninitialized>true</uninitialized>
         <run_address>0x200005fc</run_address>
         <size>0x4</size>
      </object_component>
      <object_component id="oc-108">
         <name>.common:TempDR</name>
         <uninitialized>true</uninitialized>
         <run_address>0x20000628</run_address>
         <size>0x4</size>
      </object_component>
      <object_component id="oc-106">
         <name>.common:TempDL</name>
         <uninitialized>true</uninitialized>
         <run_address>0x20000624</run_address>
         <size>0x4</size>
      </object_component>
      <object_component id="oc-107">
         <name>.common:UR</name>
         <uninitialized>true</uninitialized>
         <run_address>0x2000063c</run_address>
         <size>0x4</size>
      </object_component>
      <object_component id="oc-105">
         <name>.common:UL</name>
         <uninitialized>true</uninitialized>
         <run_address>0x20000638</run_address>
         <size>0x4</size>
      </object_component>
      <object_component id="oc-12b">
         <name>.common:ChannelCount</name>
         <uninitialized>true</uninitialized>
         <run_address>0x200005cc</run_address>
         <size>0xc</size>
      </object_component>
      <object_component id="oc-12e">
         <name>.common:PTxChan</name>
         <uninitialized>true</uninitialized>
         <run_address>0x20000614</run_address>
         <size>0x4</size>
      </object_component>
      <object_component id="oc-12f">
         <name>.common:Pdistances</name>
         <uninitialized>true</uninitialized>
         <run_address>0x2000061c</run_address>
         <size>0x4</size>
      </object_component>
      <object_component id="oc-130">
         <name>.common:Pamplitudes</name>
         <uninitialized>true</uninitialized>
         <run_address>0x20000618</run_address>
         <size>0x4</size>
      </object_component>
      <object_component id="oc-131">
         <name>.common:ISRTime</name>
         <uninitialized>true</uninitialized>
         <run_address>0x2000060c</run_address>
         <size>0x4</size>
      </object_component>
      <object_component id="oc-133">
         <name>.common:ISRLast</name>
         <uninitialized>true</uninitialized>
         <run_address>0x20000604</run_address>
         <size>0x4</size>
      </object_component>
      <object_component id="oc-132">
         <name>.common:ISRPeriod</name>
         <uninitialized>true</uninitialized>
         <run_address>0x20000608</run_address>
         <size>0x4</size>
      </object_component>
      <object_component id="oc-2f2">
         <name>.common:__TI_tmpnams</name>
         <uninitialized>true</uninitialized>
         <run_address>0x20000520</run_address>
         <size>0xa0</size>
      </object_component>
      <object_component id="oc-335">
         <name>.common:parmbuf</name>
         <uninitialized>true</uninitialized>
         <run_address>0x200005f4</run_address>
         <size>0x8</size>
      </object_component>
      <object_component id="oc-29">
         <name>.sysmem</name>
         <uninitialized>true</uninitialized>
         <run_address>0x20000000</run_address>
         <size>0x10</size>
         <input_file_ref idref="fl-d4"/>
      </object_component>
      <object_component id="oc-3eb">
         <name>.sysmem</name>
         <uninitialized>true</uninitialized>
         <run_address>0x20000000</run_address>
         <size>0x0</size>
      </object_component>
      <object_component id="oc-2c">
         <name>.stack</name>
         <uninitialized>true</uninitialized>
         <run_address>0x2000fe00</run_address>
         <size>0x4</size>
         <input_file_ref idref="fl-d5"/>
      </object_component>
      <object_component id="oc-3ea">
         <name>.stack</name>
         <uninitialized>true</uninitialized>
         <run_address>0x2000fe00</run_address>
         <size>0x0</size>
      </object_component>
      <object_component id="oc-120">
         <name>.debug_info</name>
         <load_address>0x0</load_address>
         <run_address>0x0</run_address>
         <size>0x606</size>
         <input_file_ref idref="fl-2"/>
      </object_component>
      <object_component id="oc-86">
         <name>.debug_info</name>
         <load_address>0x606</load_address>
         <run_address>0x606</run_address>
         <size>0x2d3</size>
         <input_file_ref idref="fl-2"/>
      </object_component>
      <object_component id="oc-1db">
         <name>.debug_info</name>
         <load_address>0x8d9</load_address>
         <run_address>0x8d9</run_address>
         <size>0x1055</size>
         <input_file_ref idref="fl-2"/>
      </object_component>
      <object_component id="oc-123">
         <name>.debug_info</name>
         <load_address>0x192e</load_address>
         <run_address>0x192e</run_address>
         <size>0x37e2</size>
         <input_file_ref idref="fl-2"/>
      </object_component>
      <object_component id="oc-137">
         <name>.debug_info</name>
         <load_address>0x5110</load_address>
         <run_address>0x5110</run_address>
         <size>0x26b</size>
         <input_file_ref idref="fl-2"/>
      </object_component>
      <object_component id="oc-35">
         <name>.debug_info</name>
         <load_address>0x537b</load_address>
         <run_address>0x537b</run_address>
         <size>0x84</size>
         <input_file_ref idref="fl-2"/>
      </object_component>
      <object_component id="oc-1e2">
         <name>.debug_info</name>
         <load_address>0x53ff</load_address>
         <run_address>0x53ff</run_address>
         <size>0x2a4</size>
         <input_file_ref idref="fl-2"/>
      </object_component>
      <object_component id="oc-111">
         <name>.debug_info</name>
         <load_address>0x56a3</load_address>
         <run_address>0x56a3</run_address>
         <size>0xbb</size>
         <input_file_ref idref="fl-2"/>
      </object_component>
      <object_component id="oc-1c8">
         <name>.debug_info</name>
         <load_address>0x575e</load_address>
         <run_address>0x575e</run_address>
         <size>0x1b3</size>
         <input_file_ref idref="fl-3"/>
      </object_component>
      <object_component id="oc-de">
         <name>.debug_info</name>
         <load_address>0x5911</load_address>
         <run_address>0x5911</run_address>
         <size>0x2d7</size>
         <input_file_ref idref="fl-3"/>
      </object_component>
      <object_component id="oc-f3">
         <name>.debug_info</name>
         <load_address>0x5be8</load_address>
         <run_address>0x5be8</run_address>
         <size>0x298</size>
         <input_file_ref idref="fl-4"/>
      </object_component>
      <object_component id="oc-1cc">
         <name>.debug_info</name>
         <load_address>0x5e80</load_address>
         <run_address>0x5e80</run_address>
         <size>0x55d</size>
         <input_file_ref idref="fl-5"/>
      </object_component>
      <object_component id="oc-e4">
         <name>.debug_info</name>
         <load_address>0x63dd</load_address>
         <run_address>0x63dd</run_address>
         <size>0x6cc</size>
         <input_file_ref idref="fl-5"/>
      </object_component>
      <object_component id="oc-d8">
         <name>.debug_info</name>
         <load_address>0x6aa9</load_address>
         <run_address>0x6aa9</run_address>
         <size>0x519</size>
         <input_file_ref idref="fl-6"/>
      </object_component>
      <object_component id="oc-1c1">
         <name>.debug_info</name>
         <load_address>0x6fc2</load_address>
         <run_address>0x6fc2</run_address>
         <size>0x1e0</size>
         <input_file_ref idref="fl-7"/>
      </object_component>
      <object_component id="oc-d2">
         <name>.debug_info</name>
         <load_address>0x71a2</load_address>
         <run_address>0x71a2</run_address>
         <size>0x2b9</size>
         <input_file_ref idref="fl-8"/>
      </object_component>
      <object_component id="oc-f7">
         <name>.debug_info</name>
         <load_address>0x745b</load_address>
         <run_address>0x745b</run_address>
         <size>0x1a4</size>
         <input_file_ref idref="fl-9"/>
      </object_component>
      <object_component id="oc-11e">
         <name>.debug_info</name>
         <load_address>0x75ff</load_address>
         <run_address>0x75ff</run_address>
         <size>0x573</size>
         <input_file_ref idref="fl-a"/>
      </object_component>
      <object_component id="oc-11b">
         <name>.debug_info</name>
         <load_address>0x7b72</load_address>
         <run_address>0x7b72</run_address>
         <size>0x164</size>
         <input_file_ref idref="fl-a"/>
      </object_component>
      <object_component id="oc-7d">
         <name>.debug_info</name>
         <load_address>0x7cd6</load_address>
         <run_address>0x7cd6</run_address>
         <size>0x3ca</size>
         <input_file_ref idref="fl-a"/>
      </object_component>
      <object_component id="oc-1ce">
         <name>.debug_info</name>
         <load_address>0x80a0</load_address>
         <run_address>0x80a0</run_address>
         <size>0x6cd</size>
         <input_file_ref idref="fl-b"/>
      </object_component>
      <object_component id="oc-1d2">
         <name>.debug_info</name>
         <load_address>0x876d</load_address>
         <run_address>0x876d</run_address>
         <size>0x1c4</size>
         <input_file_ref idref="fl-b"/>
      </object_component>
      <object_component id="oc-ed">
         <name>.debug_info</name>
         <load_address>0x8931</load_address>
         <run_address>0x8931</run_address>
         <size>0x40a</size>
         <input_file_ref idref="fl-b"/>
      </object_component>
      <object_component id="oc-265">
         <name>.debug_info</name>
         <load_address>0x8d3b</load_address>
         <run_address>0x8d3b</run_address>
         <size>0x48</size>
         <input_file_ref idref="fl-b"/>
      </object_component>
      <object_component id="oc-117">
         <name>.debug_info</name>
         <load_address>0x8d83</load_address>
         <run_address>0x8d83</run_address>
         <size>0x588</size>
         <input_file_ref idref="fl-c"/>
      </object_component>
      <object_component id="oc-78">
         <name>.debug_info</name>
         <load_address>0x930b</load_address>
         <run_address>0x930b</run_address>
         <size>0x239</size>
         <input_file_ref idref="fl-c"/>
      </object_component>
      <object_component id="oc-19b">
         <name>.debug_info</name>
         <load_address>0x9544</load_address>
         <run_address>0x9544</run_address>
         <size>0x7a4</size>
         <input_file_ref idref="fl-d"/>
      </object_component>
      <object_component id="oc-ce">
         <name>.debug_info</name>
         <load_address>0x9ce8</load_address>
         <run_address>0x9ce8</run_address>
         <size>0x138d</size>
         <input_file_ref idref="fl-d"/>
      </object_component>
      <object_component id="oc-217">
         <name>.debug_info</name>
         <load_address>0xb075</load_address>
         <run_address>0xb075</run_address>
         <size>0xcc</size>
         <input_file_ref idref="fl-d"/>
      </object_component>
      <object_component id="oc-1ba">
         <name>.debug_info</name>
         <load_address>0xb141</load_address>
         <run_address>0xb141</run_address>
         <size>0x2c</size>
         <input_file_ref idref="fl-d"/>
      </object_component>
      <object_component id="oc-fc">
         <name>.debug_info</name>
         <load_address>0xb16d</load_address>
         <run_address>0xb16d</run_address>
         <size>0xb80</size>
         <input_file_ref idref="fl-e"/>
      </object_component>
      <object_component id="oc-101">
         <name>.debug_info</name>
         <load_address>0xbced</load_address>
         <run_address>0xbced</run_address>
         <size>0x222</size>
         <input_file_ref idref="fl-e"/>
      </object_component>
      <object_component id="oc-72">
         <name>.debug_info</name>
         <load_address>0xbf0f</load_address>
         <run_address>0xbf0f</run_address>
         <size>0x53e</size>
         <input_file_ref idref="fl-e"/>
      </object_component>
      <object_component id="oc-10c">
         <name>.debug_info</name>
         <load_address>0xc44d</load_address>
         <run_address>0xc44d</run_address>
         <size>0x8b</size>
         <input_file_ref idref="fl-e"/>
      </object_component>
      <object_component id="oc-12c">
         <name>.debug_info</name>
         <load_address>0xc4d8</load_address>
         <run_address>0xc4d8</run_address>
         <size>0x70b</size>
         <input_file_ref idref="fl-f"/>
      </object_component>
      <object_component id="oc-129">
         <name>.debug_info</name>
         <load_address>0xcbe3</load_address>
         <run_address>0xcbe3</run_address>
         <size>0x115</size>
         <input_file_ref idref="fl-f"/>
      </object_component>
      <object_component id="oc-8b">
         <name>.debug_info</name>
         <load_address>0xccf8</load_address>
         <run_address>0xccf8</run_address>
         <size>0x119e</size>
         <input_file_ref idref="fl-f"/>
      </object_component>
      <object_component id="oc-90">
         <name>.debug_info</name>
         <load_address>0xde96</load_address>
         <run_address>0xde96</run_address>
         <size>0x2f6</size>
         <input_file_ref idref="fl-10"/>
      </object_component>
      <object_component id="oc-27">
         <name>.debug_info</name>
         <load_address>0xe18c</load_address>
         <run_address>0xe18c</run_address>
         <size>0x122</size>
         <input_file_ref idref="fl-10"/>
      </object_component>
      <object_component id="oc-6d">
         <name>.debug_info</name>
         <load_address>0xe2ae</load_address>
         <run_address>0xe2ae</run_address>
         <size>0x1e9</size>
         <input_file_ref idref="fl-10"/>
      </object_component>
      <object_component id="oc-197">
         <name>.debug_info</name>
         <load_address>0xe497</load_address>
         <run_address>0xe497</run_address>
         <size>0x11b</size>
         <input_file_ref idref="fl-11"/>
      </object_component>
      <object_component id="oc-c8">
         <name>.debug_info</name>
         <load_address>0xe5b2</load_address>
         <run_address>0xe5b2</run_address>
         <size>0x28d</size>
         <input_file_ref idref="fl-11"/>
      </object_component>
      <object_component id="oc-239">
         <name>.debug_info</name>
         <load_address>0xe83f</load_address>
         <run_address>0xe83f</run_address>
         <size>0x3f5</size>
         <input_file_ref idref="fl-cb"/>
      </object_component>
      <object_component id="oc-22f">
         <name>.debug_info</name>
         <load_address>0xec34</load_address>
         <run_address>0xec34</run_address>
         <size>0x20e</size>
         <input_file_ref idref="fl-cb"/>
      </object_component>
      <object_component id="oc-250">
         <name>.debug_info</name>
         <load_address>0xee42</load_address>
         <run_address>0xee42</run_address>
         <size>0x176</size>
         <input_file_ref idref="fl-cb"/>
      </object_component>
      <object_component id="oc-1ad">
         <name>.debug_info</name>
         <load_address>0xefb8</load_address>
         <run_address>0xefb8</run_address>
         <size>0x1e4</size>
         <input_file_ref idref="fl-cb"/>
      </object_component>
      <object_component id="oc-1a7">
         <name>.debug_info</name>
         <load_address>0xf19c</load_address>
         <run_address>0xf19c</run_address>
         <size>0x1cd</size>
         <input_file_ref idref="fl-cb"/>
      </object_component>
      <object_component id="oc-13e">
         <name>.debug_info</name>
         <load_address>0xf369</load_address>
         <run_address>0xf369</run_address>
         <size>0x2c</size>
         <input_file_ref idref="fl-cb"/>
      </object_component>
      <object_component id="oc-2db">
         <name>.debug_info</name>
         <load_address>0xf395</load_address>
         <run_address>0xf395</run_address>
         <size>0xb2</size>
         <input_file_ref idref="fl-cb"/>
      </object_component>
      <object_component id="oc-254">
         <name>.debug_info</name>
         <load_address>0xf447</load_address>
         <run_address>0xf447</run_address>
         <size>0x374</size>
         <input_file_ref idref="fl-cc"/>
      </object_component>
      <object_component id="oc-1b2">
         <name>.debug_info</name>
         <load_address>0xf7bb</load_address>
         <run_address>0xf7bb</run_address>
         <size>0x20b</size>
         <input_file_ref idref="fl-cc"/>
      </object_component>
      <object_component id="oc-255">
         <name>.debug_info</name>
         <load_address>0xf9c6</load_address>
         <run_address>0xf9c6</run_address>
         <size>0xbf</size>
         <input_file_ref idref="fl-cc"/>
      </object_component>
      <object_component id="oc-ad">
         <name>.debug_info</name>
         <load_address>0xfa85</load_address>
         <run_address>0xfa85</run_address>
         <size>0x147</size>
         <input_file_ref idref="fl-cd"/>
      </object_component>
      <object_component id="oc-ab">
         <name>.debug_info</name>
         <load_address>0xfbcc</load_address>
         <run_address>0xfbcc</run_address>
         <size>0x2d4</size>
         <input_file_ref idref="fl-ce"/>
      </object_component>
      <object_component id="oc-49">
         <name>.debug_info</name>
         <load_address>0xfea0</load_address>
         <run_address>0xfea0</run_address>
         <size>0x1d2</size>
         <input_file_ref idref="fl-ce"/>
      </object_component>
      <object_component id="oc-a6">
         <name>.debug_info</name>
         <load_address>0x10072</load_address>
         <run_address>0x10072</run_address>
         <size>0x46</size>
         <input_file_ref idref="fl-ce"/>
      </object_component>
      <object_component id="oc-14f">
         <name>.debug_info</name>
         <load_address>0x100b8</load_address>
         <run_address>0x100b8</run_address>
         <size>0x2c</size>
         <input_file_ref idref="fl-ce"/>
      </object_component>
      <object_component id="oc-45">
         <name>.debug_info</name>
         <load_address>0x100e4</load_address>
         <run_address>0x100e4</run_address>
         <size>0x2a8</size>
         <input_file_ref idref="fl-cf"/>
      </object_component>
      <object_component id="oc-20">
         <name>.debug_info</name>
         <load_address>0x1038c</load_address>
         <run_address>0x1038c</run_address>
         <size>0x1ea</size>
         <input_file_ref idref="fl-cf"/>
      </object_component>
      <object_component id="oc-40">
         <name>.debug_info</name>
         <load_address>0x10576</load_address>
         <run_address>0x10576</run_address>
         <size>0x46</size>
         <input_file_ref idref="fl-cf"/>
      </object_component>
      <object_component id="oc-9e">
         <name>.debug_info</name>
         <load_address>0x105bc</load_address>
         <run_address>0x105bc</run_address>
         <size>0x2c</size>
         <input_file_ref idref="fl-cf"/>
      </object_component>
      <object_component id="oc-9c">
         <name>.debug_info</name>
         <load_address>0x105e8</load_address>
         <run_address>0x105e8</run_address>
         <size>0x29e</size>
         <input_file_ref idref="fl-d0"/>
      </object_component>
      <object_component id="oc-18">
         <name>.debug_info</name>
         <load_address>0x10886</load_address>
         <run_address>0x10886</run_address>
         <size>0x250</size>
         <input_file_ref idref="fl-d0"/>
      </object_component>
      <object_component id="oc-30">
         <name>.debug_info</name>
         <load_address>0x10ad6</load_address>
         <run_address>0x10ad6</run_address>
         <size>0x60</size>
         <input_file_ref idref="fl-d0"/>
      </object_component>
      <object_component id="oc-148">
         <name>.debug_info</name>
         <load_address>0x10b36</load_address>
         <run_address>0x10b36</run_address>
         <size>0x46</size>
         <input_file_ref idref="fl-d0"/>
      </object_component>
      <object_component id="oc-97">
         <name>.debug_info</name>
         <load_address>0x10b7c</load_address>
         <run_address>0x10b7c</run_address>
         <size>0x39</size>
         <input_file_ref idref="fl-d0"/>
      </object_component>
      <object_component id="oc-1fb">
         <name>.debug_info</name>
         <load_address>0x10bb5</load_address>
         <run_address>0x10bb5</run_address>
         <size>0x3ad</size>
         <input_file_ref idref="fl-d1"/>
      </object_component>
      <object_component id="oc-1f5">
         <name>.debug_info</name>
         <load_address>0x10f62</load_address>
         <run_address>0x10f62</run_address>
         <size>0x190</size>
         <input_file_ref idref="fl-d1"/>
      </object_component>
      <object_component id="oc-15c">
         <name>.debug_info</name>
         <load_address>0x110f2</load_address>
         <run_address>0x110f2</run_address>
         <size>0x122</size>
         <input_file_ref idref="fl-d1"/>
      </object_component>
      <object_component id="oc-160">
         <name>.debug_info</name>
         <load_address>0x11214</load_address>
         <run_address>0x11214</run_address>
         <size>0x184</size>
         <input_file_ref idref="fl-d1"/>
      </object_component>
      <object_component id="oc-276">
         <name>.debug_info</name>
         <load_address>0x11398</load_address>
         <run_address>0x11398</run_address>
         <size>0x2c9</size>
         <input_file_ref idref="fl-d2"/>
      </object_component>
      <object_component id="oc-1f8">
         <name>.debug_info</name>
         <load_address>0x11661</load_address>
         <run_address>0x11661</run_address>
         <size>0x11e</size>
         <input_file_ref idref="fl-d2"/>
      </object_component>
      <object_component id="oc-270">
         <name>.debug_info</name>
         <load_address>0x1177f</load_address>
         <run_address>0x1177f</run_address>
         <size>0x12e</size>
         <input_file_ref idref="fl-d2"/>
      </object_component>
      <object_component id="oc-25c">
         <name>.debug_info</name>
         <load_address>0x118ad</load_address>
         <run_address>0x118ad</run_address>
         <size>0x144</size>
         <input_file_ref idref="fl-d3"/>
      </object_component>
      <object_component id="oc-1b7">
         <name>.debug_info</name>
         <load_address>0x119f1</load_address>
         <run_address>0x119f1</run_address>
         <size>0x102</size>
         <input_file_ref idref="fl-d3"/>
      </object_component>
      <object_component id="oc-236">
         <name>.debug_info</name>
         <load_address>0x11af3</load_address>
         <run_address>0x11af3</run_address>
         <size>0x18f</size>
         <input_file_ref idref="fl-d3"/>
      </object_component>
      <object_component id="oc-93">
         <name>.debug_info</name>
         <load_address>0x11c82</load_address>
         <run_address>0x11c82</run_address>
         <size>0x3b2</size>
         <input_file_ref idref="fl-d4"/>
      </object_component>
      <object_component id="oc-2a">
         <name>.debug_info</name>
         <load_address>0x12034</load_address>
         <run_address>0x12034</run_address>
         <size>0x10c</size>
         <input_file_ref idref="fl-d4"/>
      </object_component>
      <object_component id="oc-36d">
         <name>.debug_info</name>
         <load_address>0x12140</load_address>
         <run_address>0x12140</run_address>
         <size>0x13f</size>
         <input_file_ref idref="fl-d4"/>
      </object_component>
      <object_component id="oc-249">
         <name>.debug_info</name>
         <load_address>0x1227f</load_address>
         <run_address>0x1227f</run_address>
         <size>0x168</size>
         <input_file_ref idref="fl-d4"/>
      </object_component>
      <object_component id="oc-2f8">
         <name>.debug_info</name>
         <load_address>0x123e7</load_address>
         <run_address>0x123e7</run_address>
         <size>0x18e</size>
         <input_file_ref idref="fl-d4"/>
      </object_component>
      <object_component id="oc-2fe">
         <name>.debug_info</name>
         <load_address>0x12575</load_address>
         <run_address>0x12575</run_address>
         <size>0x19f</size>
         <input_file_ref idref="fl-d4"/>
      </object_component>
      <object_component id="oc-245">
         <name>.debug_info</name>
         <load_address>0x12714</load_address>
         <run_address>0x12714</run_address>
         <size>0x203</size>
         <input_file_ref idref="fl-d4"/>
      </object_component>
      <object_component id="oc-375">
         <name>.debug_info</name>
         <load_address>0x12917</load_address>
         <run_address>0x12917</run_address>
         <size>0x1db</size>
         <input_file_ref idref="fl-d4"/>
      </object_component>
      <object_component id="oc-305">
         <name>.debug_info</name>
         <load_address>0x12af2</load_address>
         <run_address>0x12af2</run_address>
         <size>0x299</size>
         <input_file_ref idref="fl-d4"/>
      </object_component>
      <object_component id="oc-143">
         <name>.debug_info</name>
         <load_address>0x12d8b</load_address>
         <run_address>0x12d8b</run_address>
         <size>0xb2</size>
         <input_file_ref idref="fl-d4"/>
      </object_component>
      <object_component id="oc-2d">
         <name>.debug_info</name>
         <load_address>0x12e3d</load_address>
         <run_address>0x12e3d</run_address>
         <size>0x10b</size>
         <input_file_ref idref="fl-d5"/>
      </object_component>
      <object_component id="oc-5c">
         <name>.debug_info</name>
         <load_address>0x12f48</load_address>
         <run_address>0x12f48</run_address>
         <size>0x1a9</size>
         <input_file_ref idref="fl-d5"/>
      </object_component>
      <object_component id="oc-35d">
         <name>.debug_info</name>
         <load_address>0x130f1</load_address>
         <run_address>0x130f1</run_address>
         <size>0x402</size>
         <input_file_ref idref="fl-d6"/>
      </object_component>
      <object_component id="oc-2d2">
         <name>.debug_info</name>
         <load_address>0x134f3</load_address>
         <run_address>0x134f3</run_address>
         <size>0x245</size>
         <input_file_ref idref="fl-d6"/>
      </object_component>
      <object_component id="oc-34d">
         <name>.debug_info</name>
         <load_address>0x13738</load_address>
         <run_address>0x13738</run_address>
         <size>0x120</size>
         <input_file_ref idref="fl-d6"/>
      </object_component>
      <object_component id="oc-22d">
         <name>.debug_info</name>
         <load_address>0x13858</load_address>
         <run_address>0x13858</run_address>
         <size>0x445</size>
         <input_file_ref idref="fl-d7"/>
      </object_component>
      <object_component id="oc-1a2">
         <name>.debug_info</name>
         <load_address>0x13c9d</load_address>
         <run_address>0x13c9d</run_address>
         <size>0x2db</size>
         <input_file_ref idref="fl-d7"/>
      </object_component>
      <object_component id="oc-2cb">
         <name>.debug_info</name>
         <load_address>0x13f78</load_address>
         <run_address>0x13f78</run_address>
         <size>0xea</size>
         <input_file_ref idref="fl-d7"/>
      </object_component>
      <object_component id="oc-2c6">
         <name>.debug_info</name>
         <load_address>0x14062</load_address>
         <run_address>0x14062</run_address>
         <size>0x2c</size>
         <input_file_ref idref="fl-d7"/>
      </object_component>
      <object_component id="oc-2f4">
         <name>.debug_info</name>
         <load_address>0x1408e</load_address>
         <run_address>0x1408e</run_address>
         <size>0x3a5</size>
         <input_file_ref idref="fl-d8"/>
      </object_component>
      <object_component id="oc-23d">
         <name>.debug_info</name>
         <load_address>0x14433</load_address>
         <run_address>0x14433</run_address>
         <size>0x1f3</size>
         <input_file_ref idref="fl-d8"/>
      </object_component>
      <object_component id="oc-365">
         <name>.debug_info</name>
         <load_address>0x14626</load_address>
         <run_address>0x14626</run_address>
         <size>0x347</size>
         <input_file_ref idref="fl-d9"/>
      </object_component>
      <object_component id="oc-2e3">
         <name>.debug_info</name>
         <load_address>0x1496d</load_address>
         <run_address>0x1496d</run_address>
         <size>0x18a</size>
         <input_file_ref idref="fl-d9"/>
      </object_component>
      <object_component id="oc-294">
         <name>.debug_info</name>
         <load_address>0x14af7</load_address>
         <run_address>0x14af7</run_address>
         <size>0x42c</size>
         <input_file_ref idref="fl-da"/>
      </object_component>
      <object_component id="oc-21e">
         <name>.debug_info</name>
         <load_address>0x14f23</load_address>
         <run_address>0x14f23</run_address>
         <size>0x192</size>
         <input_file_ref idref="fl-da"/>
      </object_component>
      <object_component id="oc-353">
         <name>.debug_info</name>
         <load_address>0x150b5</load_address>
         <run_address>0x150b5</run_address>
         <size>0x1eb</size>
         <input_file_ref idref="fl-da"/>
      </object_component>
      <object_component id="oc-3c">
         <name>.debug_info</name>
         <load_address>0x152a0</load_address>
         <run_address>0x152a0</run_address>
         <size>0x119</size>
         <input_file_ref idref="fl-db"/>
      </object_component>
      <object_component id="oc-1fe">
         <name>.debug_info</name>
         <load_address>0x153b9</load_address>
         <run_address>0x153b9</run_address>
         <size>0x4b3</size>
         <input_file_ref idref="fl-dc"/>
      </object_component>
      <object_component id="oc-167">
         <name>.debug_info</name>
         <load_address>0x1586c</load_address>
         <run_address>0x1586c</run_address>
         <size>0x1a6</size>
         <input_file_ref idref="fl-dc"/>
      </object_component>
      <object_component id="oc-27c">
         <name>.debug_info</name>
         <load_address>0x15a12</load_address>
         <run_address>0x15a12</run_address>
         <size>0x39</size>
         <input_file_ref idref="fl-dc"/>
      </object_component>
      <object_component id="oc-311">
         <name>.debug_info</name>
         <load_address>0x15a4b</load_address>
         <run_address>0x15a4b</run_address>
         <size>0x39</size>
         <input_file_ref idref="fl-dc"/>
      </object_component>
      <object_component id="oc-281">
         <name>.debug_info</name>
         <load_address>0x15a84</load_address>
         <run_address>0x15a84</run_address>
         <size>0x39</size>
         <input_file_ref idref="fl-dc"/>
      </object_component>
      <object_component id="oc-286">
         <name>.debug_info</name>
         <load_address>0x15abd</load_address>
         <run_address>0x15abd</run_address>
         <size>0xcd</size>
         <input_file_ref idref="fl-dc"/>
      </object_component>
      <object_component id="oc-b4">
         <name>.debug_info</name>
         <load_address>0x15b8a</load_address>
         <run_address>0x15b8a</run_address>
         <size>0x153</size>
         <input_file_ref idref="fl-dd"/>
      </object_component>
      <object_component id="oc-3b1">
         <name>.debug_info</name>
         <load_address>0x15cdd</load_address>
         <run_address>0x15cdd</run_address>
         <size>0x29a</size>
         <input_file_ref idref="fl-e0"/>
      </object_component>
      <object_component id="oc-393">
         <name>.debug_info</name>
         <load_address>0x15f77</load_address>
         <run_address>0x15f77</run_address>
         <size>0x262</size>
         <input_file_ref idref="fl-e0"/>
      </object_component>
      <object_component id="oc-31e">
         <name>.debug_info</name>
         <load_address>0x161d9</load_address>
         <run_address>0x161d9</run_address>
         <size>0x28a</size>
         <input_file_ref idref="fl-e1"/>
      </object_component>
      <object_component id="oc-28e">
         <name>.debug_info</name>
         <load_address>0x16463</load_address>
         <run_address>0x16463</run_address>
         <size>0x273</size>
         <input_file_ref idref="fl-e1"/>
      </object_component>
      <object_component id="oc-296">
         <name>.debug_info</name>
         <load_address>0x166d6</load_address>
         <run_address>0x166d6</run_address>
         <size>0x2af</size>
         <input_file_ref idref="fl-e2"/>
      </object_component>
      <object_component id="oc-223">
         <name>.debug_info</name>
         <load_address>0x16985</load_address>
         <run_address>0x16985</run_address>
         <size>0x277</size>
         <input_file_ref idref="fl-e2"/>
      </object_component>
      <object_component id="oc-39e">
         <name>.debug_info</name>
         <load_address>0x16bfc</load_address>
         <run_address>0x16bfc</run_address>
         <size>0x397</size>
         <input_file_ref idref="fl-e3"/>
      </object_component>
      <object_component id="oc-35f">
         <name>.debug_info</name>
         <load_address>0x16f93</load_address>
         <run_address>0x16f93</run_address>
         <size>0x18f</size>
         <input_file_ref idref="fl-e3"/>
      </object_component>
      <object_component id="oc-2c3">
         <name>.debug_info</name>
         <load_address>0x17122</load_address>
         <run_address>0x17122</run_address>
         <size>0x337</size>
         <input_file_ref idref="fl-e4"/>
      </object_component>
      <object_component id="oc-22a">
         <name>.debug_info</name>
         <load_address>0x17459</load_address>
         <run_address>0x17459</run_address>
         <size>0x109</size>
         <input_file_ref idref="fl-e4"/>
      </object_component>
      <object_component id="oc-35a">
         <name>.debug_info</name>
         <load_address>0x17562</load_address>
         <run_address>0x17562</run_address>
         <size>0x109</size>
         <input_file_ref idref="fl-e4"/>
      </object_component>
      <object_component id="oc-367">
         <name>.debug_info</name>
         <load_address>0x1766b</load_address>
         <run_address>0x1766b</run_address>
         <size>0x3cf</size>
         <input_file_ref idref="fl-e6"/>
      </object_component>
      <object_component id="oc-2e9">
         <name>.debug_info</name>
         <load_address>0x17a3a</load_address>
         <run_address>0x17a3a</run_address>
         <size>0x195</size>
         <input_file_ref idref="fl-e6"/>
      </object_component>
      <object_component id="oc-369">
         <name>.debug_info</name>
         <load_address>0x17bcf</load_address>
         <run_address>0x17bcf</run_address>
         <size>0x3d1</size>
         <input_file_ref idref="fl-e7"/>
      </object_component>
      <object_component id="oc-2ed">
         <name>.debug_info</name>
         <load_address>0x17fa0</load_address>
         <run_address>0x17fa0</run_address>
         <size>0x1a5</size>
         <input_file_ref idref="fl-e7"/>
      </object_component>
      <object_component id="oc-33a">
         <name>.debug_info</name>
         <load_address>0x18145</load_address>
         <run_address>0x18145</run_address>
         <size>0x373</size>
         <input_file_ref idref="fl-e8"/>
      </object_component>
      <object_component id="oc-2a0">
         <name>.debug_info</name>
         <load_address>0x184b8</load_address>
         <run_address>0x184b8</run_address>
         <size>0x1bc</size>
         <input_file_ref idref="fl-e8"/>
      </object_component>
      <object_component id="oc-340">
         <name>.debug_info</name>
         <load_address>0x18674</load_address>
         <run_address>0x18674</run_address>
         <size>0x378</size>
         <input_file_ref idref="fl-e9"/>
      </object_component>
      <object_component id="oc-2b0">
         <name>.debug_info</name>
         <load_address>0x189ec</load_address>
         <run_address>0x189ec</run_address>
         <size>0x210</size>
         <input_file_ref idref="fl-e9"/>
      </object_component>
      <object_component id="oc-336">
         <name>.debug_info</name>
         <load_address>0x18bfc</load_address>
         <run_address>0x18bfc</run_address>
         <size>0x3a3</size>
         <input_file_ref idref="fl-ea"/>
      </object_component>
      <object_component id="oc-29a">
         <name>.debug_info</name>
         <load_address>0x18f9f</load_address>
         <run_address>0x18f9f</run_address>
         <size>0x20c</size>
         <input_file_ref idref="fl-ea"/>
      </object_component>
      <object_component id="oc-33c">
         <name>.debug_info</name>
         <load_address>0x191ab</load_address>
         <run_address>0x191ab</run_address>
         <size>0x377</size>
         <input_file_ref idref="fl-eb"/>
      </object_component>
      <object_component id="oc-2a5">
         <name>.debug_info</name>
         <load_address>0x19522</load_address>
         <run_address>0x19522</run_address>
         <size>0x1fb</size>
         <input_file_ref idref="fl-eb"/>
      </object_component>
      <object_component id="oc-34a">
         <name>.debug_info</name>
         <load_address>0x1971d</load_address>
         <run_address>0x1971d</run_address>
         <size>0x3d5</size>
         <input_file_ref idref="fl-ec"/>
      </object_component>
      <object_component id="oc-2be">
         <name>.debug_info</name>
         <load_address>0x19af2</load_address>
         <run_address>0x19af2</run_address>
         <size>0x236</size>
         <input_file_ref idref="fl-ec"/>
      </object_component>
      <object_component id="oc-342">
         <name>.debug_info</name>
         <load_address>0x19d28</load_address>
         <run_address>0x19d28</run_address>
         <size>0x396</size>
         <input_file_ref idref="fl-ed"/>
      </object_component>
      <object_component id="oc-2b6">
         <name>.debug_info</name>
         <load_address>0x1a0be</load_address>
         <run_address>0x1a0be</run_address>
         <size>0x1c6</size>
         <input_file_ref idref="fl-ed"/>
      </object_component>
      <object_component id="oc-33e">
         <name>.debug_info</name>
         <load_address>0x1a284</load_address>
         <run_address>0x1a284</run_address>
         <size>0x378</size>
         <input_file_ref idref="fl-ee"/>
      </object_component>
      <object_component id="oc-2ad">
         <name>.debug_info</name>
         <load_address>0x1a5fc</load_address>
         <run_address>0x1a5fc</run_address>
         <size>0x200</size>
         <input_file_ref idref="fl-ee"/>
      </object_component>
      <object_component id="oc-380">
         <name>.debug_info</name>
         <load_address>0x1a7fc</load_address>
         <run_address>0x1a7fc</run_address>
         <size>0x2bb</size>
         <input_file_ref idref="fl-ef"/>
      </object_component>
      <object_component id="oc-37d">
         <name>.debug_info</name>
         <load_address>0x1aab7</load_address>
         <run_address>0x1aab7</run_address>
         <size>0x108</size>
         <input_file_ref idref="fl-ef"/>
      </object_component>
      <object_component id="oc-32a">
         <name>.debug_info</name>
         <load_address>0x1abbf</load_address>
         <run_address>0x1abbf</run_address>
         <size>0x1df</size>
         <input_file_ref idref="fl-ef"/>
      </object_component>
      <object_component id="oc-330">
         <name>.debug_info</name>
         <load_address>0x1ad9e</load_address>
         <run_address>0x1ad9e</run_address>
         <size>0x19a</size>
         <input_file_ref idref="fl-ef"/>
      </object_component>
      <object_component id="oc-38f">
         <name>.debug_info</name>
         <load_address>0x1af38</load_address>
         <run_address>0x1af38</run_address>
         <size>0x2a4</size>
         <input_file_ref idref="fl-f0"/>
      </object_component>
      <object_component id="oc-344">
         <name>.debug_info</name>
         <load_address>0x1b1dc</load_address>
         <run_address>0x1b1dc</run_address>
         <size>0x24d</size>
         <input_file_ref idref="fl-f0"/>
      </object_component>
      <object_component id="oc-37b">
         <name>.debug_info</name>
         <load_address>0x1b429</load_address>
         <run_address>0x1b429</run_address>
         <size>0x28f</size>
         <input_file_ref idref="fl-f1"/>
      </object_component>
      <object_component id="oc-326">
         <name>.debug_info</name>
         <load_address>0x1b6b8</load_address>
         <run_address>0x1b6b8</run_address>
         <size>0x245</size>
         <input_file_ref idref="fl-f1"/>
      </object_component>
      <object_component id="oc-3ec">
         <name>.debug_info</name>
         <load_address>0x1b8fd</load_address>
         <run_address>0x1b8fd</run_address>
         <size>0xce</size>
      </object_component>
      <object_component id="oc-1ee">
         <name>.debug_line</name>
         <load_address>0x0</load_address>
         <run_address>0x0</run_address>
         <size>0x3b</size>
         <input_file_ref idref="fl-2"/>
      </object_component>
      <object_component id="oc-84">
         <name>.debug_line</name>
         <load_address>0x3b</load_address>
         <run_address>0x3b</run_address>
         <size>0xf1</size>
         <input_file_ref idref="fl-2"/>
      </object_component>
      <object_component id="oc-1de">
         <name>.debug_line</name>
         <load_address>0x12c</load_address>
         <run_address>0x12c</run_address>
[...]
         <object_component_ref idref="oc-88"/>
      </symbol>
      <symbol id="sm-380">
         <name>OPT3101_Setup</name>
         <value>0x87d</value>
         <object_component_ref idref="oc-88"/>
      </symbol>
      <symbol id="sm-381">
         <name>OPT3101_MeasurementError</name>
         <value>0xaef</value>
         <object_component_ref idref="oc-88"/>
      </symbol>
      <symbol id="sm-382">
         <name>OPT3101_ArmInterrupts</name>
         <value>0xbe7</value>
         <object_component_ref idref="oc-88"/>
      </symbol>
      <symbol id="sm-383">
         <name>OPT3101_ReadRegister</name>
         <value>0x7b5</value>
         <object_component_ref idref="oc-88"/>
      </symbol>
      <symbol id="sm-384">
         <name>OPT3101_GetDistanceMillimeters</name>
         <value>0xb37</value>
         <object_component_ref idref="oc-88"/>
      </symbol>
      <symbol id="sm-385">
         <name>OPT3101_Init</name>
         <value>0x81f</value>
         <object_component_ref idref="oc-88"/>
      </symbol>
      <symbol id="sm-386">
         <name>OPT3101_GetAmplitude</name>
         <value>0xb19</value>
         <object_component_ref idref="oc-88"/>
      </symbol>
      <symbol id="sm-387">
         <name>PORT6_IRQHandler</name>
         <value>0xc3d</value>
         <object_component_ref idref="oc-88"/>
      </symbol>
      <symbol id="sm-388">
         <name>OPT3101_StartMeasurementChannel</name>
         <value>0xa97</value>
         <object_component_ref idref="oc-88"/>
      </symbol>
      <symbol id="sm-389">
         <name>OPT3101_GetPhase</name>
         <value>0xb2d</value>
         <object_component_ref idref="oc-88"/>
      </symbol>
      <symbol id="sm-38a">
         <name>OPT3101_WriteRegister</name>
         <value>0x7e5</value>
         <object_component_ref idref="oc-88"/>
      </symbol>
      <symbol id="sm-38b">
         <name>OPT3101_GetTxChannel</name>
         <value>0xb0f</value>
         <object_component_ref idref="oc-88"/>
      </symbol>
      <symbol id="sm-3a0">
         <name>Reset_Handler</name>
         <value>0x315d</value>
         <object_component_ref idref="oc-6a"/>
      </symbol>
      <symbol id="sm-3a1">
         <name>Default_Handler</name>
         <value>0x3169</value>
         <object_component_ref idref="oc-6a"/>
      </symbol>
      <symbol id="sm-3a2">
         <name>interruptVectors</name>
         <value>0x0</value>
         <object_component_ref idref="oc-26"/>
      </symbol>
      <symbol id="sm-3ea">
         <name>SystemInit</name>
         <value>0x12ed</value>
         <object_component_ref idref="oc-c4"/>
      </symbol>
      <symbol id="sm-3eb">
         <name>SystemCoreClockUpdate</name>
         <value>0x1075</value>
         <object_component_ref idref="oc-c4"/>
      </symbol>
      <symbol id="sm-3ec">
         <name>SystemCoreClock</name>
         <value>0x20000894</value>
         <object_component_ref idref="oc-196"/>
      </symbol>
      <symbol id="sm-448">
         <name>__TI_cleanup</name>
         <value>0x2f21</value>
         <object_component_ref idref="oc-24d"/>
      </symbol>
      <symbol id="sm-449">
         <name>freopen</name>
         <value>0x2fbd</value>
         <object_component_ref idref="oc-1aa"/>
      </symbol>
      <symbol id="sm-44a">
         <name>fopen</name>
         <value>0x278d</value>
         <object_component_ref idref="oc-1a4"/>
      </symbol>
      <symbol id="sm-46b">
         <name>setvbuf</name>
         <value>0x23e5</value>
         <object_component_ref idref="oc-1b0"/>
      </symbol>
      <symbol id="sm-47a">
         <name>__aeabi_memset</name>
         <value>0x28c7</value>
         <object_component_ref idref="oc-ac"/>
      </symbol>
      <symbol id="sm-47b">
         <name>memset</name>
         <value>0x28cd</value>
         <object_component_ref idref="oc-ac"/>
      </symbol>
      <symbol id="sm-47c">
         <name>__aeabi_memset8</name>
         <value>0x28c7</value>
         <object_component_ref idref="oc-ac"/>
      </symbol>
      <symbol id="sm-47d">
         <name>__aeabi_memset4</name>
         <value>0x28c7</value>
         <object_component_ref idref="oc-ac"/>
      </symbol>
      <symbol id="sm-47e">
         <name>__aeabi_memclr8</name>
         <value>0x28c5</value>
         <object_component_ref idref="oc-ac"/>
      </symbol>
      <symbol id="sm-47f">
         <name>__aeabi_memclr4</name>
         <value>0x28c5</value>
         <object_component_ref idref="oc-ac"/>
      </symbol>
      <symbol id="sm-480">
         <name>__aeabi_memclr</name>
         <value>0x28c5</value>
         <object_component_ref idref="oc-ac"/>
      </symbol>
      <symbol id="sm-499">
         <name>__TI_zero_init_nomemset</name>
         <value>0x30c1</value>
         <object_component_ref idref="oc-46"/>
      </symbol>
      <symbol id="sm-4b0">
         <name>__TI_decompress_none</name>
         <value>0x314f</value>
         <object_component_ref idref="oc-1d"/>
      </symbol>
      <symbol id="sm-4d3">
         <name>__TI_decompress_lzss</name>
         <value>0x2af9</value>
         <object_component_ref idref="oc-17"/>
      </symbol>
      <symbol id="sm-4f9">
         <name>C$$EXIT</name>
         <value>0x3177</value>
         <object_component_ref idref="oc-158"/>
      </symbol>
      <symbol id="sm-4fa">
         <name>abort</name>
         <value>0x3177</value>
         <object_component_ref idref="oc-158"/>
      </symbol>
      <symbol id="sm-4fb">
         <name>__TI_dtors_ptr</name>
         <value>0x20000858</value>
         <object_component_ref idref="oc-1f4"/>
      </symbol>
      <symbol id="sm-4fc">
         <name>__TI_cleanup_ptr</name>
         <value>0x20000854</value>
         <object_component_ref idref="oc-1f4"/>
      </symbol>
      <symbol id="sm-4fd">
         <name>__TI_enable_exit_profile_output</name>
         <value>0x2000085c</value>
         <object_component_ref idref="oc-1f4"/>
      </symbol>
      <symbol id="sm-4fe">
         <name>exit</name>
         <value>0x2d19</value>
         <object_component_ref idref="oc-15e"/>
      </symbol>
      <symbol id="sm-513">
         <name>_nop</name>
         <value>0x293f</value>
         <object_component_ref idref="oc-26e"/>
      </symbol>
      <symbol id="sm-514">
         <name>_lock</name>
         <value>0x20000878</value>
         <object_component_ref idref="oc-1f7"/>
      </symbol>
      <symbol id="sm-515">
         <name>_unlock</name>
         <value>0x2000087c</value>
         <object_component_ref idref="oc-1f7"/>
      </symbol>
      <symbol id="sm-52a">
         <name>__TI_tmpnams</name>
         <value>0x20000520</value>
      </symbol>
      <symbol id="sm-52b">
         <name>__aeabi_stdout</name>
         <value>0x2000084c</value>
         <object_component_ref idref="oc-235"/>
      </symbol>
      <symbol id="sm-52c">
         <name>__aeabi_stderr</name>
         <value>0x20000850</value>
         <object_component_ref idref="oc-235"/>
      </symbol>
      <symbol id="sm-52d">
         <name>__aeabi_stdin</name>
         <value>0x20000848</value>
         <object_component_ref idref="oc-235"/>
      </symbol>
      <symbol id="sm-52e">
         <name>_ftable</name>
         <value>0x2000064c</value>
         <object_component_ref idref="oc-1b6"/>
      </symbol>
      <symbol id="sm-52f">
         <name>__TI_ft_end</name>
         <value>0x20000844</value>
         <object_component_ref idref="oc-235"/>
      </symbol>
      <symbol id="sm-5b3">
         <name>_sys_memory</name>
         <value>0x20000000</value>
         <object_component_ref idref="oc-29"/>
      </symbol>
      <symbol id="sm-5b4">
         <name>free</name>
         <value>0x2301</value>
         <object_component_ref idref="oc-241"/>
      </symbol>
      <symbol id="sm-5b5">
         <name>memalign</name>
         <value>0x2201</value>
         <object_component_ref idref="oc-302"/>
      </symbol>
      <symbol id="sm-5b6">
         <name>malloc</name>
         <value>0x316b</value>
         <object_component_ref idref="oc-247"/>
      </symbol>
      <symbol id="sm-5b7">
         <name>aligned_alloc</name>
         <value>0x2201</value>
         <object_component_ref idref="oc-302"/>
      </symbol>
      <symbol id="sm-5ca">
         <name>__stack</name>
         <value>0x2000fe00</value>
         <object_component_ref idref="oc-2c"/>
      </symbol>
      <symbol id="sm-5cb">
         <name>_c_int00_noargs</name>
         <value>0x2f89</value>
         <object_component_ref idref="oc-58"/>
      </symbol>
      <symbol id="sm-5ed">
         <name>open</name>
         <value>0x24c1</value>
         <object_component_ref idref="oc-2d0"/>
      </symbol>
      <symbol id="sm-612">
         <name>add_device</name>
         <value>0x257d</value>
         <object_component_ref idref="oc-19e"/>
      </symbol>
      <symbol id="sm-627">
         <name>__TI_closefile</name>
         <value>0x2941</value>
         <object_component_ref idref="oc-23a"/>
      </symbol>
      <symbol id="sm-637">
         <name>__TI_doflush</name>
         <value>0x2ccd</value>
         <object_component_ref idref="oc-2e0"/>
      </symbol>
      <symbol id="sm-655">
         <name>finddevice</name>
         <value>0x2ff1</value>
         <object_component_ref idref="oc-21c"/>
      </symbol>
      <symbol id="sm-656">
         <name>getdevice</name>
         <value>0x2e2d</value>
         <object_component_ref idref="oc-352"/>
      </symbol>
      <symbol id="sm-671">
         <name>memcpy</name>
         <value>0x2829</value>
         <object_component_ref idref="oc-3a"/>
      </symbol>
      <symbol id="sm-672">
         <name>__aeabi_memcpy</name>
         <value>0x2829</value>
         <object_component_ref idref="oc-3a"/>
      </symbol>
      <symbol id="sm-673">
         <name>__aeabi_memcpy8</name>
         <value>0x2829</value>
         <object_component_ref idref="oc-3a"/>
      </symbol>
      <symbol id="sm-674">
         <name>__aeabi_memcpy4</name>
         <value>0x2829</value>
         <object_component_ref idref="oc-3a"/>
      </symbol>
      <symbol id="sm-69c">
         <name>__TI_auto_init_nobinit_nopinit</name>
         <value>0x2de9</value>
         <object_component_ref idref="oc-164"/>
      </symbol>
      <symbol id="sm-6a6">
         <name>_system_pre_init</name>
         <value>0x3173</value>
         <object_component_ref idref="oc-b2"/>
      </symbol>
      <symbol id="sm-6b8">
         <name>strchr</name>
         <value>0x3111</value>
         <object_component_ref idref="oc-392"/>
      </symbol>
      <symbol id="sm-6c7">
         <name>strcmp</name>
         <value>0x30f9</value>
         <object_component_ref idref="oc-28d"/>
      </symbol>
      <symbol id="sm-6d7">
         <name>strncpy</name>
         <value>0x2ee9</value>
         <object_component_ref idref="oc-222"/>
      </symbol>
      <symbol id="sm-6e7">
         <name>write</name>
         <value>0x3075</value>
         <object_component_ref idref="oc-35e"/>
      </symbol>
      <symbol id="sm-6f8">
         <name>_stream</name>
         <value>0x200007b4</value>
         <object_component_ref idref="oc-359"/>
      </symbol>
      <symbol id="sm-6f9">
         <name>_device</name>
         <value>0x2000073c</value>
         <object_component_ref idref="oc-229"/>
      </symbol>
      <symbol id="sm-70e">
         <name>close</name>
         <value>0x2bc1</value>
         <object_component_ref idref="oc-2e6"/>
      </symbol>
      <symbol id="sm-71e">
         <name>unlink</name>
         <value>0x3021</value>
         <object_component_ref idref="oc-2ec"/>
      </symbol>
      <symbol id="sm-72f">
         <name>HOSTclose</name>
         <value>0x2d61</value>
         <object_component_ref idref="oc-29d"/>
      </symbol>
      <symbol id="sm-740">
         <name>HOSTlseek</name>
         <value>0x2a91</value>
         <object_component_ref idref="oc-2af"/>
      </symbol>
      <symbol id="sm-752">
         <name>parmbuf</name>
         <value>0x200005f4</value>
      </symbol>
      <symbol id="sm-753">
         <name>HOSTopen</name>
         <value>0x2b61</value>
         <object_component_ref idref="oc-297"/>
      </symbol>
      <symbol id="sm-764">
         <name>HOSTread</name>
         <value>0x2c1d</value>
         <object_component_ref idref="oc-2a3"/>
      </symbol>
      <symbol id="sm-775">
         <name>HOSTrename</name>
         <value>0x2a25</value>
         <object_component_ref idref="oc-2bb"/>
      </symbol>
      <symbol id="sm-786">
         <name>HOSTunlink</name>
         <value>0x2da5</value>
         <object_component_ref idref="oc-2b5"/>
      </symbol>
      <symbol id="sm-797">
         <name>HOSTwrite</name>
         <value>0x2c75</value>
         <object_component_ref idref="oc-2a9"/>
      </symbol>
      <symbol id="sm-7bb">
         <name>__TI_readmsg</name>
         <value>0x2f55</value>
         <object_component_ref idref="oc-32f"/>
      </symbol>
      <symbol id="sm-7bc">
         <name>C$$IO$$</name>
         <value>0x2edf</value>
         <object_component_ref idref="oc-329"/>
      </symbol>
      <symbol id="sm-7bd">
         <name>__CIOBUF_</name>
         <value>0x20000400</value>
         <object_component_ref idref="oc-37c"/>
      </symbol>
      <symbol id="sm-7be">
         <name>__TI_writemsg</name>
         <value>0x2eb1</value>
         <object_component_ref idref="oc-329"/>
      </symbol>
      <symbol id="sm-7cc">
         <name>strcpy</name>
         <value>0x3127</value>
         <object_component_ref idref="oc-343"/>
      </symbol>
      <symbol id="sm-7da">
         <name>strlen</name>
         <value>0x313b</value>
         <object_component_ref idref="oc-323"/>
      </symbol>
      <symbol id="sm-7db">
         <name>__TI_static_base__</name>
         <value>0x0</value>
      </symbol>
      <symbol id="sm-7de">
         <name>__mpu_init</name>
         <value>0x0</value>
      </symbol>
      <symbol id="sm-7df">
         <name>_system_post_cinit</name>
         <value>0x0</value>
      </symbol>
      <symbol id="sm-7e0">
         <name>NMI_Handler</name>
         <value>0x3169</value>
      </symbol>
      <symbol id="sm-7e1">
         <name>HardFault_Handler</name>
         <value>0x3169</value>
      </symbol>
      <symbol id="sm-7e2">
         <name>MemManage_Handler</name>
         <value>0x3169</value>
      </symbol>
      <symbol id="sm-7e3">
         <name>BusFault_Handler</name>
         <value>0x3169</value>
      </symbol>
      <symbol id="sm-7e4">
         <name>UsageFault_Handler</name>
         <value>0x3169</value>
      </symbol>
      <symbol id="sm-7e5">
         <name>SVC_Handler</name>
         <value>0x3169</value>
      </symbol>
      <symbol id="sm-7e6">
         <name>DebugMon_Handler</name>
         <value>0x3169</value>
      </symbol>
      <symbol id="sm-7e7">
         <name>PendSV_Handler</name>
         <value>0x3169</value>
      </symbol>
      <symbol id="sm-7e8">
         <name>SysTick_Handler</name>
         <value>0x1401</value>
      </symbol>
      <symbol id="sm-7e9">
         <name>PSS_IRQHandler</name>
         <value>0x3169</value>
      </symbol>
      <symbol id="sm-7ea">
         <name>CS_IRQHandler</name>
         <value>0x3169</value>
      </symbol>
      <symbol id="sm-7eb">
         <name>PCM_IRQHandler</name>
         <value>0x3169</value>
      </symbol>
      <symbol id="sm-7ec">
         <name>WDT_A_IRQHandler</name>
         <value>0x3169</value>
      </symbol>
      <symbol id="sm-7ed">
         <name>FPU_IRQHandler</name>
         <value>0x3169</value>
      </symbol>
      <symbol id="sm-7ee">
         <name>FLCTL_IRQHandler</name>
         <value>0x3169</value>
      </symbol>
      <symbol id="sm-7ef">
         <name>COMP_E0_IRQHandler</name>
         <value>0x3169</value>
      </symbol>
      <symbol id="sm-7f0">
         <name>COMP_E1_IRQHandler</name>
         <value>0x3169</value>
      </symbol>
      <symbol id="sm-7f1">
         <name>TA0_0_IRQHandler</name>
         <value>0x275b</value>
      </symbol>
      <symbol id="sm-7f2">
         <name>TA0_N_IRQHandler</name>
         <value>0x3169</value>
      </symbol>
      <symbol id="sm-7f3">
         <name>TA1_0_IRQHandler</name>
         <value>0x3169</value>
      </symbol>
      <symbol id="sm-7f4">
         <name>TA1_N_IRQHandler</name>
         <value>0x3169</value>
      </symbol>
      <symbol id="sm-7f5">
         <name>TA2_0_IRQHandler</name>
         <value>0x3169</value>
      </symbol>
      <symbol id="sm-7f6">
         <name>TA2_N_IRQHandler</name>
         <value>0x3169</value>
      </symbol>
      <symbol id="sm-7f7">
         <name>TA3_0_IRQHandler</name>
         <value>0x1b8d</value>
      </symbol>
      <symbol id="sm-7f8">
         <name>TA3_N_IRQHandler</name>
         <value>0x1ba7</value>
      </symbol>
      <symbol id="sm-7f9">
         <name>EUSCIA0_IRQHandler</name>
         <value>0x3169</value>
      </symbol>
      <symbol id="sm-7fa">
         <name>EUSCIA1_IRQHandler</name>
         <value>0x3169</value>
      </symbol>
      <symbol id="sm-7fb">
         <name>EUSCIA2_IRQHandler</name>
         <value>0x3169</value>
      </symbol>
      <symbol id="sm-7fc">
         <name>EUSCIA3_IRQHandler</name>
         <value>0x3169</value>
      </symbol>
      <symbol id="sm-7fd">
         <name>EUSCIB0_IRQHandler</name>
         <value>0x3169</value>
      </symbol>
      <symbol id="sm-7fe">
         <name>EUSCIB1_IRQHandler</name>
         <value>0x3169</value>
      </symbol>
      <symbol id="sm-7ff">
         <name>EUSCIB2_IRQHandler</name>
         <value>0x3169</value>
      </symbol>
      <symbol id="sm-800">
         <name>EUSCIB3_IRQHandler</name>
         <value>0x3169</value>
      </symbol>
      <symbol id="sm-801">
         <name>ADC14_IRQHandler</name>
         <value>0x3169</value>
      </symbol>
      <symbol id="sm-802">
         <name>T32_INT1_IRQHandler</name>
         <value>0x3169</value>
      </symbol>
      <symbol id="sm-803">
         <name>T32_INT2_IRQHandler</name>
         <value>0x3169</value>
      </symbol>
      <symbol id="sm-804">
         <name>T32_INTC_IRQHandler</name>
         <value>0x3169</value>
      </symbol>
      <symbol id="sm-805">
         <name>AES256_IRQHandler</name>
         <value>0x3169</value>
      </symbol>
      <symbol id="sm-806">
         <name>RTC_C_IRQHandler</name>
         <value>0x3169</value>
      </symbol>
      <symbol id="sm-807">
         <name>DMA_ERR_IRQHandler</name>
         <value>0x3169</value>
      </symbol>
      <symbol id="sm-808">
         <name>DMA_INT3_IRQHandler</name>
         <value>0x3169</value>
      </symbol>
      <symbol id="sm-809">
         <name>DMA_INT2_IRQHandler</name>
         <value>0x3169</value>
      </symbol>
      <symbol id="sm-80a">
         <name>DMA_INT1_IRQHandler</name>
         <value>0x3169</value>
      </symbol>
      <symbol id="sm-80b">
         <name>DMA_INT0_IRQHandler</name>
         <value>0x3169</value>
      </symbol>
      <symbol id="sm-80c">
         <name>PORT1_IRQHandler</name>
         <value>0x3169</value>
      </symbol>
      <symbol id="sm-80d">
         <name>PORT2_IRQHandler</name>
         <value>0x3169</value>
      </symbol>
      <symbol id="sm-80e">
         <name>PORT3_IRQHandler</name>
         <value>0x3169</value>
      </symbol>
      <symbol id="sm-80f">
         <name>PORT4_IRQHandler</name>
         <value>0x2083</value>
      </symbol>
      <symbol id="sm-810">
         <name>PORT5_IRQHandler</name>
         <value>0x3169</value>
      </symbol>
      <symbol id="sm-811">
         <name>PORT6_IRQHandler</name>
         <value>0xc3d</value>
      </symbol>
      <symbol id="sm-812">
         <name>remove</name>
         <value>0x3021</value>
      </symbol>
   </symbol_table>
   <title>Link successful</title>
</link_info>
