<?xml version="1.0" encoding="ISO-8859-1" ?>
<link_info>
   <banner>TI ARM Linker PC v20.2.7.LTS</banner>
   <copyright>Copyright (c) 1996-2018 Texas Instruments Incorporated</copyright>
   <link_time>0x662f1125</link_time>
   <link_errors>0x0</link_errors>
   <output_file>Final Race.out</output_file>
   <entry_point>
      <name>_c_int00_noargs</name>
      <address>0x2e2d</address>
   </entry_point>
   <input_file_list>
      <input_file id="fl-2">
         <path>.\</path>
         <kind>object</kind>
         <file>Bump.obj</file>
         <name>Bump.obj</name>
      </input_file>
      <input_file id="fl-3">
         <path>.\</path>
         <kind>object</kind>
         <file>Clock.obj</file>
         <name>Clock.obj</name>
      </input_file>
      <input_file id="fl-4">
         <path>.\</path>
         <kind>object</kind>
         <file>CortexM.obj</file>
         <name>CortexM.obj</name>
      </input_file>
      <input_file id="fl-5">
         <path>.\</path>
         <kind>object</kind>
         <file>FFT.obj</file>
         <name>FFT.obj</name>
      </input_file>
      <input_file id="fl-6">
         <path>.\</path>
         <kind>object</kind>
         <file>I2CB1.obj</file>
         <name>I2CB1.obj</name>
      </input_file>
      <input_file id="fl-7">
         <path>.\</path>
         <kind>object</kind>
         <file>LPF.obj</file>
         <name>LPF.obj</name>
      </input_file>
      <input_file id="fl-8">
         <path>.\</path>
         <kind>object</kind>
         <file>Motor.obj</file>
         <name>Motor.obj</name>
      </input_file>
      <input_file id="fl-9">
         <path>.\</path>
         <kind>object</kind>
         <file>PWM.obj</file>
         <name>PWM.obj</name>
      </input_file>
      <input_file id="fl-a">
         <path>.\</path>
         <kind>object</kind>
         <file>Reflectance.obj</file>
         <name>Reflectance.obj</name>
      </input_file>
      <input_file id="fl-b">
         <path>.\</path>
         <kind>object</kind>
         <file>SysTickInts.obj</file>
         <name>SysTickInts.obj</name>
      </input_file>
      <input_file id="fl-c">
         <path>.\</path>
         <kind>object</kind>
         <file>TA3InputCapture.obj</file>
         <name>TA3InputCapture.obj</name>
      </input_file>
      <input_file id="fl-d">
         <path>.\</path>
         <kind>object</kind>
         <file>Tachometer.obj</file>
         <name>Tachometer.obj</name>
      </input_file>
      <input_file id="fl-e">
         <path>.\</path>
         <kind>object</kind>
         <file>TimerA0.obj</file>
         <name>TimerA0.obj</name>
      </input_file>
      <input_file id="fl-f">
         <path>.\</path>
         <kind>object</kind>
         <file>TimerA1.obj</file>
         <name>TimerA1.obj</name>
      </input_file>
      <input_file id="fl-10">
         <path>.\</path>
         <kind>object</kind>
         <file>UART0.obj</file>
         <name>UART0.obj</name>
      </input_file>
      <input_file id="fl-11">
         <path>.\</path>
         <kind>object</kind>
         <file>main.obj</file>
         <name>main.obj</name>
      </input_file>
      <input_file id="fl-12">
         <path>.\</path>
         <kind>object</kind>
         <file>opt3101.obj</file>
         <name>opt3101.obj</name>
      </input_file>
      <input_file id="fl-13">
         <path>.\</path>
         <kind>object</kind>
         <file>startup_msp432p401r_ccs.obj</file>
         <name>startup_msp432p401r_ccs.obj</name>
      </input_file>
      <input_file id="fl-14">
         <path>.\</path>
         <kind>object</kind>
         <file>system_msp432p401r.obj</file>
         <name>system_msp432p401r.obj</name>
      </input_file>
      <input_file id="fl-18">
         <kind>object</kind>
         <file>&lt;internal&gt;</file>
         <name>&lt;internal&gt;</name>
      </input_file>
      <input_file id="fl-ce">
         <path>C:\ti\ccs1260\ccs\tools\compiler\ti-cgt-arm_20.2.7.LTS\lib\</path>
         <kind>archive</kind>
         <file>rtsv7M4_T_le_v4SPD16_eabi.lib</file>
         <name>fopen.c.obj</name>
      </input_file>
      <input_file id="fl-cf">
         <path>C:\ti\ccs1260\ccs\tools\compiler\ti-cgt-arm_20.2.7.LTS\lib\</path>
         <kind>archive</kind>
         <file>rtsv7M4_T_le_v4SPD16_eabi.lib</file>
         <name>setvbuf.c.obj</name>
      </input_file>
      <input_file id="fl-d0">
         <path>C:\ti\ccs1260\ccs\tools\compiler\ti-cgt-arm_20.2.7.LTS\lib\</path>
         <kind>archive</kind>
         <file>rtsv7M4_T_le_v4SPD16_eabi.lib</file>
         <name>memset_t2.asm.obj</name>
      </input_file>
      <input_file id="fl-d1">
         <path>C:\ti\ccs1260\ccs\tools\compiler\ti-cgt-arm_20.2.7.LTS\lib\</path>
         <kind>archive</kind>
         <file>rtsv7M4_T_le_v4SPD16_eabi.lib</file>
         <name>copy_zero_init.c.obj</name>
      </input_file>
      <input_file id="fl-d2">
         <path>C:\ti\ccs1260\ccs\tools\compiler\ti-cgt-arm_20.2.7.LTS\lib\</path>
         <kind>archive</kind>
         <file>rtsv7M4_T_le_v4SPD16_eabi.lib</file>
         <name>copy_decompress_none.c.obj</name>
      </input_file>
      <input_file id="fl-d3">
         <path>C:\ti\ccs1260\ccs\tools\compiler\ti-cgt-arm_20.2.7.LTS\lib\</path>
         <kind>archive</kind>
         <file>rtsv7M4_T_le_v4SPD16_eabi.lib</file>
         <name>copy_decompress_lzss.c.obj</name>
      </input_file>
      <input_file id="fl-d4">
         <path>C:\ti\ccs1260\ccs\tools\compiler\ti-cgt-arm_20.2.7.LTS\lib\</path>
         <kind>archive</kind>
         <file>rtsv7M4_T_le_v4SPD16_eabi.lib</file>
         <name>exit.c.obj</name>
      </input_file>
      <input_file id="fl-d5">
         <path>C:\ti\ccs1260\ccs\tools\compiler\ti-cgt-arm_20.2.7.LTS\lib\</path>
         <kind>archive</kind>
         <file>rtsv7M4_T_le_v4SPD16_eabi.lib</file>
         <name>_lock.c.obj</name>
      </input_file>
      <input_file id="fl-d6">
         <path>C:\ti\ccs1260\ccs\tools\compiler\ti-cgt-arm_20.2.7.LTS\lib\</path>
         <kind>archive</kind>
         <file>rtsv7M4_T_le_v4SPD16_eabi.lib</file>
         <name>defs.c.obj</name>
      </input_file>
      <input_file id="fl-d7">
         <path>C:\ti\ccs1260\ccs\tools\compiler\ti-cgt-arm_20.2.7.LTS\lib\</path>
         <kind>archive</kind>
         <file>rtsv7M4_T_le_v4SPD16_eabi.lib</file>
         <name>memory.c.obj</name>
      </input_file>
      <input_file id="fl-d8">
         <path>C:\ti\ccs1260\ccs\tools\compiler\ti-cgt-arm_20.2.7.LTS\lib\</path>
         <kind>archive</kind>
         <file>rtsv7M4_T_le_v4SPD16_eabi.lib</file>
         <name>boot_cortex_m.c.obj</name>
      </input_file>
      <input_file id="fl-d9">
         <path>C:\ti\ccs1260\ccs\tools\compiler\ti-cgt-arm_20.2.7.LTS\lib\</path>
         <kind>archive</kind>
         <file>rtsv7M4_T_le_v4SPD16_eabi.lib</file>
         <name>open.c.obj</name>
      </input_file>
      <input_file id="fl-da">
         <path>C:\ti\ccs1260\ccs\tools\compiler\ti-cgt-arm_20.2.7.LTS\lib\</path>
         <kind>archive</kind>
         <file>rtsv7M4_T_le_v4SPD16_eabi.lib</file>
         <name>add_device.c.obj</name>
      </input_file>
      <input_file id="fl-db">
         <path>C:\ti\ccs1260\ccs\tools\compiler\ti-cgt-arm_20.2.7.LTS\lib\</path>
         <kind>archive</kind>
         <file>rtsv7M4_T_le_v4SPD16_eabi.lib</file>
         <name>fclose.c.obj</name>
      </input_file>
      <input_file id="fl-dc">
         <path>C:\ti\ccs1260\ccs\tools\compiler\ti-cgt-arm_20.2.7.LTS\lib\</path>
         <kind>archive</kind>
         <file>rtsv7M4_T_le_v4SPD16_eabi.lib</file>
         <name>fflush.c.obj</name>
      </input_file>
      <input_file id="fl-dd">
         <path>C:\ti\ccs1260\ccs\tools\compiler\ti-cgt-arm_20.2.7.LTS\lib\</path>
         <kind>archive</kind>
         <file>rtsv7M4_T_le_v4SPD16_eabi.lib</file>
         <name>getdevice.c.obj</name>
      </input_file>
      <input_file id="fl-de">
         <path>C:\ti\ccs1260\ccs\tools\compiler\ti-cgt-arm_20.2.7.LTS\lib\</path>
         <kind>archive</kind>
         <file>rtsv7M4_T_le_v4SPD16_eabi.lib</file>
         <name>memcpy_t2.asm.obj</name>
      </input_file>
      <input_file id="fl-df">
         <path>C:\ti\ccs1260\ccs\tools\compiler\ti-cgt-arm_20.2.7.LTS\lib\</path>
         <kind>archive</kind>
         <file>rtsv7M4_T_le_v4SPD16_eabi.lib</file>
         <name>autoinit.c.obj</name>
      </input_file>
      <input_file id="fl-e0">
         <path>C:\ti\ccs1260\ccs\tools\compiler\ti-cgt-arm_20.2.7.LTS\lib\</path>
         <kind>archive</kind>
         <file>rtsv7M4_T_le_v4SPD16_eabi.lib</file>
         <name>pre_init.c.obj</name>
      </input_file>
      <input_file id="fl-e1">
         <path>C:\ti\ccs1260\ccs\tools\compiler\ti-cgt-arm_20.2.7.LTS\lib\</path>
         <kind>archive</kind>
         <file>rtsv7M4_T_le_v4SPD16_eabi.lib</file>
         <name>cpy_tbl.c.obj</name>
      </input_file>
      <input_file id="fl-e2">
         <path>C:\ti\ccs1260\ccs\tools\compiler\ti-cgt-arm_20.2.7.LTS\lib\</path>
         <kind>archive</kind>
         <file>rtsv7M4_T_le_v4SPD16_eabi.lib</file>
         <name>args_main.c.obj</name>
      </input_file>
      <input_file id="fl-e3">
         <path>C:\ti\ccs1260\ccs\tools\compiler\ti-cgt-arm_20.2.7.LTS\lib\</path>
         <kind>archive</kind>
         <file>rtsv7M4_T_le_v4SPD16_eabi.lib</file>
         <name>strchr.c.obj</name>
      </input_file>
      <input_file id="fl-e4">
         <path>C:\ti\ccs1260\ccs\tools\compiler\ti-cgt-arm_20.2.7.LTS\lib\</path>
         <kind>archive</kind>
         <file>rtsv7M4_T_le_v4SPD16_eabi.lib</file>
         <name>strcmp.c.obj</name>
      </input_file>
      <input_file id="fl-e5">
         <path>C:\ti\ccs1260\ccs\tools\compiler\ti-cgt-arm_20.2.7.LTS\lib\</path>
         <kind>archive</kind>
         <file>rtsv7M4_T_le_v4SPD16_eabi.lib</file>
         <name>strncpy.c.obj</name>
      </input_file>
      <input_file id="fl-e6">
         <path>C:\ti\ccs1260\ccs\tools\compiler\ti-cgt-arm_20.2.7.LTS\lib\</path>
         <kind>archive</kind>
         <file>rtsv7M4_T_le_v4SPD16_eabi.lib</file>
         <name>write.c.obj</name>
      </input_file>
      <input_file id="fl-e7">
         <path>C:\ti\ccs1260\ccs\tools\compiler\ti-cgt-arm_20.2.7.LTS\lib\</path>
         <kind>archive</kind>
         <file>rtsv7M4_T_le_v4SPD16_eabi.lib</file>
         <name>host_device.c.obj</name>
      </input_file>
      <input_file id="fl-e8">
         <path>C:\ti\ccs1260\ccs\tools\compiler\ti-cgt-arm_20.2.7.LTS\lib\</path>
         <kind>archive</kind>
         <file>rtsv7M4_T_le_v4SPD16_eabi.lib</file>
         <name>remove.c.obj</name>
      </input_file>
      <input_file id="fl-e9">
         <path>C:\ti\ccs1260\ccs\tools\compiler\ti-cgt-arm_20.2.7.LTS\lib\</path>
         <kind>archive</kind>
         <file>rtsv7M4_T_le_v4SPD16_eabi.lib</file>
         <name>close.c.obj</name>
      </input_file>
      <input_file id="fl-ea">
         <path>C:\ti\ccs1260\ccs\tools\compiler\ti-cgt-arm_20.2.7.LTS\lib\</path>
         <kind>archive</kind>
         <file>rtsv7M4_T_le_v4SPD16_eabi.lib</file>
         <name>unlink.c.obj</name>
      </input_file>
      <input_file id="fl-eb">
         <path>C:\ti\ccs1260\ccs\tools\compiler\ti-cgt-arm_20.2.7.LTS\lib\</path>
         <kind>archive</kind>
         <file>rtsv7M4_T_le_v4SPD16_eabi.lib</file>
         <name>hostclose.c.obj</name>
      </input_file>
      <input_file id="fl-ec">
         <path>C:\ti\ccs1260\ccs\tools\compiler\ti-cgt-arm_20.2.7.LTS\lib\</path>
         <kind>archive</kind>
         <file>rtsv7M4_T_le_v4SPD16_eabi.lib</file>
         <name>hostlseek.c.obj</name>
      </input_file>
      <input_file id="fl-ed">
         <path>C:\ti\ccs1260\ccs\tools\compiler\ti-cgt-arm_20.2.7.LTS\lib\</path>
         <kind>archive</kind>
         <file>rtsv7M4_T_le_v4SPD16_eabi.lib</file>
         <name>hostopen.c.obj</name>
      </input_file>
      <input_file id="fl-ee">
         <path>C:\ti\ccs1260\ccs\tools\compiler\ti-cgt-arm_20.2.7.LTS\lib\</path>
         <kind>archive</kind>
         <file>rtsv7M4_T_le_v4SPD16_eabi.lib</file>
         <name>hostread.c.obj</name>
      </input_file>
      <input_file id="fl-ef">
         <path>C:\ti\ccs1260\ccs\tools\compiler\ti-cgt-arm_20.2.7.LTS\lib\</path>
         <kind>archive</kind>
         <file>rtsv7M4_T_le_v4SPD16_eabi.lib</file>
         <name>hostrename.c.obj</name>
      </input_file>
      <input_file id="fl-f0">
         <path>C:\ti\ccs1260\ccs\tools\compiler\ti-cgt-arm_20.2.7.LTS\lib\</path>
         <kind>archive</kind>
         <file>rtsv7M4_T_le_v4SPD16_eabi.lib</file>
         <name>hostunlink.c.obj</name>
      </input_file>
      <input_file id="fl-f1">
         <path>C:\ti\ccs1260\ccs\tools\compiler\ti-cgt-arm_20.2.7.LTS\lib\</path>
         <kind>archive</kind>
         <file>rtsv7M4_T_le_v4SPD16_eabi.lib</file>
         <name>hostwrite.c.obj</name>
      </input_file>
      <input_file id="fl-f2">
         <path>C:\ti\ccs1260\ccs\tools\compiler\ti-cgt-arm_20.2.7.LTS\lib\</path>
         <kind>archive</kind>
         <file>rtsv7M4_T_le_v4SPD16_eabi.lib</file>
         <name>trgmsg.c.obj</name>
      </input_file>
      <input_file id="fl-f3">
         <path>C:\ti\ccs1260\ccs\tools\compiler\ti-cgt-arm_20.2.7.LTS\lib\</path>
         <kind>archive</kind>
         <file>rtsv7M4_T_le_v4SPD16_eabi.lib</file>
         <name>strcpy.c.obj</name>
      </input_file>
      <input_file id="fl-f4">
         <path>C:\ti\ccs1260\ccs\tools\compiler\ti-cgt-arm_20.2.7.LTS\lib\</path>
         <kind>archive</kind>
         <file>rtsv7M4_T_le_v4SPD16_eabi.lib</file>
         <name>strlen.c.obj</name>
      </input_file>
   </input_file_list>
   <object_component_list>
      <object_component id="oc-26">
         <name>.intvecs:retain</name>
         <load_address>0x0</load_address>
         <run_address>0x0</run_address>
         <size>0xe4</size>
         <input_file_ref idref="fl-13"/>
      </object_component>
      <object_component id="oc-d1">
         <name>.text</name>
         <load_address>0xe4</load_address>
         <run_address>0xe4</run_address>
         <size>0x6d0</size>
         <input_file_ref idref="fl-10"/>
      </object_component>
      <object_component id="oc-8e">
         <name>.text</name>
         <load_address>0x7b4</load_address>
         <run_address>0x7b4</run_address>
         <size>0x51c</size>
         <input_file_ref idref="fl-12"/>
      </object_component>
      <object_component id="oc-e3">
         <name>.text</name>
         <load_address>0xcd0</load_address>
         <run_address>0xcd0</run_address>
         <size>0x3a4</size>
         <input_file_ref idref="fl-6"/>
      </object_component>
      <object_component id="oc-70">
         <name>.text</name>
         <load_address>0x1074</load_address>
         <run_address>0x1074</run_address>
         <size>0x34c</size>
         <input_file_ref idref="fl-11"/>
      </object_component>
      <object_component id="oc-ca">
         <name>.text</name>
         <load_address>0x13c0</load_address>
         <run_address>0x13c0</run_address>
         <size>0x334</size>
         <input_file_ref idref="fl-14"/>
      </object_component>
      <object_component id="oc-dd">
         <name>.text</name>
         <load_address>0x16f4</load_address>
         <run_address>0x16f4</run_address>
         <size>0x1e0</size>
         <input_file_ref idref="fl-3"/>
      </object_component>
      <object_component id="oc-82">
         <name>.text</name>
         <load_address>0x18d4</load_address>
         <run_address>0x18d4</run_address>
         <size>0x1d4</size>
         <input_file_ref idref="fl-c"/>
      </object_component>
      <object_component id="oc-d7">
         <name>.text</name>
         <load_address>0x1aa8</load_address>
         <run_address>0x1aa8</run_address>
         <size>0x1b0</size>
         <input_file_ref idref="fl-8"/>
      </object_component>
      <object_component id="oc-f5">
         <name>.text</name>
         <load_address>0x1c58</load_address>
         <run_address>0x1c58</run_address>
         <size>0x174</size>
         <input_file_ref idref="fl-a"/>
      </object_component>
      <object_component id="oc-88">
         <name>.text</name>
         <load_address>0x1dcc</load_address>
         <run_address>0x1dcc</run_address>
         <size>0x120</size>
         <input_file_ref idref="fl-2"/>
      </object_component>
      <object_component id="oc-22b">
         <name>.text:_openfile</name>
         <load_address>0x1eec</load_address>
         <run_address>0x1eec</run_address>
         <size>0x110</size>
         <input_file_ref idref="fl-ce"/>
      </object_component>
      <object_component id="oc-2f6">
         <name>.text:aligned_alloc</name>
         <load_address>0x1ffc</load_address>
         <run_address>0x1ffc</run_address>
         <size>0x100</size>
         <input_file_ref idref="fl-d7"/>
      </object_component>
      <object_component id="oc-23e">
         <name>.text:free</name>
         <load_address>0x20fc</load_address>
         <run_address>0x20fc</run_address>
         <size>0xe4</size>
         <input_file_ref idref="fl-d7"/>
      </object_component>
      <object_component id="oc-1b0">
         <name>.text:setvbuf</name>
         <load_address>0x21e0</load_address>
         <run_address>0x21e0</run_address>
         <size>0xdc</size>
         <input_file_ref idref="fl-cf"/>
      </object_component>
      <object_component id="oc-2c4">
         <name>.text:open</name>
         <load_address>0x22bc</load_address>
         <run_address>0x22bc</run_address>
         <size>0xbc</size>
         <input_file_ref idref="fl-d9"/>
      </object_component>
      <object_component id="oc-19e">
         <name>.text:add_device</name>
         <load_address>0x2378</load_address>
         <run_address>0x2378</run_address>
         <size>0xb8</size>
         <input_file_ref idref="fl-da"/>
      </object_component>
      <object_component id="oc-1bf">
         <name>.text</name>
         <load_address>0x2430</load_address>
         <run_address>0x2430</run_address>
         <size>0xac</size>
         <input_file_ref idref="fl-9"/>
      </object_component>
      <object_component id="oc-76">
         <name>.text</name>
         <load_address>0x24dc</load_address>
         <run_address>0x24dc</run_address>
         <size>0xac</size>
         <input_file_ref idref="fl-e"/>
      </object_component>
      <object_component id="oc-7c">
         <name>.text</name>
         <load_address>0x2588</load_address>
         <run_address>0x2588</run_address>
         <size>0xa8</size>
         <input_file_ref idref="fl-f"/>
      </object_component>
      <object_component id="oc-1a4">
         <name>.text:fopen</name>
         <load_address>0x2630</load_address>
         <run_address>0x2630</run_address>
         <size>0x9c</size>
         <input_file_ref idref="fl-ce"/>
      </object_component>
      <object_component id="oc-3a">
         <name>.text</name>
         <load_address>0x26cc</load_address>
         <run_address>0x26cc</run_address>
         <size>0x9c</size>
         <input_file_ref idref="fl-de"/>
      </object_component>
      <object_component id="oc-b2">
         <name>.text</name>
         <load_address>0x2768</load_address>
         <run_address>0x2768</run_address>
         <size>0x7a</size>
         <input_file_ref idref="fl-d0"/>
      </object_component>
      <object_component id="oc-262">
         <name>.text:_nop</name>
         <load_address>0x27e2</load_address>
         <run_address>0x27e2</run_address>
         <size>0x2</size>
         <input_file_ref idref="fl-d5"/>
      </object_component>
      <object_component id="oc-237">
         <name>.text:__TI_closefile</name>
         <load_address>0x27e4</load_address>
         <run_address>0x27e4</run_address>
         <size>0x74</size>
         <input_file_ref idref="fl-db"/>
      </object_component>
      <object_component id="oc-365">
         <name>.text:split</name>
         <load_address>0x2858</load_address>
         <run_address>0x2858</run_address>
         <size>0x70</size>
         <input_file_ref idref="fl-d7"/>
      </object_component>
      <object_component id="oc-2af">
         <name>.text:HOSTrename</name>
         <load_address>0x28c8</load_address>
         <run_address>0x28c8</run_address>
         <size>0x6c</size>
         <input_file_ref idref="fl-ef"/>
      </object_component>
      <object_component id="oc-2a3">
         <name>.text:HOSTlseek</name>
         <load_address>0x2934</load_address>
         <run_address>0x2934</run_address>
         <size>0x68</size>
         <input_file_ref idref="fl-ec"/>
      </object_component>
      <object_component id="oc-17">
         <name>.text:decompress:lzss:__TI_decompress_lzss</name>
         <load_address>0x299c</load_address>
         <run_address>0x299c</run_address>
         <size>0x68</size>
         <input_file_ref idref="fl-d3"/>
      </object_component>
      <object_component id="oc-28b">
         <name>.text:HOSTopen</name>
         <load_address>0x2a04</load_address>
         <run_address>0x2a04</run_address>
         <size>0x60</size>
         <input_file_ref idref="fl-ed"/>
      </object_component>
      <object_component id="oc-2da">
         <name>.text:close</name>
         <load_address>0x2a64</load_address>
         <run_address>0x2a64</run_address>
         <size>0x5c</size>
         <input_file_ref idref="fl-e9"/>
      </object_component>
      <object_component id="oc-297">
         <name>.text:HOSTread</name>
         <load_address>0x2ac0</load_address>
         <run_address>0x2ac0</run_address>
         <size>0x58</size>
         <input_file_ref idref="fl-ee"/>
      </object_component>
      <object_component id="oc-29d">
         <name>.text:HOSTwrite</name>
         <load_address>0x2b18</load_address>
         <run_address>0x2b18</run_address>
         <size>0x58</size>
         <input_file_ref idref="fl-f1"/>
      </object_component>
      <object_component id="oc-2d4">
         <name>.text:__TI_doflush</name>
         <load_address>0x2b70</load_address>
         <run_address>0x2b70</run_address>
         <size>0x4c</size>
         <input_file_ref idref="fl-dc"/>
      </object_component>
      <object_component id="oc-15e">
         <name>.text:exit</name>
         <load_address>0x2bbc</load_address>
         <run_address>0x2bbc</run_address>
         <size>0x48</size>
         <input_file_ref idref="fl-d4"/>
      </object_component>
      <object_component id="oc-291">
         <name>.text:HOSTclose</name>
         <load_address>0x2c04</load_address>
         <run_address>0x2c04</run_address>
         <size>0x44</size>
         <input_file_ref idref="fl-eb"/>
      </object_component>
      <object_component id="oc-2a9">
         <name>.text:HOSTunlink</name>
         <load_address>0x2c48</load_address>
         <run_address>0x2c48</run_address>
         <size>0x44</size>
         <input_file_ref idref="fl-f0"/>
      </object_component>
      <object_component id="oc-164">
         <name>.text:__TI_auto_init_nobinit_nopinit:__TI_auto_init_nobinit_nopinit</name>
         <load_address>0x2c8c</load_address>
         <run_address>0x2c8c</run_address>
         <size>0x44</size>
         <input_file_ref idref="fl-df"/>
      </object_component>
      <object_component id="oc-346">
         <name>.text:getdevice</name>
         <load_address>0x2cd0</load_address>
         <run_address>0x2cd0</run_address>
         <size>0x44</size>
         <input_file_ref idref="fl-dd"/>
      </object_component>
      <object_component id="oc-ef">
         <name>.text</name>
         <load_address>0x2d14</load_address>
         <run_address>0x2d14</run_address>
         <size>0x40</size>
         <input_file_ref idref="fl-b"/>
      </object_component>
      <object_component id="oc-31d">
         <name>.text:__TI_writemsg</name>
         <load_address>0x2d54</load_address>
         <run_address>0x2d54</run_address>
         <size>0x38</size>
         <input_file_ref idref="fl-f2"/>
      </object_component>
      <object_component id="oc-21f">
         <name>.text:strncpy</name>
         <load_address>0x2d8c</load_address>
         <run_address>0x2d8c</run_address>
         <size>0x36</size>
         <input_file_ref idref="fl-e5"/>
      </object_component>
      <object_component id="oc-24a">
         <name>.text:__TI_cleanup</name>
         <load_address>0x2dc4</load_address>
         <run_address>0x2dc4</run_address>
         <size>0x34</size>
         <input_file_ref idref="fl-ce"/>
      </object_component>
      <object_component id="oc-323">
         <name>.text:__TI_readmsg</name>
         <load_address>0x2df8</load_address>
         <run_address>0x2df8</run_address>
         <size>0x34</size>
         <input_file_ref idref="fl-f2"/>
      </object_component>
      <object_component id="oc-58">
         <name>.text:_c_int00_noargs:_c_int00_noargs</name>
         <load_address>0x2e2c</load_address>
         <run_address>0x2e2c</run_address>
         <size>0x34</size>
         <input_file_ref idref="fl-d8"/>
      </object_component>
      <object_component id="oc-1aa">
         <name>.text:freopen</name>
         <load_address>0x2e60</load_address>
         <run_address>0x2e60</run_address>
         <size>0x34</size>
         <input_file_ref idref="fl-ce"/>
      </object_component>
      <object_component id="oc-219">
         <name>.text:finddevice</name>
         <load_address>0x2e94</load_address>
         <run_address>0x2e94</run_address>
         <size>0x30</size>
         <input_file_ref idref="fl-dd"/>
      </object_component>
      <object_component id="oc-2e0">
         <name>.text:unlink</name>
         <load_address>0x2ec4</load_address>
         <run_address>0x2ec4</run_address>
         <size>0x2c</size>
         <input_file_ref idref="fl-ea"/>
      </object_component>
      <object_component id="oc-2ef">
         <name>.text:free_list_insert</name>
         <load_address>0x2ef0</load_address>
         <run_address>0x2ef0</run_address>
         <size>0x28</size>
         <input_file_ref idref="fl-d7"/>
      </object_component>
      <object_component id="oc-352">
         <name>.text:write</name>
         <load_address>0x2f18</load_address>
         <run_address>0x2f18</run_address>
         <size>0x28</size>
         <input_file_ref idref="fl-e6"/>
      </object_component>
      <object_component id="oc-e9">
         <name>.text</name>
         <load_address>0x2f40</load_address>
         <run_address>0x2f40</run_address>
         <size>0x24</size>
         <input_file_ref idref="fl-4"/>
      </object_component>
      <object_component id="oc-46">
         <name>.text:decompress:ZI:__TI_zero_init_nomemset:__TI_zero_init_nomemset</name>
         <load_address>0x2f64</load_address>
         <run_address>0x2f64</run_address>
         <size>0x1c</size>
         <input_file_ref idref="fl-d1"/>
      </object_component>
      <object_component id="oc-2e9">
         <name>.text:free_list_remove</name>
         <load_address>0x2f80</load_address>
         <run_address>0x2f80</run_address>
         <size>0x1c</size>
         <input_file_ref idref="fl-d7"/>
      </object_component>
      <object_component id="oc-281">
         <name>.text:strcmp</name>
         <load_address>0x2f9c</load_address>
         <run_address>0x2f9c</run_address>
         <size>0x18</size>
         <input_file_ref idref="fl-e4"/>
      </object_component>
      <object_component id="oc-386">
         <name>.text:strchr</name>
         <load_address>0x2fb4</load_address>
         <run_address>0x2fb4</run_address>
         <size>0x16</size>
         <input_file_ref idref="fl-e3"/>
      </object_component>
      <object_component id="oc-337">
         <name>.text:strcpy</name>
         <load_address>0x2fca</load_address>
         <run_address>0x2fca</run_address>
         <size>0x14</size>
         <input_file_ref idref="fl-f3"/>
      </object_component>
      <object_component id="oc-317">
         <name>.text:strlen</name>
         <load_address>0x2fde</load_address>
         <run_address>0x2fde</run_address>
         <size>0x14</size>
         <input_file_ref idref="fl-f4"/>
      </object_component>
      <object_component id="oc-1d">
         <name>.text:decompress:none:__TI_decompress_none</name>
         <load_address>0x2ff2</load_address>
         <run_address>0x2ff2</run_address>
         <size>0xe</size>
         <input_file_ref idref="fl-d2"/>
      </object_component>
      <object_component id="oc-6a">
         <name>.text</name>
         <load_address>0x3000</load_address>
         <run_address>0x3000</run_address>
         <size>0xe</size>
         <input_file_ref idref="fl-13"/>
      </object_component>
      <object_component id="oc-244">
         <name>.text:malloc</name>
         <load_address>0x300e</load_address>
         <run_address>0x300e</run_address>
         <size>0x8</size>
         <input_file_ref idref="fl-d7"/>
      </object_component>
      <object_component id="oc-b8">
         <name>.text:_system_pre_init</name>
         <load_address>0x3016</load_address>
         <run_address>0x3016</run_address>
         <size>0x4</size>
         <input_file_ref idref="fl-e0"/>
      </object_component>
      <object_component id="oc-158">
         <name>.text:abort:abort</name>
         <load_address>0x301a</load_address>
         <run_address>0x301a</run_address>
         <size>0x4</size>
         <input_file_ref idref="fl-d4"/>
      </object_component>
      <object_component id="oc-3db">
         <name>.cinit..data.load</name>
         <load_address>0x3020</load_address>
         <run_address>0x3020</run_address>
         <size>0x92</size>
      </object_component>
      <object_component id="oc-3d9">
         <name>__TI_handler_table</name>
         <load_address>0x30b4</load_address>
         <run_address>0x30b4</run_address>
         <size>0xc</size>
      </object_component>
      <object_component id="oc-3dc">
         <name>.cinit..bss.load</name>
         <load_address>0x30c0</load_address>
         <run_address>0x30c0</run_address>
         <size>0x8</size>
      </object_component>
      <object_component id="oc-3da">
         <name>__TI_cinit_table</name>
         <load_address>0x30c8</load_address>
         <run_address>0x30c8</run_address>
         <size>0x10</size>
      </object_component>
      <object_component id="oc-3ad">
         <name>.binit</name>
         <load_address>0x0</load_address>
         <run_address>0x0</run_address>
         <size>0x0</size>
      </object_component>
      <object_component id="oc-1c6">
         <name>.data</name>
         <load_address>0x2000082c</load_address>
         <run_address>0x2000082c</run_address>
         <size>0x18</size>
         <input_file_ref idref="fl-3"/>
      </object_component>
      <object_component id="oc-11f">
         <name>.data</name>
         <load_address>0x20000860</load_address>
         <run_address>0x20000860</run_address>
         <size>0xc</size>
         <input_file_ref idref="fl-c"/>
      </object_component>
      <object_component id="oc-100">
         <name>.data</name>
         <load_address>0x20000800</load_address>
         <run_address>0x20000800</run_address>
         <size>0x29</size>
         <input_file_ref idref="fl-11"/>
      </object_component>
      <object_component id="oc-196">
         <name>.data</name>
         <load_address>0x20000888</load_address>
         <run_address>0x20000888</run_address>
         <size>0x4</size>
         <input_file_ref idref="fl-14"/>
      </object_component>
      <object_component id="oc-231">
         <name>.data</name>
         <load_address>0x20000880</load_address>
         <run_address>0x20000880</run_address>
         <size>0x4</size>
         <input_file_ref idref="fl-ce"/>
      </object_component>
      <object_component id="oc-1f1">
         <name>.data:$O1$$</name>
         <load_address>0x20000854</load_address>
         <run_address>0x20000854</run_address>
         <size>0xc</size>
         <input_file_ref idref="fl-d4"/>
      </object_component>
      <object_component id="oc-1f4">
         <name>.data:$O1$$</name>
         <load_address>0x2000086c</load_address>
         <run_address>0x2000086c</run_address>
         <size>0x8</size>
         <input_file_ref idref="fl-d5"/>
      </object_component>
      <object_component id="oc-1b6">
         <name>.data:_ftable</name>
         <load_address>0x20000648</load_address>
         <run_address>0x20000648</run_address>
         <size>0xf0</size>
         <input_file_ref idref="fl-d6"/>
      </object_component>
      <object_component id="oc-232">
         <name>.data</name>
         <load_address>0x20000844</load_address>
         <run_address>0x20000844</run_address>
         <size>0x10</size>
         <input_file_ref idref="fl-d6"/>
      </object_component>
      <object_component id="oc-360">
         <name>.data:$O1$$</name>
         <load_address>0x20000874</load_address>
         <run_address>0x20000874</run_address>
         <size>0x8</size>
         <input_file_ref idref="fl-d7"/>
      </object_component>
      <object_component id="oc-34c">
         <name>.data</name>
         <load_address>0x20000884</load_address>
         <run_address>0x20000884</run_address>
         <size>0x4</size>
         <input_file_ref idref="fl-d9"/>
      </object_component>
      <object_component id="oc-225">
         <name>.data</name>
         <load_address>0x2000087c</load_address>
         <run_address>0x2000087c</run_address>
         <size>0x4</size>
         <input_file_ref idref="fl-da"/>
      </object_component>
      <object_component id="oc-226">
         <name>.data:_device</name>
         <load_address>0x20000738</load_address>
         <run_address>0x20000738</run_address>
         <size>0x78</size>
         <input_file_ref idref="fl-e7"/>
      </object_component>
      <object_component id="oc-34d">
         <name>.data:_stream</name>
         <load_address>0x200007b0</load_address>
         <run_address>0x200007b0</run_address>
         <size>0x50</size>
         <input_file_ref idref="fl-e7"/>
      </object_component>
      <object_component id="oc-128">
         <name>.bss</name>
         <uninitialized>true</uninitialized>
         <run_address>0x200005e4</run_address>
         <size>0x8</size>
         <input_file_ref idref="fl-12"/>
      </object_component>
      <object_component id="oc-370">
         <name>.bss:_CIOBUF_</name>
         <uninitialized>true</uninitialized>
         <run_address>0x20000400</run_address>
         <size>0x120</size>
         <input_file_ref idref="fl-f2"/>
      </object_component>
      <object_component id="oc-124">
         <name>.common:bumpSensorResult</name>
         <uninitialized>true</uninitialized>
         <run_address>0x20000644</run_address>
         <size>0x1</size>
      </object_component>
      <object_component id="oc-117">
         <name>.common:TimerA0Task</name>
         <uninitialized>true</uninitialized>
         <run_address>0x20000630</run_address>
         <size>0x4</size>
      </object_component>
      <object_component id="oc-11b">
         <name>.common:TimerA1Task</name>
         <uninitialized>true</uninitialized>
         <run_address>0x20000634</run_address>
         <size>0x4</size>
      </object_component>
      <object_component id="oc-19d">
         <name>.common:Messageindexb</name>
         <uninitialized>true</uninitialized>
         <run_address>0x20000610</run_address>
         <size>0x4</size>
      </object_component>
      <object_component id="oc-19a">
         <name>.common:Messageb</name>
         <uninitialized>true</uninitialized>
         <run_address>0x200005ec</run_address>
         <size>0x8</size>
      </object_component>
      <object_component id="oc-fe">
         <name>.common:Distances</name>
         <uninitialized>true</uninitialized>
         <run_address>0x200005d8</run_address>
         <size>0xc</size>
      </object_component>
      <object_component id="oc-ff">
         <name>.common:Amplitudes</name>
         <uninitialized>true</uninitialized>
         <run_address>0x200005c0</run_address>
         <size>0xc</size>
      </object_component>
      <object_component id="oc-fb">
         <name>.common:TxChannel</name>
         <uninitialized>true</uninitialized>
         <run_address>0x20000638</run_address>
         <size>0x4</size>
      </object_component>
      <object_component id="oc-109">
         <name>.common:StartTime</name>
         <uninitialized>true</uninitialized>
         <run_address>0x20000620</run_address>
         <size>0x4</size>
      </object_component>
      <object_component id="oc-10b">
         <name>.common:TimeToConvert</name>
         <uninitialized>true</uninitialized>
         <run_address>0x2000062c</run_address>
         <size>0x4</size>
      </object_component>
      <object_component id="oc-104">
         <name>.common:ErrorR</name>
         <uninitialized>true</uninitialized>
         <run_address>0x20000600</run_address>
         <size>0x4</size>
      </object_component>
      <object_component id="oc-103">
         <name>.common:ErrorL</name>
         <uninitialized>true</uninitialized>
         <run_address>0x200005fc</run_address>
         <size>0x4</size>
      </object_component>
      <object_component id="oc-108">
         <name>.common:TempDR</name>
         <uninitialized>true</uninitialized>
         <run_address>0x20000628</run_address>
         <size>0x4</size>
      </object_component>
      <object_component id="oc-106">
         <name>.common:TempDL</name>
         <uninitialized>true</uninitialized>
         <run_address>0x20000624</run_address>
         <size>0x4</size>
      </object_component>
      <object_component id="oc-107">
         <name>.common:UR</name>
         <uninitialized>true</uninitialized>
         <run_address>0x20000640</run_address>
         <size>0x4</size>
      </object_component>
      <object_component id="oc-105">
         <name>.common:UL</name>
         <uninitialized>true</uninitialized>
         <run_address>0x2000063c</run_address>
         <size>0x4</size>
      </object_component>
      <object_component id="oc-10a">
         <name>.common:input</name>
         <uninitialized>true</uninitialized>
         <run_address>0x20000645</run_address>
         <size>0x1</size>
      </object_component>
      <object_component id="oc-12b">
         <name>.common:ChannelCount</name>
         <uninitialized>true</uninitialized>
         <run_address>0x200005cc</run_address>
         <size>0xc</size>
      </object_component>
      <object_component id="oc-12e">
         <name>.common:PTxChan</name>
         <uninitialized>true</uninitialized>
         <run_address>0x20000614</run_address>
         <size>0x4</size>
      </object_component>
      <object_component id="oc-12f">
         <name>.common:Pdistances</name>
         <uninitialized>true</uninitialized>
         <run_address>0x2000061c</run_address>
         <size>0x4</size>
      </object_component>
      <object_component id="oc-130">
         <name>.common:Pamplitudes</name>
         <uninitialized>true</uninitialized>
         <run_address>0x20000618</run_address>
         <size>0x4</size>
      </object_component>
      <object_component id="oc-131">
         <name>.common:ISRTime</name>
         <uninitialized>true</uninitialized>
         <run_address>0x2000060c</run_address>
         <size>0x4</size>
      </object_component>
      <object_component id="oc-133">
         <name>.common:ISRLast</name>
         <uninitialized>true</uninitialized>
         <run_address>0x20000604</run_address>
         <size>0x4</size>
      </object_component>
      <object_component id="oc-132">
         <name>.common:ISRPeriod</name>
         <uninitialized>true</uninitialized>
         <run_address>0x20000608</run_address>
         <size>0x4</size>
      </object_component>
      <object_component id="oc-2e6">
         <name>.common:__TI_tmpnams</name>
         <uninitialized>true</uninitialized>
         <run_address>0x20000520</run_address>
         <size>0xa0</size>
      </object_component>
      <object_component id="oc-329">
         <name>.common:parmbuf</name>
         <uninitialized>true</uninitialized>
         <run_address>0x200005f4</run_address>
         <size>0x8</size>
      </object_component>
      <object_component id="oc-29">
         <name>.sysmem</name>
         <uninitialized>true</uninitialized>
         <run_address>0x20000000</run_address>
         <size>0x10</size>
         <input_file_ref idref="fl-d7"/>
      </object_component>
      <object_component id="oc-3df">
         <name>.sysmem</name>
         <uninitialized>true</uninitialized>
         <run_address>0x20000000</run_address>
         <size>0x0</size>
      </object_component>
      <object_component id="oc-2c">
         <name>.stack</name>
         <uninitialized>true</uninitialized>
         <run_address>0x2000fe00</run_address>
         <size>0x4</size>
         <input_file_ref idref="fl-d8"/>
      </object_component>
      <object_component id="oc-3de">
         <name>.stack</name>
         <uninitialized>true</uninitialized>
         <run_address>0x2000fe00</run_address>
         <size>0x0</size>
      </object_component>
      <object_component id="oc-125">
         <name>.debug_info</name>
         <load_address>0x0</load_address>
         <run_address>0x0</run_address>
         <size>0x6a8</size>
         <input_file_ref idref="fl-2"/>
      </object_component>
      <object_component id="oc-8b">
         <name>.debug_info</name>
         <load_address>0x6a8</load_address>
         <run_address>0x6a8</run_address>
         <size>0x268</size>
         <input_file_ref idref="fl-2"/>
      </object_component>
      <object_component id="oc-1d1">
         <name>.debug_info</name>
         <load_address>0x910</load_address>
         <run_address>0x910</run_address>
         <size>0x37e2</size>
         <input_file_ref idref="fl-2"/>
      </object_component>
      <object_component id="oc-1d6">
         <name>.debug_info</name>
         <load_address>0x40f2</load_address>
         <run_address>0x40f2</run_address>
         <size>0x1055</size>
         <input_file_ref idref="fl-2"/>
      </object_component>
      <object_component id="oc-137">
         <name>.debug_info</name>
         <load_address>0x5147</load_address>
         <run_address>0x5147</run_address>
         <size>0x26b</size>
         <input_file_ref idref="fl-2"/>
      </object_component>
      <object_component id="oc-35">
         <name>.debug_info</name>
         <load_address>0x53b2</load_address>
         <run_address>0x53b2</run_address>
         <size>0x84</size>
         <input_file_ref idref="fl-2"/>
      </object_component>
      <object_component id="oc-1dd">
         <name>.debug_info</name>
         <load_address>0x5436</load_address>
         <run_address>0x5436</run_address>
         <size>0x2a4</size>
         <input_file_ref idref="fl-2"/>
      </object_component>
      <object_component id="oc-112">
         <name>.debug_info</name>
         <load_address>0x56da</load_address>
         <run_address>0x56da</run_address>
         <size>0xbb</size>
         <input_file_ref idref="fl-2"/>
      </object_component>
      <object_component id="oc-1c7">
         <name>.debug_info</name>
         <load_address>0x5795</load_address>
         <run_address>0x5795</run_address>
         <size>0x1b3</size>
         <input_file_ref idref="fl-3"/>
      </object_component>
      <object_component id="oc-de">
         <name>.debug_info</name>
         <load_address>0x5948</load_address>
         <run_address>0x5948</run_address>
         <size>0x2d7</size>
         <input_file_ref idref="fl-3"/>
      </object_component>
      <object_component id="oc-eb">
         <name>.debug_info</name>
         <load_address>0x5c1f</load_address>
         <run_address>0x5c1f</run_address>
         <size>0x298</size>
         <input_file_ref idref="fl-4"/>
      </object_component>
      <object_component id="oc-1cb">
         <name>.debug_info</name>
         <load_address>0x5eb7</load_address>
         <run_address>0x5eb7</run_address>
         <size>0x55d</size>
         <input_file_ref idref="fl-6"/>
      </object_component>
      <object_component id="oc-e6">
         <name>.debug_info</name>
         <load_address>0x6414</load_address>
         <run_address>0x6414</run_address>
         <size>0x6cc</size>
         <input_file_ref idref="fl-6"/>
      </object_component>
      <object_component id="oc-da">
         <name>.debug_info</name>
         <load_address>0x6ae0</load_address>
         <run_address>0x6ae0</run_address>
         <size>0x519</size>
         <input_file_ref idref="fl-8"/>
      </object_component>
      <object_component id="oc-1c1">
         <name>.debug_info</name>
         <load_address>0x6ff9</load_address>
         <run_address>0x6ff9</run_address>
         <size>0x1e0</size>
         <input_file_ref idref="fl-9"/>
      </object_component>
      <object_component id="oc-f6">
         <name>.debug_info</name>
         <load_address>0x71d9</load_address>
         <run_address>0x71d9</run_address>
         <size>0x300</size>
         <input_file_ref idref="fl-a"/>
      </object_component>
      <object_component id="oc-f3">
         <name>.debug_info</name>
         <load_address>0x74d9</load_address>
         <run_address>0x74d9</run_address>
         <size>0x1a4</size>
         <input_file_ref idref="fl-b"/>
      </object_component>
      <object_component id="oc-123">
         <name>.debug_info</name>
         <load_address>0x767d</load_address>
         <run_address>0x767d</run_address>
         <size>0x573</size>
         <input_file_ref idref="fl-c"/>
      </object_component>
      <object_component id="oc-120">
         <name>.debug_info</name>
         <load_address>0x7bf0</load_address>
         <run_address>0x7bf0</run_address>
         <size>0x164</size>
         <input_file_ref idref="fl-c"/>
      </object_component>
      <object_component id="oc-84">
         <name>.debug_info</name>
         <load_address>0x7d54</load_address>
         <run_address>0x7d54</run_address>
         <size>0x3ca</size>
         <input_file_ref idref="fl-c"/>
      </object_component>
      <object_component id="oc-118">
         <name>.debug_info</name>
         <load_address>0x811e</load_address>
         <run_address>0x811e</run_address>
         <size>0x588</size>
         <input_file_ref idref="fl-e"/>
      </object_component>
      <object_component id="oc-78">
         <name>.debug_info</name>
         <load_address>0x86a6</load_address>
         <run_address>0x86a6</run_address>
         <size>0x239</size>
         <input_file_ref idref="fl-e"/>
      </object_component>
      <object_component id="oc-11c">
         <name>.debug_info</name>
         <load_address>0x88df</load_address>
         <run_address>0x88df</run_address>
         <size>0x588</size>
         <input_file_ref idref="fl-f"/>
      </object_component>
      <object_component id="oc-7f">
         <name>.debug_info</name>
         <load_address>0x8e67</load_address>
         <run_address>0x8e67</run_address>
         <size>0x239</size>
         <input_file_ref idref="fl-f"/>
      </object_component>
      <object_component id="oc-19b">
         <name>.debug_info</name>
         <load_address>0x90a0</load_address>
         <run_address>0x90a0</run_address>
         <size>0x7a4</size>
         <input_file_ref idref="fl-10"/>
      </object_component>
      <object_component id="oc-d5">
         <name>.debug_info</name>
         <load_address>0x9844</load_address>
         <run_address>0x9844</run_address>
         <size>0x138d</size>
         <input_file_ref idref="fl-10"/>
      </object_component>
      <object_component id="oc-214">
         <name>.debug_info</name>
         <load_address>0xabd1</load_address>
         <run_address>0xabd1</run_address>
         <size>0xcc</size>
         <input_file_ref idref="fl-10"/>
      </object_component>
      <object_component id="oc-1ba">
         <name>.debug_info</name>
         <load_address>0xac9d</load_address>
         <run_address>0xac9d</run_address>
         <size>0x2c</size>
         <input_file_ref idref="fl-10"/>
      </object_component>
      <object_component id="oc-fc">
         <name>.debug_info</name>
         <load_address>0xacc9</load_address>
         <run_address>0xacc9</run_address>
         <size>0xb9b</size>
         <input_file_ref idref="fl-11"/>
      </object_component>
      <object_component id="oc-101">
         <name>.debug_info</name>
         <load_address>0xb864</load_address>
         <run_address>0xb864</run_address>
         <size>0x239</size>
         <input_file_ref idref="fl-11"/>
      </object_component>
      <object_component id="oc-73">
         <name>.debug_info</name>
         <load_address>0xba9d</load_address>
         <run_address>0xba9d</run_address>
         <size>0x58f</size>
         <input_file_ref idref="fl-11"/>
      </object_component>
      <object_component id="oc-10d">
         <name>.debug_info</name>
         <load_address>0xc02c</load_address>
         <run_address>0xc02c</run_address>
         <size>0x8b</size>
         <input_file_ref idref="fl-11"/>
      </object_component>
      <object_component id="oc-12c">
         <name>.debug_info</name>
         <load_address>0xc0b7</load_address>
         <run_address>0xc0b7</run_address>
         <size>0x70b</size>
         <input_file_ref idref="fl-12"/>
      </object_component>
      <object_component id="oc-129">
         <name>.debug_info</name>
         <load_address>0xc7c2</load_address>
         <run_address>0xc7c2</run_address>
         <size>0x115</size>
         <input_file_ref idref="fl-12"/>
      </object_component>
      <object_component id="oc-8f">
         <name>.debug_info</name>
         <load_address>0xc8d7</load_address>
         <run_address>0xc8d7</run_address>
         <size>0x119e</size>
         <input_file_ref idref="fl-12"/>
      </object_component>
      <object_component id="oc-96">
         <name>.debug_info</name>
         <load_address>0xda75</load_address>
         <run_address>0xda75</run_address>
         <size>0x2f6</size>
         <input_file_ref idref="fl-13"/>
      </object_component>
      <object_component id="oc-27">
         <name>.debug_info</name>
         <load_address>0xdd6b</load_address>
         <run_address>0xdd6b</run_address>
         <size>0x122</size>
         <input_file_ref idref="fl-13"/>
      </object_component>
      <object_component id="oc-6e">
         <name>.debug_info</name>
         <load_address>0xde8d</load_address>
         <run_address>0xde8d</run_address>
         <size>0x1e9</size>
         <input_file_ref idref="fl-13"/>
      </object_component>
      <object_component id="oc-197">
         <name>.debug_info</name>
         <load_address>0xe076</load_address>
         <run_address>0xe076</run_address>
         <size>0x11b</size>
         <input_file_ref idref="fl-14"/>
      </object_component>
      <object_component id="oc-cb">
         <name>.debug_info</name>
         <load_address>0xe191</load_address>
         <run_address>0xe191</run_address>
         <size>0x28d</size>
         <input_file_ref idref="fl-14"/>
      </object_component>
      <object_component id="oc-236">
         <name>.debug_info</name>
         <load_address>0xe41e</load_address>
         <run_address>0xe41e</run_address>
         <size>0x3f5</size>
         <input_file_ref idref="fl-ce"/>
      </object_component>
      <object_component id="oc-22d">
         <name>.debug_info</name>
         <load_address>0xe813</load_address>
         <run_address>0xe813</run_address>
         <size>0x20e</size>
         <input_file_ref idref="fl-ce"/>
      </object_component>
      <object_component id="oc-24d">
         <name>.debug_info</name>
         <load_address>0xea21</load_address>
         <run_address>0xea21</run_address>
         <size>0x176</size>
         <input_file_ref idref="fl-ce"/>
      </object_component>
      <object_component id="oc-1ab">
         <name>.debug_info</name>
         <load_address>0xeb97</load_address>
         <run_address>0xeb97</run_address>
         <size>0x1e4</size>
         <input_file_ref idref="fl-ce"/>
      </object_component>
      <object_component id="oc-1a6">
         <name>.debug_info</name>
         <load_address>0xed7b</load_address>
         <run_address>0xed7b</run_address>
         <size>0x1cd</size>
         <input_file_ref idref="fl-ce"/>
      </object_component>
      <object_component id="oc-13e">
         <name>.debug_info</name>
         <load_address>0xef48</load_address>
         <run_address>0xef48</run_address>
         <size>0x2c</size>
         <input_file_ref idref="fl-ce"/>
      </object_component>
      <object_component id="oc-2cf">
         <name>.debug_info</name>
         <load_address>0xef74</load_address>
         <run_address>0xef74</run_address>
         <size>0xb2</size>
         <input_file_ref idref="fl-ce"/>
      </object_component>
      <object_component id="oc-251">
         <name>.debug_info</name>
         <load_address>0xf026</load_address>
         <run_address>0xf026</run_address>
         <size>0x374</size>
         <input_file_ref idref="fl-cf"/>
      </object_component>
      <object_component id="oc-1b2">
         <name>.debug_info</name>
         <load_address>0xf39a</load_address>
         <run_address>0xf39a</run_address>
         <size>0x20b</size>
         <input_file_ref idref="fl-cf"/>
      </object_component>
      <object_component id="oc-252">
         <name>.debug_info</name>
         <load_address>0xf5a5</load_address>
         <run_address>0xf5a5</run_address>
         <size>0xbf</size>
         <input_file_ref idref="fl-cf"/>
      </object_component>
      <object_component id="oc-b4">
         <name>.debug_info</name>
         <load_address>0xf664</load_address>
         <run_address>0xf664</run_address>
         <size>0x147</size>
         <input_file_ref idref="fl-d0"/>
      </object_component>
      <object_component id="oc-b1">
         <name>.debug_info</name>
         <load_address>0xf7ab</load_address>
         <run_address>0xf7ab</run_address>
         <size>0x2d4</size>
         <input_file_ref idref="fl-d1"/>
      </object_component>
      <object_component id="oc-4a">
         <name>.debug_info</name>
         <load_address>0xfa7f</load_address>
         <run_address>0xfa7f</run_address>
         <size>0x1d2</size>
         <input_file_ref idref="fl-d1"/>
      </object_component>
      <object_component id="oc-ac">
         <name>.debug_info</name>
         <load_address>0xfc51</load_address>
         <run_address>0xfc51</run_address>
         <size>0x46</size>
         <input_file_ref idref="fl-d1"/>
      </object_component>
      <object_component id="oc-14f">
         <name>.debug_info</name>
         <load_address>0xfc97</load_address>
         <run_address>0xfc97</run_address>
         <size>0x2c</size>
         <input_file_ref idref="fl-d1"/>
      </object_component>
      <object_component id="oc-45">
         <name>.debug_info</name>
         <load_address>0xfcc3</load_address>
         <run_address>0xfcc3</run_address>
         <size>0x2a8</size>
         <input_file_ref idref="fl-d2"/>
      </object_component>
      <object_component id="oc-21">
         <name>.debug_info</name>
         <load_address>0xff6b</load_address>
         <run_address>0xff6b</run_address>
         <size>0x1ea</size>
         <input_file_ref idref="fl-d2"/>
      </object_component>
      <object_component id="oc-40">
         <name>.debug_info</name>
         <load_address>0x10155</load_address>
         <run_address>0x10155</run_address>
         <size>0x46</size>
         <input_file_ref idref="fl-d2"/>
      </object_component>
      <object_component id="oc-a4">
         <name>.debug_info</name>
         <load_address>0x1019b</load_address>
         <run_address>0x1019b</run_address>
         <size>0x2c</size>
         <input_file_ref idref="fl-d2"/>
      </object_component>
      <object_component id="oc-a2">
         <name>.debug_info</name>
         <load_address>0x101c7</load_address>
         <run_address>0x101c7</run_address>
         <size>0x29e</size>
         <input_file_ref idref="fl-d3"/>
      </object_component>
      <object_component id="oc-18">
         <name>.debug_info</name>
         <load_address>0x10465</load_address>
         <run_address>0x10465</run_address>
         <size>0x250</size>
         <input_file_ref idref="fl-d3"/>
      </object_component>
      <object_component id="oc-30">
         <name>.debug_info</name>
         <load_address>0x106b5</load_address>
         <run_address>0x106b5</run_address>
         <size>0x60</size>
         <input_file_ref idref="fl-d3"/>
      </object_component>
      <object_component id="oc-148">
         <name>.debug_info</name>
         <load_address>0x10715</load_address>
         <run_address>0x10715</run_address>
         <size>0x46</size>
         <input_file_ref idref="fl-d3"/>
      </object_component>
      <object_component id="oc-9d">
         <name>.debug_info</name>
         <load_address>0x1075b</load_address>
         <run_address>0x1075b</run_address>
         <size>0x39</size>
         <input_file_ref idref="fl-d3"/>
      </object_component>
      <object_component id="oc-1f8">
         <name>.debug_info</name>
         <load_address>0x10794</load_address>
         <run_address>0x10794</run_address>
         <size>0x3ad</size>
         <input_file_ref idref="fl-d4"/>
      </object_component>
      <object_component id="oc-1f2">
         <name>.debug_info</name>
         <load_address>0x10b41</load_address>
         <run_address>0x10b41</run_address>
         <size>0x190</size>
         <input_file_ref idref="fl-d4"/>
      </object_component>
      <object_component id="oc-15b">
         <name>.debug_info</name>
         <load_address>0x10cd1</load_address>
         <run_address>0x10cd1</run_address>
         <size>0x122</size>
         <input_file_ref idref="fl-d4"/>
      </object_component>
      <object_component id="oc-162">
         <name>.debug_info</name>
         <load_address>0x10df3</load_address>
         <run_address>0x10df3</run_address>
         <size>0x184</size>
         <input_file_ref idref="fl-d4"/>
      </object_component>
      <object_component id="oc-26a">
         <name>.debug_info</name>
         <load_address>0x10f77</load_address>
         <run_address>0x10f77</run_address>
         <size>0x2c9</size>
         <input_file_ref idref="fl-d5"/>
      </object_component>
      <object_component id="oc-1f5">
         <name>.debug_info</name>
         <load_address>0x11240</load_address>
         <run_address>0x11240</run_address>
         <size>0x11e</size>
         <input_file_ref idref="fl-d5"/>
      </object_component>
      <object_component id="oc-265">
         <name>.debug_info</name>
         <load_address>0x1135e</load_address>
         <run_address>0x1135e</run_address>
         <size>0x12e</size>
         <input_file_ref idref="fl-d5"/>
      </object_component>
      <object_component id="oc-259">
         <name>.debug_info</name>
         <load_address>0x1148c</load_address>
         <run_address>0x1148c</run_address>
         <size>0x144</size>
         <input_file_ref idref="fl-d6"/>
      </object_component>
      <object_component id="oc-1b7">
         <name>.debug_info</name>
         <load_address>0x115d0</load_address>
         <run_address>0x115d0</run_address>
         <size>0x102</size>
         <input_file_ref idref="fl-d6"/>
      </object_component>
      <object_component id="oc-233">
         <name>.debug_info</name>
         <load_address>0x116d2</load_address>
         <run_address>0x116d2</run_address>
         <size>0x18f</size>
         <input_file_ref idref="fl-d6"/>
      </object_component>
      <object_component id="oc-99">
         <name>.debug_info</name>
         <load_address>0x11861</load_address>
         <run_address>0x11861</run_address>
         <size>0x3b2</size>
         <input_file_ref idref="fl-d7"/>
      </object_component>
      <object_component id="oc-2a">
         <name>.debug_info</name>
         <load_address>0x11c13</load_address>
         <run_address>0x11c13</run_address>
         <size>0x10c</size>
         <input_file_ref idref="fl-d7"/>
      </object_component>
      <object_component id="oc-361">
         <name>.debug_info</name>
         <load_address>0x11d1f</load_address>
         <run_address>0x11d1f</run_address>
         <size>0x13f</size>
         <input_file_ref idref="fl-d7"/>
      </object_component>
      <object_component id="oc-245">
         <name>.debug_info</name>
         <load_address>0x11e5e</load_address>
         <run_address>0x11e5e</run_address>
         <size>0x168</size>
         <input_file_ref idref="fl-d7"/>
      </object_component>
      <object_component id="oc-2ea">
         <name>.debug_info</name>
         <load_address>0x11fc6</load_address>
         <run_address>0x11fc6</run_address>
         <size>0x18e</size>
         <input_file_ref idref="fl-d7"/>
      </object_component>
      <object_component id="oc-2f0">
         <name>.debug_info</name>
         <load_address>0x12154</load_address>
         <run_address>0x12154</run_address>
         <size>0x19f</size>
         <input_file_ref idref="fl-d7"/>
      </object_component>
      <object_component id="oc-240">
         <name>.debug_info</name>
         <load_address>0x122f3</load_address>
         <run_address>0x122f3</run_address>
         <size>0x203</size>
         <input_file_ref idref="fl-d7"/>
      </object_component>
      <object_component id="oc-366">
         <name>.debug_info</name>
         <load_address>0x124f6</load_address>
         <run_address>0x124f6</run_address>
         <size>0x1db</size>
         <input_file_ref idref="fl-d7"/>
      </object_component>
      <object_component id="oc-2f8">
         <name>.debug_info</name>
         <load_address>0x126d1</load_address>
         <run_address>0x126d1</run_address>
         <size>0x299</size>
         <input_file_ref idref="fl-d7"/>
      </object_component>
      <object_component id="oc-143">
         <name>.debug_info</name>
         <load_address>0x1296a</load_address>
         <run_address>0x1296a</run_address>
         <size>0xb2</size>
         <input_file_ref idref="fl-d7"/>
      </object_component>
      <object_component id="oc-2d">
         <name>.debug_info</name>
         <load_address>0x12a1c</load_address>
         <run_address>0x12a1c</run_address>
         <size>0x10b</size>
         <input_file_ref idref="fl-d8"/>
      </object_component>
      <object_component id="oc-5b">
         <name>.debug_info</name>
         <load_address>0x12b27</load_address>
         <run_address>0x12b27</run_address>
         <size>0x1a9</size>
         <input_file_ref idref="fl-d8"/>
      </object_component>
      <object_component id="oc-351">
         <name>.debug_info</name>
         <load_address>0x12cd0</load_address>
         <run_address>0x12cd0</run_address>
         <size>0x402</size>
         <input_file_ref idref="fl-d9"/>
      </object_component>
      <object_component id="oc-2c7">
         <name>.debug_info</name>
         <load_address>0x130d2</load_address>
         <run_address>0x130d2</run_address>
         <size>0x245</size>
         <input_file_ref idref="fl-d9"/>
      </object_component>
      <object_component id="oc-341">
         <name>.debug_info</name>
         <load_address>0x13317</load_address>
         <run_address>0x13317</run_address>
         <size>0x120</size>
         <input_file_ref idref="fl-d9"/>
      </object_component>
      <object_component id="oc-22a">
         <name>.debug_info</name>
         <load_address>0x13437</load_address>
         <run_address>0x13437</run_address>
         <size>0x445</size>
         <input_file_ref idref="fl-da"/>
      </object_component>
      <object_component id="oc-19f">
         <name>.debug_info</name>
         <load_address>0x1387c</load_address>
         <run_address>0x1387c</run_address>
         <size>0x2db</size>
         <input_file_ref idref="fl-da"/>
      </object_component>
      <object_component id="oc-2bf">
         <name>.debug_info</name>
         <load_address>0x13b57</load_address>
         <run_address>0x13b57</run_address>
         <size>0xea</size>
         <input_file_ref idref="fl-da"/>
      </object_component>
      <object_component id="oc-2ba">
         <name>.debug_info</name>
         <load_address>0x13c41</load_address>
         <run_address>0x13c41</run_address>
         <size>0x2c</size>
         <input_file_ref idref="fl-da"/>
      </object_component>
      <object_component id="oc-2e8">
         <name>.debug_info</name>
         <load_address>0x13c6d</load_address>
         <run_address>0x13c6d</run_address>
         <size>0x3a5</size>
         <input_file_ref idref="fl-db"/>
      </object_component>
      <object_component id="oc-239">
         <name>.debug_info</name>
         <load_address>0x14012</load_address>
         <run_address>0x14012</run_address>
         <size>0x1f3</size>
         <input_file_ref idref="fl-db"/>
      </object_component>
      <object_component id="oc-359">
         <name>.debug_info</name>
         <load_address>0x14205</load_address>
         <run_address>0x14205</run_address>
         <size>0x347</size>
         <input_file_ref idref="fl-dc"/>
      </object_component>
      <object_component id="oc-2d8">
         <name>.debug_info</name>
         <load_address>0x1454c</load_address>
         <run_address>0x1454c</run_address>
         <size>0x18a</size>
         <input_file_ref idref="fl-dc"/>
      </object_component>
      <object_component id="oc-288">
         <name>.debug_info</name>
         <load_address>0x146d6</load_address>
         <run_address>0x146d6</run_address>
         <size>0x42c</size>
         <input_file_ref idref="fl-dd"/>
      </object_component>
      <object_component id="oc-21a">
         <name>.debug_info</name>
         <load_address>0x14b02</load_address>
         <run_address>0x14b02</run_address>
         <size>0x192</size>
         <input_file_ref idref="fl-dd"/>
      </object_component>
      <object_component id="oc-348">
         <name>.debug_info</name>
         <load_address>0x14c94</load_address>
         <run_address>0x14c94</run_address>
         <size>0x1eb</size>
         <input_file_ref idref="fl-dd"/>
      </object_component>
      <object_component id="oc-3d">
         <name>.debug_info</name>
         <load_address>0x14e7f</load_address>
         <run_address>0x14e7f</run_address>
         <size>0x119</size>
         <input_file_ref idref="fl-de"/>
      </object_component>
      <object_component id="oc-1fb">
         <name>.debug_info</name>
         <load_address>0x14f98</load_address>
         <run_address>0x14f98</run_address>
         <size>0x4b3</size>
         <input_file_ref idref="fl-df"/>
      </object_component>
      <object_component id="oc-166">
         <name>.debug_info</name>
         <load_address>0x1544b</load_address>
         <run_address>0x1544b</run_address>
         <size>0x1a6</size>
         <input_file_ref idref="fl-df"/>
      </object_component>
      <object_component id="oc-270">
         <name>.debug_info</name>
         <load_address>0x155f1</load_address>
         <run_address>0x155f1</run_address>
         <size>0x39</size>
         <input_file_ref idref="fl-df"/>
      </object_component>
      <object_component id="oc-305">
         <name>.debug_info</name>
         <load_address>0x1562a</load_address>
         <run_address>0x1562a</run_address>
         <size>0x39</size>
         <input_file_ref idref="fl-df"/>
      </object_component>
      <object_component id="oc-275">
         <name>.debug_info</name>
         <load_address>0x15663</load_address>
         <run_address>0x15663</run_address>
         <size>0x39</size>
         <input_file_ref idref="fl-df"/>
      </object_component>
      <object_component id="oc-27a">
         <name>.debug_info</name>
         <load_address>0x1569c</load_address>
         <run_address>0x1569c</run_address>
         <size>0xcd</size>
         <input_file_ref idref="fl-df"/>
      </object_component>
      <object_component id="oc-ba">
         <name>.debug_info</name>
         <load_address>0x15769</load_address>
         <run_address>0x15769</run_address>
         <size>0x153</size>
         <input_file_ref idref="fl-e0"/>
      </object_component>
      <object_component id="oc-3a5">
         <name>.debug_info</name>
         <load_address>0x158bc</load_address>
         <run_address>0x158bc</run_address>
         <size>0x29a</size>
         <input_file_ref idref="fl-e3"/>
      </object_component>
      <object_component id="oc-387">
         <name>.debug_info</name>
         <load_address>0x15b56</load_address>
         <run_address>0x15b56</run_address>
         <size>0x262</size>
         <input_file_ref idref="fl-e3"/>
      </object_component>
      <object_component id="oc-312">
         <name>.debug_info</name>
         <load_address>0x15db8</load_address>
         <run_address>0x15db8</run_address>
         <size>0x28a</size>
         <input_file_ref idref="fl-e4"/>
      </object_component>
      <object_component id="oc-282">
         <name>.debug_info</name>
         <load_address>0x16042</load_address>
         <run_address>0x16042</run_address>
         <size>0x273</size>
         <input_file_ref idref="fl-e4"/>
      </object_component>
      <object_component id="oc-28a">
         <name>.debug_info</name>
         <load_address>0x162b5</load_address>
         <run_address>0x162b5</run_address>
         <size>0x2af</size>
         <input_file_ref idref="fl-e5"/>
      </object_component>
      <object_component id="oc-220">
         <name>.debug_info</name>
         <load_address>0x16564</load_address>
         <run_address>0x16564</run_address>
         <size>0x277</size>
         <input_file_ref idref="fl-e5"/>
      </object_component>
      <object_component id="oc-392">
         <name>.debug_info</name>
         <load_address>0x167db</load_address>
         <run_address>0x167db</run_address>
         <size>0x397</size>
         <input_file_ref idref="fl-e6"/>
      </object_component>
      <object_component id="oc-355">
         <name>.debug_info</name>
         <load_address>0x16b72</load_address>
         <run_address>0x16b72</run_address>
         <size>0x18f</size>
         <input_file_ref idref="fl-e6"/>
      </object_component>
      <object_component id="oc-2b7">
         <name>.debug_info</name>
         <load_address>0x16d01</load_address>
         <run_address>0x16d01</run_address>
         <size>0x337</size>
         <input_file_ref idref="fl-e7"/>
      </object_component>
      <object_component id="oc-227">
         <name>.debug_info</name>
         <load_address>0x17038</load_address>
         <run_address>0x17038</run_address>
         <size>0x109</size>
         <input_file_ref idref="fl-e7"/>
      </object_component>
      <object_component id="oc-34e">
         <name>.debug_info</name>
         <load_address>0x17141</load_address>
         <run_address>0x17141</run_address>
         <size>0x109</size>
         <input_file_ref idref="fl-e7"/>
      </object_component>
      <object_component id="oc-35b">
         <name>.debug_info</name>
         <load_address>0x1724a</load_address>
         <run_address>0x1724a</run_address>
         <size>0x3cf</size>
         <input_file_ref idref="fl-e9"/>
      </object_component>
      <object_component id="oc-2dd">
         <name>.debug_info</name>
         <load_address>0x17619</load_address>
         <run_address>0x17619</run_address>
         <size>0x195</size>
         <input_file_ref idref="fl-e9"/>
      </object_component>
      <object_component id="oc-35d">
         <name>.debug_info</name>
         <load_address>0x177ae</load_address>
         <run_address>0x177ae</run_address>
         <size>0x3d1</size>
         <input_file_ref idref="fl-ea"/>
      </object_component>
      <object_component id="oc-2e2">
         <name>.debug_info</name>
         <load_address>0x17b7f</load_address>
         <run_address>0x17b7f</run_address>
         <size>0x1a5</size>
         <input_file_ref idref="fl-ea"/>
      </object_component>
      <object_component id="oc-32e">
         <name>.debug_info</name>
         <load_address>0x17d24</load_address>
         <run_address>0x17d24</run_address>
         <size>0x373</size>
         <input_file_ref idref="fl-eb"/>
      </object_component>
      <object_component id="oc-292">
         <name>.debug_info</name>
         <load_address>0x18097</load_address>
         <run_address>0x18097</run_address>
         <size>0x1bc</size>
         <input_file_ref idref="fl-eb"/>
      </object_component>
      <object_component id="oc-334">
         <name>.debug_info</name>
         <load_address>0x18253</load_address>
         <run_address>0x18253</run_address>
         <size>0x378</size>
         <input_file_ref idref="fl-ec"/>
      </object_component>
      <object_component id="oc-2a5">
         <name>.debug_info</name>
         <load_address>0x185cb</load_address>
         <run_address>0x185cb</run_address>
         <size>0x210</size>
         <input_file_ref idref="fl-ec"/>
      </object_component>
      <object_component id="oc-32a">
         <name>.debug_info</name>
         <load_address>0x187db</load_address>
         <run_address>0x187db</run_address>
         <size>0x3a3</size>
         <input_file_ref idref="fl-ed"/>
      </object_component>
      <object_component id="oc-28c">
         <name>.debug_info</name>
         <load_address>0x18b7e</load_address>
         <run_address>0x18b7e</run_address>
         <size>0x20c</size>
         <input_file_ref idref="fl-ed"/>
      </object_component>
      <object_component id="oc-330">
         <name>.debug_info</name>
         <load_address>0x18d8a</load_address>
         <run_address>0x18d8a</run_address>
         <size>0x377</size>
         <input_file_ref idref="fl-ee"/>
      </object_component>
      <object_component id="oc-298">
         <name>.debug_info</name>
         <load_address>0x19101</load_address>
         <run_address>0x19101</run_address>
         <size>0x1fb</size>
         <input_file_ref idref="fl-ee"/>
      </object_component>
      <object_component id="oc-33e">
         <name>.debug_info</name>
         <load_address>0x192fc</load_address>
         <run_address>0x192fc</run_address>
         <size>0x3d5</size>
         <input_file_ref idref="fl-ef"/>
      </object_component>
      <object_component id="oc-2b1">
         <name>.debug_info</name>
         <load_address>0x196d1</load_address>
         <run_address>0x196d1</run_address>
         <size>0x236</size>
         <input_file_ref idref="fl-ef"/>
      </object_component>
      <object_component id="oc-336">
         <name>.debug_info</name>
         <load_address>0x19907</load_address>
         <run_address>0x19907</run_address>
         <size>0x396</size>
         <input_file_ref idref="fl-f0"/>
      </object_component>
      <object_component id="oc-2ad">
         <name>.debug_info</name>
         <load_address>0x19c9d</load_address>
         <run_address>0x19c9d</run_address>
         <size>0x1c6</size>
         <input_file_ref idref="fl-f0"/>
      </object_component>
      <object_component id="oc-332">
         <name>.debug_info</name>
         <load_address>0x19e63</load_address>
         <run_address>0x19e63</run_address>
         <size>0x378</size>
         <input_file_ref idref="fl-f1"/>
      </object_component>
      <object_component id="oc-2a1">
         <name>.debug_info</name>
         <load_address>0x1a1db</load_address>
         <run_address>0x1a1db</run_address>
         <size>0x200</size>
         <input_file_ref idref="fl-f1"/>
      </object_component>
      <object_component id="oc-374">
         <name>.debug_info</name>
         <load_address>0x1a3db</load_address>
         <run_address>0x1a3db</run_address>
         <size>0x2bb</size>
         <input_file_ref idref="fl-f2"/>
      </object_component>
      <object_component id="oc-371">
         <name>.debug_info</name>
         <load_address>0x1a696</load_address>
         <run_address>0x1a696</run_address>
         <size>0x108</size>
         <input_file_ref idref="fl-f2"/>
      </object_component>
      <object_component id="oc-320">
         <name>.debug_info</name>
         <load_address>0x1a79e</load_address>
         <run_address>0x1a79e</run_address>
         <size>0x1df</size>
         <input_file_ref idref="fl-f2"/>
      </object_component>
      <object_component id="oc-324">
         <name>.debug_info</name>
         <load_address>0x1a97d</load_address>
         <run_address>0x1a97d</run_address>
         <size>0x19a</size>
         <input_file_ref idref="fl-f2"/>
      </object_component>
      <object_component id="oc-383">
         <name>.debug_info</name>
         <load_address>0x1ab17</load_address>
         <run_address>0x1ab17</run_address>
         <size>0x2a4</size>
         <input_file_ref idref="fl-f3"/>
      </object_component>
      <object_component id="oc-338">
         <name>.debug_info</name>
         <load_address>0x1adbb</load_address>
         <run_address>0x1adbb</run_address>
         <size>0x24d</size>
         <input_file_ref idref="fl-f3"/>
      </object_component>
      <object_component id="oc-36f">
         <name>.debug_info</name>
         <load_address>0x1b008</load_address>
         <run_address>0x1b008</run_address>
         <size>0x28f</size>
         <input_file_ref idref="fl-f4"/>
      </object_component>
      <object_component id="oc-31a">
         <name>.debug_info</name>
         <load_address>0x1b297</load_address>
         <run_address>0x1b297</run_address>
         <size>0x245</size>
         <input_file_ref idref="fl-f4"/>
      </object_component>
      <object_component id="oc-3e0">
         <name>.debug_info</name>
         <load_address>0x1b4dc</load_address>
         <run_address>0x1b4dc</run_address>
         <size>0xce</size>
      </object_component>
      <object_component id="oc-1eb">
         <name>.debug_line</name>
         <load_address>0x0</load_address>
         <run_address>0x0</run_address>
         <size>0x49</size>
         <input_file_ref idref="fl-2"/>
      </object_component>
      <object_component id="oc-8a">
         <name>.debug_line</name>
         <load_address>0x49</load_address>
         <run_address>0x49</run_address>
         <size>0x94</size>
         <input_file_ref idref="fl-2"/>
      </object_component>
      <object_component id="oc-1d4">
         <name>.debug_line</name>
         <load_address>0xdd</load_address>
         <run_address>0xdd</run_address>
         <size>0x58</size>
         <input_file_ref idref="fl-2"/>
      </object_component>
      <object_component id="oc-1d9">
         <name>.debug_line</name>
         <load_address>0x135</load_address>
         <run_address>0x135</run_address>
         <size>0x5b</size>
         <input_file_ref idref="fl-2"/>
      </object_component>
      <object_component id="oc-13a">
         <name>.debug_line</name>
         <load_address>0x190</load_address>
         <run_address>0x190</run_address>
         <size>0x6f</size>
         <input_file_ref idref="fl-2"/>
      </object_component>
      <object_component id="oc-38">
         <name>.debug_line</name>
         <load_address>0x1ff</load_address>
         <run_address>0x1ff</run_address>
         <size>0x20</size>
[...]
         <object_component_ref idref="oc-8e"/>
      </symbol>
      <symbol id="sm-355">
         <name>OPT3101_Setup</name>
         <value>0x87d</value>
         <object_component_ref idref="oc-8e"/>
      </symbol>
      <symbol id="sm-356">
         <name>OPT3101_MeasurementError</name>
         <value>0xaef</value>
         <object_component_ref idref="oc-8e"/>
      </symbol>
      <symbol id="sm-357">
         <name>OPT3101_ArmInterrupts</name>
         <value>0xbe7</value>
         <object_component_ref idref="oc-8e"/>
      </symbol>
      <symbol id="sm-358">
         <name>OPT3101_ReadRegister</name>
         <value>0x7b5</value>
         <object_component_ref idref="oc-8e"/>
      </symbol>
      <symbol id="sm-359">
         <name>OPT3101_GetDistanceMillimeters</name>
         <value>0xb37</value>
         <object_component_ref idref="oc-8e"/>
      </symbol>
      <symbol id="sm-35a">
         <name>OPT3101_Init</name>
         <value>0x81f</value>
         <object_component_ref idref="oc-8e"/>
      </symbol>
      <symbol id="sm-35b">
         <name>OPT3101_GetAmplitude</name>
         <value>0xb19</value>
         <object_component_ref idref="oc-8e"/>
      </symbol>
      <symbol id="sm-35c">
         <name>PORT6_IRQHandler</name>
         <value>0xc3d</value>
         <object_component_ref idref="oc-8e"/>
      </symbol>
      <symbol id="sm-35d">
         <name>OPT3101_StartMeasurementChannel</name>
         <value>0xa97</value>
         <object_component_ref idref="oc-8e"/>
      </symbol>
      <symbol id="sm-35e">
         <name>OPT3101_GetPhase</name>
         <value>0xb2d</value>
         <object_component_ref idref="oc-8e"/>
      </symbol>
      <symbol id="sm-35f">
         <name>OPT3101_WriteRegister</name>
         <value>0x7e5</value>
         <object_component_ref idref="oc-8e"/>
      </symbol>
      <symbol id="sm-360">
         <name>OPT3101_GetTxChannel</name>
         <value>0xb0f</value>
         <object_component_ref idref="oc-8e"/>
      </symbol>
      <symbol id="sm-375">
         <name>Reset_Handler</name>
         <value>0x3001</value>
         <object_component_ref idref="oc-6a"/>
      </symbol>
      <symbol id="sm-376">
         <name>Default_Handler</name>
         <value>0x300d</value>
         <object_component_ref idref="oc-6a"/>
      </symbol>
      <symbol id="sm-377">
         <name>interruptVectors</name>
         <value>0x0</value>
         <object_component_ref idref="oc-26"/>
      </symbol>
      <symbol id="sm-3bf">
         <name>SystemInit</name>
         <value>0x1639</value>
         <object_component_ref idref="oc-ca"/>
      </symbol>
      <symbol id="sm-3c0">
         <name>SystemCoreClockUpdate</name>
         <value>0x13c1</value>
         <object_component_ref idref="oc-ca"/>
      </symbol>
      <symbol id="sm-3c1">
         <name>SystemCoreClock</name>
         <value>0x20000888</value>
         <object_component_ref idref="oc-196"/>
      </symbol>
      <symbol id="sm-41d">
         <name>__TI_cleanup</name>
         <value>0x2dc5</value>
         <object_component_ref idref="oc-24a"/>
      </symbol>
      <symbol id="sm-41e">
         <name>freopen</name>
         <value>0x2e61</value>
         <object_component_ref idref="oc-1aa"/>
      </symbol>
      <symbol id="sm-41f">
         <name>fopen</name>
         <value>0x2631</value>
         <object_component_ref idref="oc-1a4"/>
      </symbol>
      <symbol id="sm-440">
         <name>setvbuf</name>
         <value>0x21e1</value>
         <object_component_ref idref="oc-1b0"/>
      </symbol>
      <symbol id="sm-44f">
         <name>__aeabi_memset</name>
         <value>0x276b</value>
         <object_component_ref idref="oc-b2"/>
      </symbol>
      <symbol id="sm-450">
         <name>memset</name>
         <value>0x2771</value>
         <object_component_ref idref="oc-b2"/>
      </symbol>
      <symbol id="sm-451">
         <name>__aeabi_memset8</name>
         <value>0x276b</value>
         <object_component_ref idref="oc-b2"/>
      </symbol>
      <symbol id="sm-452">
         <name>__aeabi_memset4</name>
         <value>0x276b</value>
         <object_component_ref idref="oc-b2"/>
      </symbol>
      <symbol id="sm-453">
         <name>__aeabi_memclr8</name>
         <value>0x2769</value>
         <object_component_ref idref="oc-b2"/>
      </symbol>
      <symbol id="sm-454">
         <name>__aeabi_memclr4</name>
         <value>0x2769</value>
         <object_component_ref idref="oc-b2"/>
      </symbol>
      <symbol id="sm-455">
         <name>__aeabi_memclr</name>
         <value>0x2769</value>
         <object_component_ref idref="oc-b2"/>
      </symbol>
      <symbol id="sm-46e">
         <name>__TI_zero_init_nomemset</name>
         <value>0x2f65</value>
         <object_component_ref idref="oc-46"/>
      </symbol>
      <symbol id="sm-485">
         <name>__TI_decompress_none</name>
         <value>0x2ff3</value>
         <object_component_ref idref="oc-1d"/>
      </symbol>
      <symbol id="sm-4a8">
         <name>__TI_decompress_lzss</name>
         <value>0x299d</value>
         <object_component_ref idref="oc-17"/>
      </symbol>
      <symbol id="sm-4ce">
         <name>C$$EXIT</name>
         <value>0x301b</value>
         <object_component_ref idref="oc-158"/>
      </symbol>
      <symbol id="sm-4cf">
         <name>abort</name>
         <value>0x301b</value>
         <object_component_ref idref="oc-158"/>
      </symbol>
      <symbol id="sm-4d0">
         <name>__TI_dtors_ptr</name>
         <value>0x20000858</value>
         <object_component_ref idref="oc-1f1"/>
      </symbol>
      <symbol id="sm-4d1">
         <name>__TI_cleanup_ptr</name>
         <value>0x20000854</value>
         <object_component_ref idref="oc-1f1"/>
      </symbol>
      <symbol id="sm-4d2">
         <name>__TI_enable_exit_profile_output</name>
         <value>0x2000085c</value>
         <object_component_ref idref="oc-1f1"/>
      </symbol>
      <symbol id="sm-4d3">
         <name>exit</name>
         <value>0x2bbd</value>
         <object_component_ref idref="oc-15e"/>
      </symbol>
      <symbol id="sm-4e8">
         <name>_nop</name>
         <value>0x27e3</value>
         <object_component_ref idref="oc-262"/>
      </symbol>
      <symbol id="sm-4e9">
         <name>_lock</name>
         <value>0x2000086c</value>
         <object_component_ref idref="oc-1f4"/>
      </symbol>
      <symbol id="sm-4ea">
         <name>_unlock</name>
         <value>0x20000870</value>
         <object_component_ref idref="oc-1f4"/>
      </symbol>
      <symbol id="sm-4ff">
         <name>__TI_tmpnams</name>
         <value>0x20000520</value>
      </symbol>
      <symbol id="sm-500">
         <name>__aeabi_stdout</name>
         <value>0x2000084c</value>
         <object_component_ref idref="oc-232"/>
      </symbol>
      <symbol id="sm-501">
         <name>__aeabi_stderr</name>
         <value>0x20000850</value>
         <object_component_ref idref="oc-232"/>
      </symbol>
      <symbol id="sm-502">
         <name>__aeabi_stdin</name>
         <value>0x20000848</value>
         <object_component_ref idref="oc-232"/>
      </symbol>
      <symbol id="sm-503">
         <name>_ftable</name>
         <value>0x20000648</value>
         <object_component_ref idref="oc-1b6"/>
      </symbol>
      <symbol id="sm-504">
         <name>__TI_ft_end</name>
         <value>0x20000844</value>
         <object_component_ref idref="oc-232"/>
      </symbol>
      <symbol id="sm-588">
         <name>_sys_memory</name>
         <value>0x20000000</value>
         <object_component_ref idref="oc-29"/>
      </symbol>
      <symbol id="sm-589">
         <name>free</name>
         <value>0x20fd</value>
         <object_component_ref idref="oc-23e"/>
      </symbol>
      <symbol id="sm-58a">
         <name>memalign</name>
         <value>0x1ffd</value>
         <object_component_ref idref="oc-2f6"/>
      </symbol>
      <symbol id="sm-58b">
         <name>malloc</name>
         <value>0x300f</value>
         <object_component_ref idref="oc-244"/>
      </symbol>
      <symbol id="sm-58c">
         <name>aligned_alloc</name>
         <value>0x1ffd</value>
         <object_component_ref idref="oc-2f6"/>
      </symbol>
      <symbol id="sm-59f">
         <name>__stack</name>
         <value>0x2000fe00</value>
         <object_component_ref idref="oc-2c"/>
      </symbol>
      <symbol id="sm-5a0">
         <name>_c_int00_noargs</name>
         <value>0x2e2d</value>
         <object_component_ref idref="oc-58"/>
      </symbol>
      <symbol id="sm-5c2">
         <name>open</name>
         <value>0x22bd</value>
         <object_component_ref idref="oc-2c4"/>
      </symbol>
      <symbol id="sm-5e7">
         <name>add_device</name>
         <value>0x2379</value>
         <object_component_ref idref="oc-19e"/>
      </symbol>
      <symbol id="sm-5fc">
         <name>__TI_closefile</name>
         <value>0x27e5</value>
         <object_component_ref idref="oc-237"/>
      </symbol>
      <symbol id="sm-60c">
         <name>__TI_doflush</name>
         <value>0x2b71</value>
         <object_component_ref idref="oc-2d4"/>
      </symbol>
      <symbol id="sm-62a">
         <name>finddevice</name>
         <value>0x2e95</value>
         <object_component_ref idref="oc-219"/>
      </symbol>
      <symbol id="sm-62b">
         <name>getdevice</name>
         <value>0x2cd1</value>
         <object_component_ref idref="oc-346"/>
      </symbol>
      <symbol id="sm-646">
         <name>memcpy</name>
         <value>0x26cd</value>
         <object_component_ref idref="oc-3a"/>
      </symbol>
      <symbol id="sm-647">
         <name>__aeabi_memcpy</name>
         <value>0x26cd</value>
         <object_component_ref idref="oc-3a"/>
      </symbol>
      <symbol id="sm-648">
         <name>__aeabi_memcpy8</name>
         <value>0x26cd</value>
         <object_component_ref idref="oc-3a"/>
      </symbol>
      <symbol id="sm-649">
         <name>__aeabi_memcpy4</name>
         <value>0x26cd</value>
         <object_component_ref idref="oc-3a"/>
      </symbol>
      <symbol id="sm-671">
         <name>__TI_auto_init_nobinit_nopinit</name>
         <value>0x2c8d</value>
         <object_component_ref idref="oc-164"/>
      </symbol>
      <symbol id="sm-67b">
         <name>_system_pre_init</name>
         <value>0x3017</value>
         <object_component_ref idref="oc-b8"/>
      </symbol>
      <symbol id="sm-68d">
         <name>strchr</name>
         <value>0x2fb5</value>
         <object_component_ref idref="oc-386"/>
      </symbol>
      <symbol id="sm-69c">
         <name>strcmp</name>
         <value>0x2f9d</value>
         <object_component_ref idref="oc-281"/>
      </symbol>
      <symbol id="sm-6ac">
         <name>strncpy</name>
         <value>0x2d8d</value>
         <object_component_ref idref="oc-21f"/>
      </symbol>
      <symbol id="sm-6bc">
         <name>write</name>
         <value>0x2f19</value>
         <object_component_ref idref="oc-352"/>
      </symbol>
      <symbol id="sm-6cd">
         <name>_stream</name>
         <value>0x200007b0</value>
         <object_component_ref idref="oc-34d"/>
      </symbol>
      <symbol id="sm-6ce">
         <name>_device</name>
         <value>0x20000738</value>
         <object_component_ref idref="oc-226"/>
      </symbol>
      <symbol id="sm-6e3">
         <name>close</name>
         <value>0x2a65</value>
         <object_component_ref idref="oc-2da"/>
      </symbol>
      <symbol id="sm-6f3">
         <name>unlink</name>
         <value>0x2ec5</value>
         <object_component_ref idref="oc-2e0"/>
      </symbol>
      <symbol id="sm-704">
         <name>HOSTclose</name>
         <value>0x2c05</value>
         <object_component_ref idref="oc-291"/>
      </symbol>
      <symbol id="sm-715">
         <name>HOSTlseek</name>
         <value>0x2935</value>
         <object_component_ref idref="oc-2a3"/>
      </symbol>
      <symbol id="sm-727">
         <name>parmbuf</name>
         <value>0x200005f4</value>
      </symbol>
      <symbol id="sm-728">
         <name>HOSTopen</name>
         <value>0x2a05</value>
         <object_component_ref idref="oc-28b"/>
      </symbol>
      <symbol id="sm-739">
         <name>HOSTread</name>
         <value>0x2ac1</value>
         <object_component_ref idref="oc-297"/>
      </symbol>
      <symbol id="sm-74a">
         <name>HOSTrename</name>
         <value>0x28c9</value>
         <object_component_ref idref="oc-2af"/>
      </symbol>
      <symbol id="sm-75b">
         <name>HOSTunlink</name>
         <value>0x2c49</value>
         <object_component_ref idref="oc-2a9"/>
      </symbol>
      <symbol id="sm-76c">
         <name>HOSTwrite</name>
         <value>0x2b19</value>
         <object_component_ref idref="oc-29d"/>
      </symbol>
      <symbol id="sm-790">
         <name>__TI_readmsg</name>
         <value>0x2df9</value>
         <object_component_ref idref="oc-323"/>
      </symbol>
      <symbol id="sm-791">
         <name>C$$IO$$</name>
         <value>0x2d83</value>
         <object_component_ref idref="oc-31d"/>
      </symbol>
      <symbol id="sm-792">
         <name>__CIOBUF_</name>
         <value>0x20000400</value>
         <object_component_ref idref="oc-370"/>
      </symbol>
      <symbol id="sm-793">
         <name>__TI_writemsg</name>
         <value>0x2d55</value>
         <object_component_ref idref="oc-31d"/>
      </symbol>
      <symbol id="sm-7a1">
         <name>strcpy</name>
         <value>0x2fcb</value>
         <object_component_ref idref="oc-337"/>
      </symbol>
      <symbol id="sm-7af">
         <name>strlen</name>
         <value>0x2fdf</value>
         <object_component_ref idref="oc-317"/>
      </symbol>
      <symbol id="sm-7b0">
         <name>__TI_static_base__</name>
         <value>0x0</value>
      </symbol>
      <symbol id="sm-7b3">
         <name>__mpu_init</name>
         <value>0x0</value>
      </symbol>
      <symbol id="sm-7b4">
         <name>_system_post_cinit</name>
         <value>0x0</value>
      </symbol>
      <symbol id="sm-7b5">
         <name>NMI_Handler</name>
         <value>0x300d</value>
      </symbol>
      <symbol id="sm-7b6">
         <name>HardFault_Handler</name>
         <value>0x300d</value>
      </symbol>
      <symbol id="sm-7b7">
         <name>MemManage_Handler</name>
         <value>0x300d</value>
      </symbol>
      <symbol id="sm-7b8">
         <name>BusFault_Handler</name>
         <value>0x300d</value>
      </symbol>
      <symbol id="sm-7b9">
         <name>UsageFault_Handler</name>
         <value>0x300d</value>
      </symbol>
      <symbol id="sm-7ba">
         <name>SVC_Handler</name>
         <value>0x300d</value>
      </symbol>
      <symbol id="sm-7bb">
         <name>DebugMon_Handler</name>
         <value>0x300d</value>
      </symbol>
      <symbol id="sm-7bc">
         <name>PendSV_Handler</name>
         <value>0x300d</value>
      </symbol>
      <symbol id="sm-7bd">
         <name>SysTick_Handler</name>
         <value>0x10cd</value>
      </symbol>
      <symbol id="sm-7be">
         <name>PSS_IRQHandler</name>
         <value>0x300d</value>
      </symbol>
      <symbol id="sm-7bf">
         <name>CS_IRQHandler</name>
         <value>0x300d</value>
      </symbol>
      <symbol id="sm-7c0">
         <name>PCM_IRQHandler</name>
         <value>0x300d</value>
      </symbol>
      <symbol id="sm-7c1">
         <name>WDT_A_IRQHandler</name>
         <value>0x300d</value>
      </symbol>
      <symbol id="sm-7c2">
         <name>FPU_IRQHandler</name>
         <value>0x300d</value>
      </symbol>
      <symbol id="sm-7c3">
         <name>FLCTL_IRQHandler</name>
         <value>0x300d</value>
      </symbol>
      <symbol id="sm-7c4">
         <name>COMP_E0_IRQHandler</name>
         <value>0x300d</value>
      </symbol>
      <symbol id="sm-7c5">
         <name>COMP_E1_IRQHandler</name>
         <value>0x300d</value>
      </symbol>
      <symbol id="sm-7c6">
         <name>TA0_0_IRQHandler</name>
         <value>0x2557</value>
      </symbol>
      <symbol id="sm-7c7">
         <name>TA0_N_IRQHandler</name>
         <value>0x300d</value>
      </symbol>
      <symbol id="sm-7c8">
         <name>TA1_0_IRQHandler</name>
         <value>0x25fb</value>
      </symbol>
      <symbol id="sm-7c9">
         <name>TA1_N_IRQHandler</name>
         <value>0x300d</value>
      </symbol>
      <symbol id="sm-7ca">
         <name>TA2_0_IRQHandler</name>
         <value>0x300d</value>
      </symbol>
      <symbol id="sm-7cb">
         <name>TA2_N_IRQHandler</name>
         <value>0x300d</value>
      </symbol>
      <symbol id="sm-7cc">
         <name>TA3_0_IRQHandler</name>
         <value>0x1961</value>
      </symbol>
      <symbol id="sm-7cd">
         <name>TA3_N_IRQHandler</name>
         <value>0x197b</value>
      </symbol>
      <symbol id="sm-7ce">
         <name>EUSCIA0_IRQHandler</name>
         <value>0x300d</value>
      </symbol>
      <symbol id="sm-7cf">
         <name>EUSCIA1_IRQHandler</name>
         <value>0x300d</value>
      </symbol>
      <symbol id="sm-7d0">
         <name>EUSCIA2_IRQHandler</name>
         <value>0x300d</value>
      </symbol>
      <symbol id="sm-7d1">
         <name>EUSCIA3_IRQHandler</name>
         <value>0x300d</value>
      </symbol>
      <symbol id="sm-7d2">
         <name>EUSCIB0_IRQHandler</name>
         <value>0x300d</value>
      </symbol>
      <symbol id="sm-7d3">
         <name>EUSCIB1_IRQHandler</name>
         <value>0x300d</value>
      </symbol>
      <symbol id="sm-7d4">
         <name>EUSCIB2_IRQHandler</name>
         <value>0x300d</value>
      </symbol>
      <symbol id="sm-7d5">
         <name>EUSCIB3_IRQHandler</name>
         <value>0x300d</value>
      </symbol>
      <symbol id="sm-7d6">
         <name>ADC14_IRQHandler</name>
         <value>0x300d</value>
      </symbol>
      <symbol id="sm-7d7">
         <name>T32_INT1_IRQHandler</name>
         <value>0x300d</value>
      </symbol>
      <symbol id="sm-7d8">
         <name>T32_INT2_IRQHandler</name>
         <value>0x300d</value>
      </symbol>
      <symbol id="sm-7d9">
         <name>T32_INTC_IRQHandler</name>
         <value>0x300d</value>
      </symbol>
      <symbol id="sm-7da">
         <name>AES256_IRQHandler</name>
         <value>0x300d</value>
      </symbol>
      <symbol id="sm-7db">
         <name>RTC_C_IRQHandler</name>
         <value>0x300d</value>
      </symbol>
      <symbol id="sm-7dc">
         <name>DMA_ERR_IRQHandler</name>
         <value>0x300d</value>
      </symbol>
      <symbol id="sm-7dd">
         <name>DMA_INT3_IRQHandler</name>
         <value>0x300d</value>
      </symbol>
      <symbol id="sm-7de">
         <name>DMA_INT2_IRQHandler</name>
         <value>0x300d</value>
      </symbol>
      <symbol id="sm-7df">
         <name>DMA_INT1_IRQHandler</name>
         <value>0x300d</value>
      </symbol>
      <symbol id="sm-7e0">
         <name>DMA_INT0_IRQHandler</name>
         <value>0x300d</value>
      </symbol>
      <symbol id="sm-7e1">
         <name>PORT1_IRQHandler</name>
         <value>0x300d</value>
      </symbol>
      <symbol id="sm-7e2">
         <name>PORT2_IRQHandler</name>
         <value>0x300d</value>
      </symbol>
      <symbol id="sm-7e3">
         <name>PORT3_IRQHandler</name>
         <value>0x300d</value>
      </symbol>
      <symbol id="sm-7e4">
         <name>PORT4_IRQHandler</name>
         <value>0x1e45</value>
      </symbol>
      <symbol id="sm-7e5">
         <name>PORT5_IRQHandler</name>
         <value>0x300d</value>
      </symbol>
      <symbol id="sm-7e6">
         <name>PORT6_IRQHandler</name>
         <value>0xc3d</value>
      </symbol>
      <symbol id="sm-7e7">
         <name>remove</name>
         <value>0x2ec5</value>
      </symbol>
   </symbol_table>
   <title>Link successful</title>
</link_info>
