******************************************************************************
                  TI ARM Linker PC v20.2.7                     
******************************************************************************
>> Linked Tue Apr 23 12:45:00 2024

OUTPUT FILE NAME:   <Final Race.out>
ENTRY POINT SYMBOL: "_c_int00_noargs"  address: 00002f89


MEMORY CONFIGURATION

         name            origin    length      used     unused   attr    fill
----------------------  --------  ---------  --------  --------  ----  --------
  MAIN                  00000000   00040000  0000323a  0003cdc6  R  X
  INFO                  00200000   00004000  00000000  00004000  R  X
  SRAM_CODE             01000000   00010000  00000a95  0000f56b  RW X
  SRAM_DATA             20000000   00010000  00000a95  0000f56b  RW  


SEGMENT ALLOCATION MAP

run origin  load origin   length   init length attrs members
----------  ----------- ---------- ----------- ----- -------
00000000    00000000    00003240   00003240    r-x
  00000000    00000000    000000e4   000000e4    r-- .intvecs
  000000e4    000000e4    00003096   00003096    r-x .text
  00003180    00003180    000000c0   000000c0    r-- .cinit
20000000    20000000    00000898   00000000    rw-
  20000000    20000000    00000400   00000000    rw- .sysmem
  20000400    20000400    00000249   00000000    rw- .bss
  2000064c    2000064c    0000024c   00000000    rw- .data
2000fe00    2000fe00    00000200   00000000    rw-
  2000fe00    2000fe00    00000200   00000000    rw- .stack


SECTION ALLOCATION MAP

 output                                  attributes/
section   page    origin      length       input sections
--------  ----  ----------  ----------   ----------------
.intvecs   0    00000000    000000e4     
                  00000000    000000e4     startup_msp432p401r_ccs.obj (.intvecs:retain)

.text      0    000000e4    00003096     
                  000000e4    000006d0     UART0.obj (.text)
                  000007b4    0000051c     opt3101.obj (.text)
                  00000cd0    000003a4     I2CB1.obj (.text)
                  00001074    00000334     system_msp432p401r.obj (.text)
                  000013a8    00000308     main.obj (.text)
                  000016b0    00000270     Reflectance.obj (.text)
                  00001920    000001e0     Clock.obj (.text)
                  00001b00    000001d4     TA3InputCapture.obj (.text)
                  00001cd4    000001b0     Motor.obj (.text)
                  00001e84    0000013c     Tachometer.obj (.text)
                  00001fc0    00000130     Bump.obj (.text)
                  000020f0    00000110     rtsv7M4_T_le_v4SPD16_eabi.lib : fopen.c.obj (.text:_openfile)
                  00002200    00000100                                   : memory.c.obj (.text:aligned_alloc)
                  00002300    000000e4                                   : memory.c.obj (.text:free)
                  000023e4    000000dc                                   : setvbuf.c.obj (.text:setvbuf)
                  000024c0    000000bc                                   : open.c.obj (.text:open)
                  0000257c    000000b8                                   : add_device.c.obj (.text:add_device)
                  00002634    000000ac     PWM.obj (.text)
                  000026e0    000000ac     TimerA0.obj (.text)
                  0000278c    0000009c     rtsv7M4_T_le_v4SPD16_eabi.lib : fopen.c.obj (.text:fopen)
                  00002828    0000009c                                   : memcpy_t2.asm.obj (.text)
                  000028c4    0000007a                                   : memset_t2.asm.obj (.text)
                  0000293e    00000002                                   : _lock.c.obj (.text:_nop)
                  00002940    00000074                                   : fclose.c.obj (.text:__TI_closefile)
                  000029b4    00000070                                   : memory.c.obj (.text:split)
                  00002a24    0000006c                                   : hostrename.c.obj (.text:HOSTrename)
                  00002a90    00000068                                   : hostlseek.c.obj (.text:HOSTlseek)
                  00002af8    00000068                                   : copy_decompress_lzss.c.obj (.text:decompress:lzss:__TI_decompress_lzss)
                  00002b60    00000060                                   : hostopen.c.obj (.text:HOSTopen)
                  00002bc0    0000005c                                   : close.c.obj (.text:close)
                  00002c1c    00000058                                   : hostread.c.obj (.text:HOSTread)
                  00002c74    00000058                                   : hostwrite.c.obj (.text:HOSTwrite)
                  00002ccc    0000004c                                   : fflush.c.obj (.text:__TI_doflush)
                  00002d18    00000048                                   : exit.c.obj (.text:exit)
                  00002d60    00000044                                   : hostclose.c.obj (.text:HOSTclose)
                  00002da4    00000044                                   : hostunlink.c.obj (.text:HOSTunlink)
                  00002de8    00000044                                   : autoinit.c.obj (.text:__TI_auto_init_nobinit_nopinit:__TI_auto_init_nobinit_nopinit)
                  00002e2c    00000044                                   : getdevice.c.obj (.text:getdevice)
                  00002e70    00000040     SysTickInts.obj (.text)
                  00002eb0    00000038     rtsv7M4_T_le_v4SPD16_eabi.lib : trgmsg.c.obj (.text:__TI_writemsg)
                  00002ee8    00000036                                   : strncpy.c.obj (.text:strncpy)
                  00002f1e    00000002     --HOLE-- [fill = 0]
                  00002f20    00000034                                   : fopen.c.obj (.text:__TI_cleanup)
                  00002f54    00000034                                   : trgmsg.c.obj (.text:__TI_readmsg)
                  00002f88    00000034                                   : boot_cortex_m.c.obj (.text:_c_int00_noargs:_c_int00_noargs)
                  00002fbc    00000034                                   : fopen.c.obj (.text:freopen)
                  00002ff0    00000030                                   : getdevice.c.obj (.text:finddevice)
                  00003020    0000002c                                   : unlink.c.obj (.text:unlink)
                  0000304c    00000028                                   : memory.c.obj (.text:free_list_insert)
                  00003074    00000028                                   : write.c.obj (.text:write)
                  0000309c    00000024     CortexM.obj (.text)
                  000030c0    0000001c     rtsv7M4_T_le_v4SPD16_eabi.lib : copy_zero_init.c.obj (.text:decompress:ZI:__TI_zero_init_nomemset:__TI_zero_init_nomemset)
                  000030dc    0000001c                                   : memory.c.obj (.text:free_list_remove)
                  000030f8    00000018                                   : strcmp.c.obj (.text:strcmp)
                  00003110    00000016                                   : strchr.c.obj (.text:strchr)
                  00003126    00000014                                   : strcpy.c.obj (.text:strcpy)
                  0000313a    00000014                                   : strlen.c.obj (.text:strlen)
                  0000314e    0000000e                                   : copy_decompress_none.c.obj (.text:decompress:none:__TI_decompress_none)
                  0000315c    0000000e     startup_msp432p401r_ccs.obj (.text)
                  0000316a    00000008     rtsv7M4_T_le_v4SPD16_eabi.lib : memory.c.obj (.text:malloc)
                  00003172    00000004                                   : pre_init.c.obj (.text:_system_pre_init)
                  00003176    00000004                                   : exit.c.obj (.text:abort:abort)

.cinit     0    00003180    000000c0     
                  00003180    00000097     (.cinit..data.load) [load image, compression = lzss]
                  00003217    00000001     --HOLE-- [fill = 0]
                  00003218    0000000c     (__TI_handler_table)
                  00003224    00000004     --HOLE-- [fill = 0]
                  00003228    00000008     (.cinit..bss.load) [load image, compression = zero_init]
                  00003230    00000010     (__TI_cinit_table)

.init_array 
*          0    00000000    00000000     UNINITIALIZED

.binit     0    00000000    00000000     

.sysmem    0    20000000    00000400     UNINITIALIZED
                  20000000    00000010     rtsv7M4_T_le_v4SPD16_eabi.lib : memory.c.obj (.sysmem)
                  20000010    000003f0     --HOLE--

.bss       0    20000400    00000249     UNINITIALIZED
                  20000400    00000120     rtsv7M4_T_le_v4SPD16_eabi.lib : trgmsg.c.obj (.bss:_CIOBUF_)
                  20000520    000000a0     (.common:__TI_tmpnams)
                  200005c0    0000000c     (.common:Amplitudes)
                  200005cc    0000000c     (.common:ChannelCount)
                  200005d8    0000000c     (.common:Distances)
                  200005e4    00000008     opt3101.obj (.bss)
                  200005ec    00000008     (.common:Messageb)
                  200005f4    00000008     (.common:parmbuf)
                  200005fc    00000004     (.common:DistAdjustment)
                  20000600    00000004     (.common:DistError)
                  20000604    00000004     (.common:ISRLast)
                  20000608    00000004     (.common:ISRPeriod)
                  2000060c    00000004     (.common:ISRTime)
                  20000610    00000004     (.common:Messageindexb)
                  20000614    00000004     (.common:PTxChan)
                  20000618    00000004     (.common:Pamplitudes)
                  2000061c    00000004     (.common:Pdistances)
                  20000620    00000004     (.common:StartTime)
                  20000624    00000004     (.common:TempDL)
                  20000628    00000004     (.common:TempDR)
                  2000062c    00000004     (.common:TimeToConvert)
                  20000630    00000004     (.common:TimerA0Task)
                  20000634    00000004     (.common:TxChannel)
                  20000638    00000004     (.common:UL)
                  2000063c    00000004     (.common:UR)
                  20000640    00000002     (.common:Tachometer_FirstLeftTime)
                  20000642    00000002     (.common:Tachometer_FirstRightTime)
                  20000644    00000002     (.common:Tachometer_SecondLeftTime)
                  20000646    00000002     (.common:Tachometer_SecondRightTime)
                  20000648    00000001     (.common:status)

.data      0    2000064c    0000024c     UNINITIALIZED
                  2000064c    000000f0     rtsv7M4_T_le_v4SPD16_eabi.lib : defs.c.obj (.data:_ftable)
                  2000073c    00000078                                   : host_device.c.obj (.data:_device)
                  200007b4    00000050                                   : host_device.c.obj (.data:_stream)
                  20000804    00000025     main.obj (.data)
                  20000829    00000003     --HOLE--
                  2000082c    00000018     Clock.obj (.data)
                  20000844    00000010     rtsv7M4_T_le_v4SPD16_eabi.lib : defs.c.obj (.data)
                  20000854    0000000c                                   : exit.c.obj (.data:$O1$$)
                  20000860    0000000c     TA3InputCapture.obj (.data)
                  2000086c    0000000a     Tachometer.obj (.data)
                  20000876    00000002     --HOLE--
                  20000878    00000008     rtsv7M4_T_le_v4SPD16_eabi.lib : _lock.c.obj (.data:$O1$$)
                  20000880    00000008                                   : memory.c.obj (.data:$O1$$)
                  20000888    00000004                                   : add_device.c.obj (.data)
                  2000088c    00000004                                   : fopen.c.obj (.data)
                  20000890    00000004                                   : open.c.obj (.data)
                  20000894    00000004     system_msp432p401r.obj (.data)

.stack     0    2000fe00    00000200     UNINITIALIZED
                  2000fe00    00000004     rtsv7M4_T_le_v4SPD16_eabi.lib : boot_cortex_m.c.obj (.stack)
                  2000fe04    000001fc     --HOLE--

__llvm_prf_cnts 
*          0    20000000    00000000     UNINITIALIZED

MODULE SUMMARY

       Module                        code    ro data   rw data
       ------                        ----    -------   -------
    .\
       UART0.obj                     1744    0         24     
       opt3101.obj                   1308    0         88     
       main.obj                      776     0         194    
       I2CB1.obj                     932     0         0      
       system_msp432p401r.obj        820     0         8      
       Reflectance.obj               624     0         0      
       Clock.obj                     480     0         48     
       TA3InputCapture.obj           468     0         24     
       Motor.obj                     432     0         0      
       Tachometer.obj                316     0         36     
       Bump.obj                      304     0         2      
       startup_msp432p401r_ccs.obj   14      228       0      
       TimerA0.obj                   172     0         8      
       PWM.obj                       172     0         0      
       SysTickInts.obj               64      0         0      
       CortexM.obj                   36      0         0      
    +--+-----------------------------+-------+---------+---------+
       Total:                        8662    228       432    
                                                              
    C:\ti\ccs1260\ccs\tools\compiler\ti-cgt-arm_20.2.7.LTS\lib\rtsv7M4_T_le_v4SPD16_eabi.lib
       defs.c.obj                    0       0         832    
       memory.c.obj                  672     0         16     
       trgmsg.c.obj                  108     0         576    
       fopen.c.obj                   532     0         8      
       host_device.c.obj             0       0         400    
       setvbuf.c.obj                 220     0         0      
       open.c.obj                    188     0         8      
       add_device.c.obj              184     0         8      
       memcpy_t2.asm.obj             156     0         0      
       memset_t2.asm.obj             122     0         0      
       fclose.c.obj                  116     0         0      
       getdevice.c.obj               116     0         0      
       hostopen.c.obj                96      0         16     
       hostrename.c.obj              108     0         0      
       copy_decompress_lzss.c.obj    104     0         0      
       hostlseek.c.obj               104     0         0      
       exit.c.obj                    76      0         24     
       close.c.obj                   92      0         0      
       hostread.c.obj                88      0         0      
       hostwrite.c.obj               88      0         0      
       fflush.c.obj                  76      0         0      
       autoinit.c.obj                68      0         0      
       hostclose.c.obj               68      0         0      
       hostunlink.c.obj              68      0         0      
       strncpy.c.obj                 54      0         0      
       boot_cortex_m.c.obj           52      0         0      
       unlink.c.obj                  44      0         0      
       write.c.obj                   40      0         0      
       copy_zero_init.c.obj          28      0         0      
       strcmp.c.obj                  24      0         0      
       strchr.c.obj                  22      0         0      
       strcpy.c.obj                  20      0         0      
       strlen.c.obj                  20      0         0      
       _lock.c.obj                   2       0         16     
       copy_decompress_none.c.obj    14      0         0      
       pre_init.c.obj                4       0         0      
    +--+-----------------------------+-------+---------+---------+
       Total:                        3774    0         1904   
                                                              
       Heap:                         0       0         2048   
       Stack:                        0       0         1024   
       Linker Generated:             0       187       0      
    +--+-----------------------------+-------+---------+---------+
       Grand Total:                  12436   415       5408   


LINKER GENERATED COPY TABLES

__TI_cinit_table @ 00003230 records: 2, size/record: 8, table size: 16
	.data: load addr=00003180, load size=00000097 bytes, run addr=2000064c, run size=0000024c bytes, compression=lzss
	.bss: load addr=00003228, load size=00000008 bytes, run addr=20000400, run size=00000249 bytes, compression=zero_init


LINKER GENERATED HANDLER TABLE

__TI_handler_table @ 00003218 records: 3, size/record: 4, table size: 12
	index: 0, handler: __TI_decompress_lzss
	index: 1, handler: __TI_decompress_none
	index: 2, handler: __TI_zero_init


GLOBAL SYMBOLS: SORTED ALPHABETICALLY BY Name 

address   name                              
-------   ----                              
00003169  ADC14_IRQHandler                  
00003169  AES256_IRQHandler                 
200005c0  Amplitudes                        
00001fed  Bump_Init                         
00002079  Bump_Read                         
00003169  BusFault_Handler                  
00003177  C$$EXIT                           
00002edf  C$$IO$$                           
00003169  COMP_E0_IRQHandler                
00003169  COMP_E1_IRQHandler                
20000834  CPMwait                           
00003169  CS_IRQHandler                     
20000860  CaptureTask0                      
20000864  CaptureTask1                      
20000868  CaptureTask2                      
200005cc  ChannelCount                      
2000082c  ClockFrequency                    
00001a75  Clock_Delay1ms                    
00001a4b  Clock_Delay1us                    
00001a37  Clock_GetFreq                     
00001921  Clock_Init48MHz                   
20000840  Crystalstable                     
00003169  DMA_ERR_IRQHandler                
00003169  DMA_INT0_IRQHandler               
00003169  DMA_INT1_IRQHandler               
00003169  DMA_INT2_IRQHandler               
00003169  DMA_INT3_IRQHandler               
00003169  DebugMon_Handler                  
00003169  Default_Handler                   
0000309d  DisableInterrupts                 
200005fc  DistAdjustment                    
20000600  DistError                         
2000081c  DistReference                     
200005d8  Distances                         
00003169  EUSCIA0_IRQHandler                
00003169  EUSCIA1_IRQHandler                
00003169  EUSCIA2_IRQHandler                
00003169  EUSCIA3_IRQHandler                
00003169  EUSCIB0_IRQHandler                
00003169  EUSCIB1_IRQHandler                
00003169  EUSCIB2_IRQHandler                
00003169  EUSCIB3_IRQHandler                
000030a3  EnableInterrupts                  
000030b3  EndCritical                       
00003169  FLCTL_IRQHandler                  
00003169  FPU_IRQHandler                    
00002d61  HOSTclose                         
00002a91  HOSTlseek                         
00002b61  HOSTopen                          
00002c1d  HOSTread                          
00002a25  HOSTrename                        
00002da5  HOSTunlink                        
00002c75  HOSTwrite                         
00003169  HardFault_Handler                 
00000cd1  I2CB1_Init                        
00000d97  I2CB1_Recv                        
00000feb  I2CB1_Recv1                       
00000d1f  I2CB1_Send                        
00000e13  I2CB1_Send1                       
00000e6f  I2CB1_Send2                       
00000edf  I2CB1_Send3                       
00000f5d  I2CB1_Send4                       
2000083c  IFlags                            
20000604  ISRLast                           
20000608  ISRPeriod                         
2000060c  ISRTime                           
20000818  Kd                                
20000810  Ki                                
20000814  Kp                                
20000808  MainCount                         
00003169  MemManage_Handler                 
200005ec  Messageb                          
20000610  Messageindexb                     
00001e1d  Motor_Backward                    
00001d71  Motor_Forward                     
00001cd5  Motor_Init                        
00001ddd  Motor_Left                        
00001d9d  Motor_Right                       
00001d45  Motor_Stop                        
00003169  NMI_Handler                       
00000be7  OPT3101_ArmInterrupts             
000009a7  OPT3101_CalibrateInternalCrosstalk
00000b4d  OPT3101_CheckDistanceSensor       
00000b19  OPT3101_GetAmplitude              
00000b37  OPT3101_GetDistanceMillimeters    
00000b65  OPT3101_GetMeasurement            
00000b2d  OPT3101_GetPhase                  
00000b0f  OPT3101_GetTxChannel              
0000081f  OPT3101_Init                      
00000aef  OPT3101_MeasurementError          
00000ad7  OPT3101_ReadMeasurement           
000007b5  OPT3101_ReadRegister              
0000087d  OPT3101_Setup                     
00000a89  OPT3101_StartMeasurement          
00000a97  OPT3101_StartMeasurementChannel   
000007e5  OPT3101_WriteRegister             
00003169  PCM_IRQHandler                    
00003169  PORT1_IRQHandler                  
00003169  PORT2_IRQHandler                  
00003169  PORT3_IRQHandler                  
00002083  PORT4_IRQHandler                  
00002083  PORT4_IRQHandler                  
00003169  PORT5_IRQHandler                  
00000c3d  PORT6_IRQHandler                  
00000c3d  PORT6_IRQHandler                  
00003169  PSS_IRQHandler                    
20000614  PTxChan                           
00002697  PWM_Duty                          
00002635  PWM_Init                          
20000618  Pamplitudes                       
2000061c  Pdistances                        
00003169  PendSV_Handler                    
20000838  Postwait                          
20000830  Prewait                           
00003169  RTC_C_IRQHandler                  
00001767  Reflectance_End                   
000016b1  Reflectance_Init                  
0000172b  Reflectance_Start                 
0000315d  Reset_Handler                     
20000824  RightDuty                         
00003169  SVC_Handler                       
000030a9  StartCritical                     
20000620  StartTime                         
00001401  SysTick_Handler                   
00001401  SysTick_Handler                   
00002e71  SysTick_Init                      
20000894  SystemCoreClock                   
00001075  SystemCoreClockUpdate             
000012ed  SystemInit                        
00003169  T32_INT1_IRQHandler               
00003169  T32_INT2_IRQHandler               
00003169  T32_INTC_IRQHandler               
0000275b  TA0_0_IRQHandler                  
0000275b  TA0_0_IRQHandler                  
00003169  TA0_N_IRQHandler                  
00003169  TA1_0_IRQHandler                  
00003169  TA1_N_IRQHandler                  
00003169  TA2_0_IRQHandler                  
00003169  TA2_N_IRQHandler                  
00001b8d  TA3_0_IRQHandler                  
00001b8d  TA3_0_IRQHandler                  
00001ba7  TA3_N_IRQHandler                  
00001ba7  TA3_N_IRQHandler                  
20000640  Tachometer_FirstLeftTime          
20000642  Tachometer_FirstRightTime         
00001f3b  Tachometer_Get                    
00001f11  Tachometer_Init                   
20000875  Tachometer_LeftDir                
20000870  Tachometer_LeftSteps              
20000874  Tachometer_RightDir               
2000086c  Tachometer_RightSteps             
20000644  Tachometer_SecondLeftTime         
20000646  Tachometer_SecondRightTime        
20000624  TempDL                            
20000628  TempDR                            
20000820  TempD_Error                       
2000062c  TimeToConvert                     
20000630  TimerA0Task                       
000026e1  TimerA0_Init                      
00002745  TimerA0_Stop                      
00001b0d  TimerA3Capture_Init01             
00001be7  TimerA3Capture_Init02             
20000634  TxChannel                         
0000012d  UART0_InChar                      
000005d5  UART0_InString                    
00000177  UART0_InUDec                      
00000489  UART0_InUHex                      
000000e5  UART0_Init                        
00000727  UART0_Initprintf                  
0000013d  UART0_OutChar                     
0000022b  UART0_OutSDec                     
00000159  UART0_OutString                   
000001fb  UART0_OutUDec                     
0000039d  UART0_OutUDec4                    
000003e5  UART0_OutUDec5                    
00000417  UART0_OutUFix1                    
0000043f  UART0_OutUFix2                    
0000054d  UART0_OutUHex                     
000005b9  UART0_OutUHex2                    
20000638  UL                                
2000063c  UR                                
000013db  UartClear                         
000013a9  UartSetCur                        
00003169  UsageFault_Handler                
4000480c  WDTCTL_SYM                        
00003169  WDT_A_IRQHandler                  
000030bb  WaitForInterrupt                  
20000400  __CIOBUF_                         
20010000  __STACK_END                       
00000200  __STACK_SIZE                      
00000400  __SYSMEM_SIZE                     
00003230  __TI_CINIT_Base                   
00003240  __TI_CINIT_Limit                  
00003218  __TI_Handler_Table_Base           
00003224  __TI_Handler_Table_Limit          
00002de9  __TI_auto_init_nobinit_nopinit    
00002f21  __TI_cleanup                      
20000854  __TI_cleanup_ptr                  
00002941  __TI_closefile                    
00002af9  __TI_decompress_lzss              
0000314f  __TI_decompress_none              
00002ccd  __TI_doflush                      
20000858  __TI_dtors_ptr                    
2000085c  __TI_enable_exit_profile_output   
20000844  __TI_ft_end                       
ffffffff  __TI_pprof_out_hndl               
ffffffff  __TI_prof_data_size               
ffffffff  __TI_prof_data_start              
00002f55  __TI_readmsg                      
00000000  __TI_static_base__                
20000520  __TI_tmpnams                      
00002eb1  __TI_writemsg                     
000030c1  __TI_zero_init_nomemset           
000028c5  __aeabi_memclr                    
000028c5  __aeabi_memclr4                   
000028c5  __aeabi_memclr8                   
00002829  __aeabi_memcpy                    
00002829  __aeabi_memcpy4                   
00002829  __aeabi_memcpy8                   
000028c7  __aeabi_memset                    
000028c7  __aeabi_memset4                   
000028c7  __aeabi_memset8                   
20000850  __aeabi_stderr                    
20000848  __aeabi_stdin                     
2000084c  __aeabi_stdout                    
ffffffff  __binit__                         
ffffffff  __c_args__                        
UNDEFED   __mpu_init                        
2000fe00  __stack                           
20000000  __start___llvm_prf_cnts           
20000000  __stop___llvm_prf_cnts            
00002f89  _c_int00_noargs                   
2000073c  _device                           
2000064c  _ftable                           
20000878  _lock                             
0000293f  _nop                              
200007b4  _stream                           
20000000  _sys_memory                       
UNDEFED   _system_post_cinit                
00003173  _system_pre_init                  
2000087c  _unlock                           
00003177  abort                             
0000257d  add_device                        
00002201  aligned_alloc                     
ffffffff  binit                             
20000804  channel                           
00002bc1  close                             
00001791  decision                          
00001a3d  delay                             
00002d19  exit                              
0000065b  ferror                            
00000641  fgetc                             
00002ff1  finddevice                        
0000278d  fopen                             
00002301  free                              
00002fbd  freopen                           
00002e2d  getdevice                         
2000080c  goal_distance                     
00000000  interruptVectors                  
000015a9  main                              
0000316b  malloc                            
00002201  memalign                          
00002829  memcpy                            
000028cd  memset                            
000024c1  open                              
00000591  outnibble                         
200005f4  parmbuf                           
000013e5  pollDistanceSensor                
00003021  remove                            
20000828  semaphore                         
000023e5  setvbuf                           
20000648  status                            
00003111  strchr                            
000030f9  strcmp                            
00003127  strcpy                            
0000313b  strlen                            
00002ee9  strncpy                           
00001b01  ta3dummy                          
00001ecb  tachometerLeftInt                 
00001e85  tachometerRightInt                
0000067f  uart_close                        
000006fd  uart_lseek                        
0000066f  uart_open                         
0000068b  uart_read                         
00000719  uart_rename                       
0000070d  uart_unlink                       
000006bb  uart_write                        
00003021  unlink                            
00003075  write                             


GLOBAL SYMBOLS: SORTED BY Symbol Address 

address   name                              
-------   ----                              
00000000  __TI_static_base__                
00000000  interruptVectors                  
000000e5  UART0_Init                        
0000012d  UART0_InChar                      
0000013d  UART0_OutChar                     
00000159  UART0_OutString                   
00000177  UART0_InUDec                      
000001fb  UART0_OutUDec                     
00000200  __STACK_SIZE                      
0000022b  UART0_OutSDec                     
0000039d  UART0_OutUDec4                    
000003e5  UART0_OutUDec5                    
00000400  __SYSMEM_SIZE                     
00000417  UART0_OutUFix1                    
0000043f  UART0_OutUFix2                    
00000489  UART0_InUHex                      
0000054d  UART0_OutUHex                     
00000591  outnibble                         
000005b9  UART0_OutUHex2                    
000005d5  UART0_InString                    
00000641  fgetc                             
0000065b  ferror                            
0000066f  uart_open                         
0000067f  uart_close                        
0000068b  uart_read                         
000006bb  uart_write                        
000006fd  uart_lseek                        
0000070d  uart_unlink                       
00000719  uart_rename                       
00000727  UART0_Initprintf                  
000007b5  OPT3101_ReadRegister              
000007e5  OPT3101_WriteRegister             
0000081f  OPT3101_Init                      
0000087d  OPT3101_Setup                     
000009a7  OPT3101_CalibrateInternalCrosstalk
00000a89  OPT3101_StartMeasurement          
00000a97  OPT3101_StartMeasurementChannel   
00000ad7  OPT3101_ReadMeasurement           
00000aef  OPT3101_MeasurementError          
00000b0f  OPT3101_GetTxChannel              
00000b19  OPT3101_GetAmplitude              
00000b2d  OPT3101_GetPhase                  
00000b37  OPT3101_GetDistanceMillimeters    
00000b4d  OPT3101_CheckDistanceSensor       
00000b65  OPT3101_GetMeasurement            
00000be7  OPT3101_ArmInterrupts             
00000c3d  PORT6_IRQHandler                  
00000c3d  PORT6_IRQHandler                  
00000cd1  I2CB1_Init                        
00000d1f  I2CB1_Send                        
00000d97  I2CB1_Recv                        
00000e13  I2CB1_Send1                       
00000e6f  I2CB1_Send2                       
00000edf  I2CB1_Send3                       
00000f5d  I2CB1_Send4                       
00000feb  I2CB1_Recv1                       
00001075  SystemCoreClockUpdate             
000012ed  SystemInit                        
000013a9  UartSetCur                        
000013db  UartClear                         
000013e5  pollDistanceSensor                
00001401  SysTick_Handler                   
00001401  SysTick_Handler                   
000015a9  main                              
000016b1  Reflectance_Init                  
0000172b  Reflectance_Start                 
00001767  Reflectance_End                   
00001791  decision                          
00001921  Clock_Init48MHz                   
00001a37  Clock_GetFreq                     
00001a3d  delay                             
00001a4b  Clock_Delay1us                    
00001a75  Clock_Delay1ms                    
00001b01  ta3dummy                          
00001b0d  TimerA3Capture_Init01             
00001b8d  TA3_0_IRQHandler                  
00001b8d  TA3_0_IRQHandler                  
00001ba7  TA3_N_IRQHandler                  
00001ba7  TA3_N_IRQHandler                  
00001be7  TimerA3Capture_Init02             
00001cd5  Motor_Init                        
00001d45  Motor_Stop                        
00001d71  Motor_Forward                     
00001d9d  Motor_Right                       
00001ddd  Motor_Left                        
00001e1d  Motor_Backward                    
00001e85  tachometerRightInt                
00001ecb  tachometerLeftInt                 
00001f11  Tachometer_Init                   
00001f3b  Tachometer_Get                    
00001fed  Bump_Init                         
00002079  Bump_Read                         
00002083  PORT4_IRQHandler                  
00002083  PORT4_IRQHandler                  
00002201  aligned_alloc                     
00002201  memalign                          
00002301  free                              
000023e5  setvbuf                           
000024c1  open                              
0000257d  add_device                        
00002635  PWM_Init                          
00002697  PWM_Duty                          
000026e1  TimerA0_Init                      
00002745  TimerA0_Stop                      
0000275b  TA0_0_IRQHandler                  
0000275b  TA0_0_IRQHandler                  
0000278d  fopen                             
00002829  __aeabi_memcpy                    
00002829  __aeabi_memcpy4                   
00002829  __aeabi_memcpy8                   
00002829  memcpy                            
000028c5  __aeabi_memclr                    
000028c5  __aeabi_memclr4                   
000028c5  __aeabi_memclr8                   
000028c7  __aeabi_memset                    
000028c7  __aeabi_memset4                   
000028c7  __aeabi_memset8                   
000028cd  memset                            
0000293f  _nop                              
00002941  __TI_closefile                    
00002a25  HOSTrename                        
00002a91  HOSTlseek                         
00002af9  __TI_decompress_lzss              
00002b61  HOSTopen                          
00002bc1  close                             
00002c1d  HOSTread                          
00002c75  HOSTwrite                         
00002ccd  __TI_doflush                      
00002d19  exit                              
00002d61  HOSTclose                         
00002da5  HOSTunlink                        
00002de9  __TI_auto_init_nobinit_nopinit    
00002e2d  getdevice                         
00002e71  SysTick_Init                      
00002eb1  __TI_writemsg                     
00002edf  C$$IO$$                           
00002ee9  strncpy                           
00002f21  __TI_cleanup                      
00002f55  __TI_readmsg                      
00002f89  _c_int00_noargs                   
00002fbd  freopen                           
00002ff1  finddevice                        
00003021  remove                            
00003021  unlink                            
00003075  write                             
0000309d  DisableInterrupts                 
000030a3  EnableInterrupts                  
000030a9  StartCritical                     
000030b3  EndCritical                       
000030bb  WaitForInterrupt                  
000030c1  __TI_zero_init_nomemset           
000030f9  strcmp                            
00003111  strchr                            
00003127  strcpy                            
0000313b  strlen                            
0000314f  __TI_decompress_none              
0000315d  Reset_Handler                     
00003169  ADC14_IRQHandler                  
00003169  AES256_IRQHandler                 
00003169  BusFault_Handler                  
00003169  COMP_E0_IRQHandler                
00003169  COMP_E1_IRQHandler                
00003169  CS_IRQHandler                     
00003169  DMA_ERR_IRQHandler                
00003169  DMA_INT0_IRQHandler               
00003169  DMA_INT1_IRQHandler               
00003169  DMA_INT2_IRQHandler               
00003169  DMA_INT3_IRQHandler               
00003169  DebugMon_Handler                  
00003169  Default_Handler                   
00003169  EUSCIA0_IRQHandler                
00003169  EUSCIA1_IRQHandler                
00003169  EUSCIA2_IRQHandler                
00003169  EUSCIA3_IRQHandler                
00003169  EUSCIB0_IRQHandler                
00003169  EUSCIB1_IRQHandler                
00003169  EUSCIB2_IRQHandler                
00003169  EUSCIB3_IRQHandler                
00003169  FLCTL_IRQHandler                  
00003169  FPU_IRQHandler                    
00003169  HardFault_Handler                 
00003169  MemManage_Handler                 
00003169  NMI_Handler                       
00003169  PCM_IRQHandler                    
00003169  PORT1_IRQHandler                  
00003169  PORT2_IRQHandler                  
00003169  PORT3_IRQHandler                  
00003169  PORT5_IRQHandler                  
00003169  PSS_IRQHandler                    
00003169  PendSV_Handler                    
00003169  RTC_C_IRQHandler                  
00003169  SVC_Handler                       
00003169  T32_INT1_IRQHandler               
00003169  T32_INT2_IRQHandler               
00003169  T32_INTC_IRQHandler               
00003169  TA0_N_IRQHandler                  
00003169  TA1_0_IRQHandler                  
00003169  TA1_N_IRQHandler                  
00003169  TA2_0_IRQHandler                  
00003169  TA2_N_IRQHandler                  
00003169  UsageFault_Handler                
00003169  WDT_A_IRQHandler                  
0000316b  malloc                            
00003173  _system_pre_init                  
00003177  C$$EXIT                           
00003177  abort                             
00003218  __TI_Handler_Table_Base           
00003224  __TI_Handler_Table_Limit          
00003230  __TI_CINIT_Base                   
00003240  __TI_CINIT_Limit                  
20000000  __start___llvm_prf_cnts           
20000000  __stop___llvm_prf_cnts            
20000000  _sys_memory                       
20000400  __CIOBUF_                         
20000520  __TI_tmpnams                      
200005c0  Amplitudes                        
200005cc  ChannelCount                      
200005d8  Distances                         
200005ec  Messageb                          
200005f4  parmbuf                           
200005fc  DistAdjustment                    
20000600  DistError                         
20000604  ISRLast                           
20000608  ISRPeriod                         
2000060c  ISRTime                           
20000610  Messageindexb                     
20000614  PTxChan                           
20000618  Pamplitudes                       
2000061c  Pdistances                        
20000620  StartTime                         
20000624  TempDL                            
20000628  TempDR                            
2000062c  TimeToConvert                     
20000630  TimerA0Task                       
20000634  TxChannel                         
20000638  UL                                
2000063c  UR                                
20000640  Tachometer_FirstLeftTime          
20000642  Tachometer_FirstRightTime         
20000644  Tachometer_SecondLeftTime         
20000646  Tachometer_SecondRightTime        
20000648  status                            
2000064c  _ftable                           
2000073c  _device                           
200007b4  _stream                           
20000804  channel                           
20000808  MainCount                         
2000080c  goal_distance                     
20000810  Ki                                
20000814  Kp                                
20000818  Kd                                
2000081c  DistReference                     
20000820  TempD_Error                       
20000824  RightDuty                         
20000828  semaphore                         
2000082c  ClockFrequency                    
20000830  Prewait                           
20000834  CPMwait                           
20000838  Postwait                          
2000083c  IFlags                            
20000840  Crystalstable                     
20000844  __TI_ft_end                       
20000848  __aeabi_stdin                     
2000084c  __aeabi_stdout                    
20000850  __aeabi_stderr                    
20000854  __TI_cleanup_ptr                  
20000858  __TI_dtors_ptr                    
2000085c  __TI_enable_exit_profile_output   
20000860  CaptureTask0                      
20000864  CaptureTask1                      
20000868  CaptureTask2                      
2000086c  Tachometer_RightSteps             
20000870  Tachometer_LeftSteps              
20000874  Tachometer_RightDir               
20000875  Tachometer_LeftDir                
20000878  _lock                             
2000087c  _unlock                           
20000894  SystemCoreClock                   
2000fe00  __stack                           
20010000  __STACK_END                       
4000480c  WDTCTL_SYM                        
ffffffff  __TI_pprof_out_hndl               
ffffffff  __TI_prof_data_size               
ffffffff  __TI_prof_data_start              
ffffffff  __binit__                         
ffffffff  __c_args__                        
ffffffff  binit                             
UNDEFED   __mpu_init                        
UNDEFED   _system_post_cinit                

[289 symbols]
